data/algos/generated_striver_algos.ts(14288,512): error TS1005: ',' expected.
data/algos/generated_striver_algos.ts(14288,527): error TS1005: '{' expected.
data/algos/generated_striver_algos.ts(14288,546): error TS1005: ',' expected.
data/algos/generated_striver_algos.ts(14288,639): error TS1005: ',' expected.
data/algos/generated_striver_algos.ts(14296,20): error TS1005: ',' expected.
data/algos/generated_striver_algos.ts(14296,24): error TS1005: ',' expected.
data/algos/generated_striver_algos.ts(14296,42): error TS1005: ',' expected.
data/algos/generated_striver_algos.ts(14297,9): error TS1005: ',' expected.
data/algos/generated_striver_algos.ts(14297,24): error TS1005: ',' expected.
data/algos/generated_striver_algos.ts(14298,9): error TS1137: Expression or comma expected.
data/algos/generated_striver_algos.ts(14298,13): error TS1005: ':' expected.
data/algos/generated_striver_algos.ts(14298,26): error TS1005: ',' expected.
data/algos/generated_striver_algos.ts(14299,16): error TS1005: ':' expected.
data/algos/generated_striver_algos.ts(14299,33): error TS1005: ',' expected.
data/algos/generated_striver_algos.ts(14299,36): error TS1005: ',' expected.
data/algos/generated_striver_algos.ts(14299,41): error TS1005: ',' expected.
data/algos/generated_striver_algos.ts(14299,44): error TS1005: ':' expected.
data/algos/generated_striver_algos.ts(14299,52): error TS1005: ',' expected.
data/algos/generated_striver_algos.ts(14299,61): error TS1005: ':' expected.
data/algos/generated_striver_algos.ts(14300,13): error TS1005: ',' expected.
data/algos/generated_striver_algos.ts(14300,16): error TS1005: ':' expected.
data/algos/generated_striver_algos.ts(14301,9): error TS1005: ')' expected.
data/algos/generated_striver_algos.ts(14301,16): error TS1005: ':' expected.
data/algos/generated_striver_algos.ts(14302,5): error TS1005: ',' expected.
data/algos/generated_striver_algos.ts(14302,9): error TS1005: ',' expected.
data/algos/generated_striver_algos.ts(14303,13): error TS1005: '{' expected.
data/algos/generated_striver_algos.ts(14303,15): error TS1005: ',' expected.
data/algos/generated_striver_algos.ts(14303,24): error TS1003: Identifier expected.
data/algos/generated_striver_algos.ts(14304,17): error TS1005: '{' expected.
data/algos/generated_striver_algos.ts(14304,19): error TS1005: ',' expected.
data/algos/generated_striver_algos.ts(14304,28): error TS1003: Identifier expected.
data/algos/generated_striver_algos.ts(14305,20): error TS1005: '{' expected.
data/algos/generated_striver_algos.ts(14305,25): error TS1005: ',' expected.
data/algos/generated_striver_algos.ts(14305,28): error TS1005: ':' expected.
data/algos/generated_striver_algos.ts(14305,38): error TS1005: ',' expected.
data/algos/generated_striver_algos.ts(14306,25): error TS1005: ':' expected.
data/algos/generated_striver_algos.ts(14306,41): error TS1005: ',' expected.
data/algos/generated_striver_algos.ts(14307,28): error TS1005: ':' expected.
data/algos/generated_striver_algos.ts(14307,43): error TS1005: ',' expected.
data/algos/generated_striver_algos.ts(14308,34): error TS1005: ',' expected.
data/algos/generated_striver_algos.ts(14308,37): error TS1005: ':' expected.
data/algos/generated_striver_algos.ts(14309,29): error TS1005: ',' expected.
data/algos/generated_striver_algos.ts(14309,32): error TS1005: ':' expected.
data/algos/generated_striver_algos.ts(14309,39): error TS1005: ',' expected.
data/algos/generated_striver_algos.ts(14309,48): error TS1005: ':' expected.
data/algos/generated_striver_algos.ts(14310,29): error TS1005: ',' expected.
data/algos/generated_striver_algos.ts(14310,34): error TS1005: ',' expected.
data/algos/generated_striver_algos.ts(14310,37): error TS1005: ':' expected.
data/algos/generated_striver_algos.ts(14311,21): error TS1005: ',' expected.
data/algos/generated_striver_algos.ts(14311,28): error TS1005: ':' expected.
data/algos/generated_striver_algos.ts(14312,9): error TS1005: ',' expected.
data/algos/generated_striver_algos.ts(14312,16): error TS1005: ':' expected.
data/algos/generated_striver_algos.ts(14313,5): error TS1005: ',' expected.
data/algos/generated_striver_algos.ts(14313,12): error TS1005: '{' expected.
data/algos/generated_striver_algos.ts(14317,20): error TS1005: ',' expected.
data/algos/generated_striver_algos.ts(14346,11): error TS1005: ',' expected.
data/algos/generated_striver_algos.ts(14376,7): error TS1128: Declaration or statement expected.
data/algos/generated_striver_algos.ts(14376,8): error TS1128: Declaration or statement expected.
data/algos/generated_striver_algos.ts(14377,5): error TS1128: Declaration or statement expected.
data/algos/generated_striver_algos.ts(14377,6): error TS1128: Declaration or statement expected.
data/algos/generated_striver_algos.ts(14378,3): error TS1128: Declaration or statement expected.
data/algos/generated_striver_algos.ts(14378,4): error TS1128: Declaration or statement expected.
data/algos/generated_striver_algos.ts(14381,10): error TS1005: ';' expected.
data/algos/generated_striver_algos.ts(14382,10): error TS1005: ';' expected.
data/algos/generated_striver_algos.ts(14383,13): error TS1005: ';' expected.
data/algos/generated_striver_algos.ts(14384,19): error TS1005: ';' expected.
data/algos/generated_striver_algos.ts(14385,15): error TS1005: ';' expected.
data/algos/generated_striver_algos.ts(14386,13): error TS1005: ';' expected.
data/algos/generated_striver_algos.ts(14388,17): error TS1005: ';' expected.
data/algos/generated_striver_algos.ts(14389,13): error TS1005: ';' expected.
data/algos/generated_striver_algos.ts(14394,15): error TS1005: ';' expected.
data/algos/generated_striver_algos.ts(14468,3): error TS1109: Expression expected.
data/algos/generated_striver_algos.ts(14468,4): error TS1128: Declaration or statement expected.
data/algos/generated_striver_algos.ts(14471,10): error TS1005: ';' expected.
data/algos/generated_striver_algos.ts(14472,10): error TS1005: ';' expected.
data/algos/generated_striver_algos.ts(14473,13): error TS1005: ';' expected.
data/algos/generated_striver_algos.ts(14474,19): error TS1005: ';' expected.
data/algos/generated_striver_algos.ts(14475,15): error TS1005: ';' expected.
data/algos/generated_striver_algos.ts(14476,13): error TS1005: ';' expected.
data/algos/generated_striver_algos.ts(14478,17): error TS1005: ';' expected.
data/algos/generated_striver_algos.ts(14479,13): error TS1005: ';' expected.
data/algos/generated_striver_algos.ts(14484,15): error TS1005: ';' expected.
data/algos/generated_striver_algos.ts(14535,3): error TS1109: Expression expected.
data/algos/generated_striver_algos.ts(14535,4): error TS1128: Declaration or statement expected.
data/algos/generated_striver_algos.ts(14538,10): error TS1005: ';' expected.
data/algos/generated_striver_algos.ts(14539,10): error TS1005: ';' expected.
data/algos/generated_striver_algos.ts(14540,13): error TS1005: ';' expected.
data/algos/generated_striver_algos.ts(14541,19): error TS1005: ';' expected.
data/algos/generated_striver_algos.ts(14542,15): error TS1005: ';' expected.
data/algos/generated_striver_algos.ts(14543,13): error TS1005: ';' expected.
data/algos/generated_striver_algos.ts(14545,17): error TS1005: ';' expected.
data/algos/generated_striver_algos.ts(14546,13): error TS1005: ';' expected.
data/algos/generated_striver_algos.ts(14551,15): error TS1005: ';' expected.
data/algos/generated_striver_algos.ts(14590,3): error TS1109: Expression expected.
data/algos/generated_striver_algos.ts(14590,4): error TS1128: Declaration or statement expected.
data/algos/generated_striver_algos.ts(14593,10): error TS1005: ';' expected.
data/algos/generated_striver_algos.ts(14594,10): error TS1005: ';' expected.
data/algos/generated_striver_algos.ts(14595,13): error TS1005: ';' expected.
data/algos/generated_striver_algos.ts(14596,19): error TS1005: ';' expected.
data/algos/generated_striver_algos.ts(14597,15): error TS1005: ';' expected.
data/algos/generated_striver_algos.ts(14598,13): error TS1005: ';' expected.
data/algos/generated_striver_algos.ts(14600,17): error TS1005: ';' expected.
data/algos/generated_striver_algos.ts(14601,13): error TS1005: ';' expected.
data/algos/generated_striver_algos.ts(14606,15): error TS1005: ';' expected.
data/algos/generated_striver_algos.ts(14647,3): error TS1109: Expression expected.
data/algos/generated_striver_algos.ts(14647,4): error TS1128: Declaration or statement expected.
data/algos/generated_striver_algos.ts(14650,10): error TS1005: ';' expected.
data/algos/generated_striver_algos.ts(14651,10): error TS1005: ';' expected.
data/algos/generated_striver_algos.ts(14652,13): error TS1005: ';' expected.
data/algos/generated_striver_algos.ts(14653,19): error TS1005: ';' expected.
data/algos/generated_striver_algos.ts(14654,15): error TS1005: ';' expected.
data/algos/generated_striver_algos.ts(14655,13): error TS1005: ';' expected.
data/algos/generated_striver_algos.ts(14657,17): error TS1005: ';' expected.
data/algos/generated_striver_algos.ts(14658,13): error TS1005: ';' expected.
data/algos/generated_striver_algos.ts(14663,15): error TS1005: ';' expected.
data/algos/generated_striver_algos.ts(14702,3): error TS1109: Expression expected.
data/algos/generated_striver_algos.ts(14702,4): error TS1128: Declaration or statement expected.
data/algos/generated_striver_algos.ts(14705,10): error TS1005: ';' expected.
data/algos/generated_striver_algos.ts(14706,10): error TS1005: ';' expected.
data/algos/generated_striver_algos.ts(14707,13): error TS1005: ';' expected.
data/algos/generated_striver_algos.ts(14708,19): error TS1005: ';' expected.
data/algos/generated_striver_algos.ts(14709,15): error TS1005: ';' expected.
data/algos/generated_striver_algos.ts(14710,13): error TS1005: ';' expected.
data/algos/generated_striver_algos.ts(14712,17): error TS1005: ';' expected.
data/algos/generated_striver_algos.ts(14713,13): error TS1005: ';' expected.
data/algos/generated_striver_algos.ts(14718,15): error TS1005: ';' expected.
data/algos/generated_striver_algos.ts(14757,3): error TS1109: Expression expected.
data/algos/generated_striver_algos.ts(14757,4): error TS1128: Declaration or statement expected.
data/algos/generated_striver_algos.ts(14760,10): error TS1005: ';' expected.
data/algos/generated_striver_algos.ts(14761,10): error TS1005: ';' expected.
data/algos/generated_striver_algos.ts(14762,13): error TS1005: ';' expected.
data/algos/generated_striver_algos.ts(14763,19): error TS1005: ';' expected.
data/algos/generated_striver_algos.ts(14764,15): error TS1005: ';' expected.
data/algos/generated_striver_algos.ts(14765,13): error TS1005: ';' expected.
data/algos/generated_striver_algos.ts(14767,17): error TS1005: ';' expected.
data/algos/generated_striver_algos.ts(14768,13): error TS1005: ';' expected.
data/algos/generated_striver_algos.ts(14773,15): error TS1005: ';' expected.
data/algos/generated_striver_algos.ts(14812,3): error TS1109: Expression expected.
data/algos/generated_striver_algos.ts(14812,4): error TS1128: Declaration or statement expected.
data/algos/generated_striver_algos.ts(14815,10): error TS1005: ';' expected.
data/algos/generated_striver_algos.ts(14816,10): error TS1005: ';' expected.
data/algos/generated_striver_algos.ts(14817,13): error TS1005: ';' expected.
data/algos/generated_striver_algos.ts(14818,19): error TS1005: ';' expected.
data/algos/generated_striver_algos.ts(14819,15): error TS1005: ';' expected.
data/algos/generated_striver_algos.ts(14820,13): error TS1005: ';' expected.
data/algos/generated_striver_algos.ts(14822,17): error TS1005: ';' expected.
data/algos/generated_striver_algos.ts(14823,13): error TS1005: ';' expected.
data/algos/generated_striver_algos.ts(14828,15): error TS1005: ';' expected.
data/algos/generated_striver_algos.ts(14867,3): error TS1109: Expression expected.
data/algos/generated_striver_algos.ts(14867,4): error TS1128: Declaration or statement expected.
data/algos/generated_striver_algos.ts(14870,10): error TS1005: ';' expected.
data/algos/generated_striver_algos.ts(14871,10): error TS1005: ';' expected.
data/algos/generated_striver_algos.ts(14872,13): error TS1005: ';' expected.
data/algos/generated_striver_algos.ts(14873,19): error TS1005: ';' expected.
data/algos/generated_striver_algos.ts(14874,15): error TS1005: ';' expected.
data/algos/generated_striver_algos.ts(14875,13): error TS1005: ';' expected.
data/algos/generated_striver_algos.ts(14877,17): error TS1005: ';' expected.
data/algos/generated_striver_algos.ts(14878,13): error TS1005: ';' expected.
data/algos/generated_striver_algos.ts(14883,15): error TS1005: ';' expected.
data/algos/generated_striver_algos.ts(14922,3): error TS1109: Expression expected.
data/algos/generated_striver_algos.ts(14922,4): error TS1128: Declaration or statement expected.
data/algos/generated_striver_algos.ts(14925,10): error TS1005: ';' expected.
data/algos/generated_striver_algos.ts(14926,10): error TS1005: ';' expected.
data/algos/generated_striver_algos.ts(14927,13): error TS1005: ';' expected.
data/algos/generated_striver_algos.ts(14928,19): error TS1005: ';' expected.
data/algos/generated_striver_algos.ts(14929,15): error TS1005: ';' expected.
data/algos/generated_striver_algos.ts(14930,13): error TS1005: ';' expected.
data/algos/generated_striver_algos.ts(14932,17): error TS1005: ';' expected.
data/algos/generated_striver_algos.ts(14933,13): error TS1005: ';' expected.
data/algos/generated_striver_algos.ts(14938,15): error TS1005: ';' expected.
data/algos/generated_striver_algos.ts(14990,3): error TS1109: Expression expected.
data/algos/generated_striver_algos.ts(14990,4): error TS1128: Declaration or statement expected.
data/algos/generated_striver_algos.ts(14993,10): error TS1005: ';' expected.
data/algos/generated_striver_algos.ts(14994,10): error TS1005: ';' expected.
data/algos/generated_striver_algos.ts(14995,13): error TS1005: ';' expected.
data/algos/generated_striver_algos.ts(14996,19): error TS1005: ';' expected.
data/algos/generated_striver_algos.ts(14997,15): error TS1005: ';' expected.
data/algos/generated_striver_algos.ts(14998,13): error TS1005: ';' expected.
data/algos/generated_striver_algos.ts(15000,17): error TS1005: ';' expected.
data/algos/generated_striver_algos.ts(15001,13): error TS1005: ';' expected.
data/algos/generated_striver_algos.ts(15006,15): error TS1005: ';' expected.
data/algos/generated_striver_algos.ts(15056,3): error TS1109: Expression expected.
data/algos/generated_striver_algos.ts(15056,4): error TS1128: Declaration or statement expected.
data/algos/generated_striver_algos.ts(15059,10): error TS1005: ';' expected.
data/algos/generated_striver_algos.ts(15060,10): error TS1005: ';' expected.
data/algos/generated_striver_algos.ts(15061,13): error TS1005: ';' expected.
data/algos/generated_striver_algos.ts(15062,19): error TS1005: ';' expected.
data/algos/generated_striver_algos.ts(15063,15): error TS1005: ';' expected.
data/algos/generated_striver_algos.ts(15064,13): error TS1005: ';' expected.
data/algos/generated_striver_algos.ts(15066,17): error TS1005: ';' expected.
data/algos/generated_striver_algos.ts(15067,13): error TS1005: ';' expected.
data/algos/generated_striver_algos.ts(15072,15): error TS1005: ';' expected.
data/algos/generated_striver_algos.ts(15117,3): error TS1109: Expression expected.
data/algos/generated_striver_algos.ts(15117,4): error TS1128: Declaration or statement expected.
data/algos/generated_striver_algos.ts(15120,10): error TS1005: ';' expected.
data/algos/generated_striver_algos.ts(15121,10): error TS1005: ';' expected.
data/algos/generated_striver_algos.ts(15122,13): error TS1005: ';' expected.
data/algos/generated_striver_algos.ts(15123,19): error TS1005: ';' expected.
data/algos/generated_striver_algos.ts(15124,15): error TS1005: ';' expected.
data/algos/generated_striver_algos.ts(15125,13): error TS1005: ';' expected.
data/algos/generated_striver_algos.ts(15127,17): error TS1005: ';' expected.
data/algos/generated_striver_algos.ts(15128,13): error TS1005: ';' expected.
data/algos/generated_striver_algos.ts(15133,15): error TS1005: ';' expected.
data/algos/generated_striver_algos.ts(15191,3): error TS1109: Expression expected.
data/algos/generated_striver_algos.ts(15191,4): error TS1128: Declaration or statement expected.
data/algos/generated_striver_algos.ts(15194,10): error TS1005: ';' expected.
data/algos/generated_striver_algos.ts(15195,10): error TS1005: ';' expected.
data/algos/generated_striver_algos.ts(15196,13): error TS1005: ';' expected.
data/algos/generated_striver_algos.ts(15197,19): error TS1005: ';' expected.
data/algos/generated_striver_algos.ts(15198,15): error TS1005: ';' expected.
data/algos/generated_striver_algos.ts(15199,13): error TS1005: ';' expected.
data/algos/generated_striver_algos.ts(15201,17): error TS1005: ';' expected.
data/algos/generated_striver_algos.ts(15202,13): error TS1005: ';' expected.
data/algos/generated_striver_algos.ts(15207,15): error TS1005: ';' expected.
data/algos/generated_striver_algos.ts(15264,3): error TS1109: Expression expected.
data/algos/generated_striver_algos.ts(15264,4): error TS1128: Declaration or statement expected.
data/algos/generated_striver_algos.ts(15267,10): error TS1005: ';' expected.
data/algos/generated_striver_algos.ts(15268,10): error TS1005: ';' expected.
data/algos/generated_striver_algos.ts(15269,13): error TS1005: ';' expected.
data/algos/generated_striver_algos.ts(15270,19): error TS1005: ';' expected.
data/algos/generated_striver_algos.ts(15271,15): error TS1005: ';' expected.
data/algos/generated_striver_algos.ts(15272,13): error TS1005: ';' expected.
data/algos/generated_striver_algos.ts(15274,17): error TS1005: ';' expected.
data/algos/generated_striver_algos.ts(15275,13): error TS1005: ';' expected.
data/algos/generated_striver_algos.ts(15280,15): error TS1005: ';' expected.
data/algos/generated_striver_algos.ts(15333,3): error TS1109: Expression expected.
data/algos/generated_striver_algos.ts(15333,4): error TS1128: Declaration or statement expected.
data/algos/generated_striver_algos.ts(15336,10): error TS1005: ';' expected.
data/algos/generated_striver_algos.ts(15337,10): error TS1005: ';' expected.
data/algos/generated_striver_algos.ts(15338,13): error TS1005: ';' expected.
data/algos/generated_striver_algos.ts(15339,19): error TS1005: ';' expected.
data/algos/generated_striver_algos.ts(15340,15): error TS1005: ';' expected.
data/algos/generated_striver_algos.ts(15341,13): error TS1005: ';' expected.
data/algos/generated_striver_algos.ts(15343,17): error TS1005: ';' expected.
data/algos/generated_striver_algos.ts(15344,13): error TS1005: ';' expected.
data/algos/generated_striver_algos.ts(15349,15): error TS1005: ';' expected.
data/algos/generated_striver_algos.ts(15412,3): error TS1109: Expression expected.
data/algos/generated_striver_algos.ts(15412,4): error TS1128: Declaration or statement expected.
data/algos/generated_striver_algos.ts(15415,10): error TS1005: ';' expected.
data/algos/generated_striver_algos.ts(15416,10): error TS1005: ';' expected.
data/algos/generated_striver_algos.ts(15417,13): error TS1005: ';' expected.
data/algos/generated_striver_algos.ts(15418,19): error TS1005: ';' expected.
data/algos/generated_striver_algos.ts(15419,15): error TS1005: ';' expected.
data/algos/generated_striver_algos.ts(15420,13): error TS1005: ';' expected.
data/algos/generated_striver_algos.ts(15422,17): error TS1005: ';' expected.
data/algos/generated_striver_algos.ts(15423,13): error TS1005: ';' expected.
data/algos/generated_striver_algos.ts(15428,15): error TS1005: ';' expected.
data/algos/generated_striver_algos.ts(15481,3): error TS1109: Expression expected.
data/algos/generated_striver_algos.ts(15481,4): error TS1128: Declaration or statement expected.
data/algos/generated_striver_algos.ts(15484,10): error TS1005: ';' expected.
data/algos/generated_striver_algos.ts(15485,10): error TS1005: ';' expected.
data/algos/generated_striver_algos.ts(15486,13): error TS1005: ';' expected.
data/algos/generated_striver_algos.ts(15487,19): error TS1005: ';' expected.
data/algos/generated_striver_algos.ts(15488,15): error TS1005: ';' expected.
data/algos/generated_striver_algos.ts(15489,13): error TS1005: ';' expected.
data/algos/generated_striver_algos.ts(15491,17): error TS1005: ';' expected.
data/algos/generated_striver_algos.ts(15492,13): error TS1005: ';' expected.
data/algos/generated_striver_algos.ts(15497,15): error TS1005: ';' expected.
data/algos/generated_striver_algos.ts(15549,3): error TS1109: Expression expected.
data/algos/generated_striver_algos.ts(15549,4): error TS1128: Declaration or statement expected.
data/algos/generated_striver_algos.ts(15552,10): error TS1005: ';' expected.
data/algos/generated_striver_algos.ts(15553,10): error TS1005: ';' expected.
data/algos/generated_striver_algos.ts(15554,13): error TS1005: ';' expected.
data/algos/generated_striver_algos.ts(15555,19): error TS1005: ';' expected.
data/algos/generated_striver_algos.ts(15556,15): error TS1005: ';' expected.
data/algos/generated_striver_algos.ts(15557,13): error TS1005: ';' expected.
data/algos/generated_striver_algos.ts(15559,17): error TS1005: ';' expected.
data/algos/generated_striver_algos.ts(15560,13): error TS1005: ';' expected.
data/algos/generated_striver_algos.ts(15565,15): error TS1005: ';' expected.
data/algos/generated_striver_algos.ts(15622,3): error TS1109: Expression expected.
data/algos/generated_striver_algos.ts(15622,4): error TS1128: Declaration or statement expected.
data/algos/generated_striver_algos.ts(15625,10): error TS1005: ';' expected.
data/algos/generated_striver_algos.ts(15626,10): error TS1005: ';' expected.
data/algos/generated_striver_algos.ts(15627,13): error TS1005: ';' expected.
data/algos/generated_striver_algos.ts(15628,19): error TS1005: ';' expected.
data/algos/generated_striver_algos.ts(15629,15): error TS1005: ';' expected.
data/algos/generated_striver_algos.ts(15630,13): error TS1005: ';' expected.
data/algos/generated_striver_algos.ts(15632,17): error TS1005: ';' expected.
data/algos/generated_striver_algos.ts(15633,13): error TS1005: ';' expected.
data/algos/generated_striver_algos.ts(15638,15): error TS1005: ';' expected.
data/algos/generated_striver_algos.ts(15699,3): error TS1109: Expression expected.
data/algos/generated_striver_algos.ts(15699,4): error TS1128: Declaration or statement expected.
data/algos/generated_striver_algos.ts(15702,10): error TS1005: ';' expected.
data/algos/generated_striver_algos.ts(15703,10): error TS1005: ';' expected.
data/algos/generated_striver_algos.ts(15704,13): error TS1005: ';' expected.
data/algos/generated_striver_algos.ts(15705,19): error TS1005: ';' expected.
data/algos/generated_striver_algos.ts(15706,15): error TS1005: ';' expected.
data/algos/generated_striver_algos.ts(15707,13): error TS1005: ';' expected.
data/algos/generated_striver_algos.ts(15709,17): error TS1005: ';' expected.
data/algos/generated_striver_algos.ts(15710,13): error TS1005: ';' expected.
data/algos/generated_striver_algos.ts(15715,15): error TS1005: ';' expected.
data/algos/generated_striver_algos.ts(15783,3): error TS1109: Expression expected.
data/algos/generated_striver_algos.ts(15783,4): error TS1128: Declaration or statement expected.
data/algos/generated_striver_algos.ts(15786,10): error TS1005: ';' expected.
data/algos/generated_striver_algos.ts(15787,10): error TS1005: ';' expected.
data/algos/generated_striver_algos.ts(15788,13): error TS1005: ';' expected.
data/algos/generated_striver_algos.ts(15789,19): error TS1005: ';' expected.
data/algos/generated_striver_algos.ts(15790,15): error TS1005: ';' expected.
data/algos/generated_striver_algos.ts(15791,13): error TS1005: ';' expected.
data/algos/generated_striver_algos.ts(15793,17): error TS1005: ';' expected.
data/algos/generated_striver_algos.ts(15794,13): error TS1005: ';' expected.
data/algos/generated_striver_algos.ts(15799,15): error TS1005: ';' expected.
data/algos/generated_striver_algos.ts(15870,3): error TS1109: Expression expected.
data/algos/generated_striver_algos.ts(15870,4): error TS1128: Declaration or statement expected.
data/algos/generated_striver_algos.ts(15873,10): error TS1005: ';' expected.
data/algos/generated_striver_algos.ts(15874,10): error TS1005: ';' expected.
data/algos/generated_striver_algos.ts(15875,13): error TS1005: ';' expected.
data/algos/generated_striver_algos.ts(15876,19): error TS1005: ';' expected.
data/algos/generated_striver_algos.ts(15877,15): error TS1005: ';' expected.
data/algos/generated_striver_algos.ts(15878,13): error TS1005: ';' expected.
data/algos/generated_striver_algos.ts(15880,17): error TS1005: ';' expected.
data/algos/generated_striver_algos.ts(15881,13): error TS1005: ';' expected.
data/algos/generated_striver_algos.ts(15886,15): error TS1005: ';' expected.
data/algos/generated_striver_algos.ts(15945,3): error TS1109: Expression expected.
data/algos/generated_striver_algos.ts(15945,4): error TS1128: Declaration or statement expected.
data/algos/generated_striver_algos.ts(15948,10): error TS1005: ';' expected.
data/algos/generated_striver_algos.ts(15949,10): error TS1005: ';' expected.
data/algos/generated_striver_algos.ts(15950,13): error TS1005: ';' expected.
data/algos/generated_striver_algos.ts(15951,19): error TS1005: ';' expected.
data/algos/generated_striver_algos.ts(15952,15): error TS1005: ';' expected.
data/algos/generated_striver_algos.ts(15953,13): error TS1005: ';' expected.
data/algos/generated_striver_algos.ts(15955,17): error TS1005: ';' expected.
data/algos/generated_striver_algos.ts(15956,13): error TS1005: ';' expected.
data/algos/generated_striver_algos.ts(15961,15): error TS1005: ';' expected.
data/algos/generated_striver_algos.ts(16017,3): error TS1109: Expression expected.
data/algos/generated_striver_algos.ts(16017,4): error TS1128: Declaration or statement expected.
data/algos/generated_striver_algos.ts(16020,10): error TS1005: ';' expected.
data/algos/generated_striver_algos.ts(16021,10): error TS1005: ';' expected.
data/algos/generated_striver_algos.ts(16022,13): error TS1005: ';' expected.
data/algos/generated_striver_algos.ts(16023,19): error TS1005: ';' expected.
data/algos/generated_striver_algos.ts(16024,15): error TS1005: ';' expected.
data/algos/generated_striver_algos.ts(16025,13): error TS1005: ';' expected.
data/algos/generated_striver_algos.ts(16027,17): error TS1005: ';' expected.
data/algos/generated_striver_algos.ts(16028,13): error TS1005: ';' expected.
data/algos/generated_striver_algos.ts(16033,15): error TS1005: ';' expected.
data/algos/generated_striver_algos.ts(16109,3): error TS1109: Expression expected.
data/algos/generated_striver_algos.ts(16109,4): error TS1128: Declaration or statement expected.
data/algos/generated_striver_algos.ts(16112,10): error TS1005: ';' expected.
data/algos/generated_striver_algos.ts(16113,10): error TS1005: ';' expected.
data/algos/generated_striver_algos.ts(16114,13): error TS1005: ';' expected.
data/algos/generated_striver_algos.ts(16115,19): error TS1005: ';' expected.
data/algos/generated_striver_algos.ts(16116,15): error TS1005: ';' expected.
data/algos/generated_striver_algos.ts(16117,13): error TS1005: ';' expected.
data/algos/generated_striver_algos.ts(16119,17): error TS1005: ';' expected.
data/algos/generated_striver_algos.ts(16120,13): error TS1005: ';' expected.
data/algos/generated_striver_algos.ts(16125,15): error TS1005: ';' expected.
data/algos/generated_striver_algos.ts(16188,3): error TS1109: Expression expected.
data/algos/generated_striver_algos.ts(16188,4): error TS1128: Declaration or statement expected.
data/algos/generated_striver_algos.ts(16191,10): error TS1005: ';' expected.
data/algos/generated_striver_algos.ts(16192,10): error TS1005: ';' expected.
data/algos/generated_striver_algos.ts(16193,13): error TS1005: ';' expected.
data/algos/generated_striver_algos.ts(16194,19): error TS1005: ';' expected.
data/algos/generated_striver_algos.ts(16195,15): error TS1005: ';' expected.
data/algos/generated_striver_algos.ts(16196,13): error TS1005: ';' expected.
data/algos/generated_striver_algos.ts(16198,17): error TS1005: ';' expected.
data/algos/generated_striver_algos.ts(16199,13): error TS1005: ';' expected.
data/algos/generated_striver_algos.ts(16204,15): error TS1005: ';' expected.
data/algos/generated_striver_algos.ts(16266,3): error TS1109: Expression expected.
data/algos/generated_striver_algos.ts(16266,4): error TS1128: Declaration or statement expected.
data/algos/generated_striver_algos.ts(16269,10): error TS1005: ';' expected.
data/algos/generated_striver_algos.ts(16270,10): error TS1005: ';' expected.
data/algos/generated_striver_algos.ts(16271,13): error TS1005: ';' expected.
data/algos/generated_striver_algos.ts(16272,19): error TS1005: ';' expected.
data/algos/generated_striver_algos.ts(16273,15): error TS1005: ';' expected.
data/algos/generated_striver_algos.ts(16274,13): error TS1005: ';' expected.
data/algos/generated_striver_algos.ts(16276,17): error TS1005: ';' expected.
data/algos/generated_striver_algos.ts(16277,13): error TS1005: ';' expected.
data/algos/generated_striver_algos.ts(16281,15): error TS1005: ';' expected.
data/algos/generated_striver_algos.ts(16342,3): error TS1109: Expression expected.
data/algos/generated_striver_algos.ts(16342,4): error TS1128: Declaration or statement expected.
data/algos/generated_striver_algos.ts(16345,10): error TS1005: ';' expected.
data/algos/generated_striver_algos.ts(16346,10): error TS1005: ';' expected.
data/algos/generated_striver_algos.ts(16347,13): error TS1005: ';' expected.
data/algos/generated_striver_algos.ts(16348,19): error TS1005: ';' expected.
data/algos/generated_striver_algos.ts(16349,15): error TS1005: ';' expected.
data/algos/generated_striver_algos.ts(16350,13): error TS1005: ';' expected.
data/algos/generated_striver_algos.ts(16352,17): error TS1005: ';' expected.
data/algos/generated_striver_algos.ts(16353,13): error TS1005: ';' expected.
data/algos/generated_striver_algos.ts(16357,15): error TS1005: ';' expected.
data/algos/generated_striver_algos.ts(16418,3): error TS1109: Expression expected.
data/algos/generated_striver_algos.ts(16418,4): error TS1128: Declaration or statement expected.
data/algos/generated_striver_algos.ts(16421,10): error TS1005: ';' expected.
data/algos/generated_striver_algos.ts(16422,10): error TS1005: ';' expected.
data/algos/generated_striver_algos.ts(16423,13): error TS1005: ';' expected.
data/algos/generated_striver_algos.ts(16424,19): error TS1005: ';' expected.
data/algos/generated_striver_algos.ts(16425,15): error TS1005: ';' expected.
data/algos/generated_striver_algos.ts(16426,13): error TS1005: ';' expected.
data/algos/generated_striver_algos.ts(16428,17): error TS1005: ';' expected.
data/algos/generated_striver_algos.ts(16429,13): error TS1005: ';' expected.
data/algos/generated_striver_algos.ts(16434,15): error TS1005: ';' expected.
data/algos/generated_striver_algos.ts(16488,3): error TS1109: Expression expected.
data/algos/generated_striver_algos.ts(16488,4): error TS1128: Declaration or statement expected.
data/algos/generated_striver_algos.ts(16491,10): error TS1005: ';' expected.
data/algos/generated_striver_algos.ts(16492,10): error TS1005: ';' expected.
data/algos/generated_striver_algos.ts(16493,13): error TS1005: ';' expected.
data/algos/generated_striver_algos.ts(16494,19): error TS1005: ';' expected.
data/algos/generated_striver_algos.ts(16495,15): error TS1005: ';' expected.
data/algos/generated_striver_algos.ts(16496,13): error TS1005: ';' expected.
data/algos/generated_striver_algos.ts(16498,17): error TS1005: ';' expected.
data/algos/generated_striver_algos.ts(16499,13): error TS1005: ';' expected.
data/algos/generated_striver_algos.ts(16504,15): error TS1005: ';' expected.
data/algos/generated_striver_algos.ts(16561,3): error TS1109: Expression expected.
data/algos/generated_striver_algos.ts(16561,4): error TS1128: Declaration or statement expected.
data/algos/generated_striver_algos.ts(16564,10): error TS1005: ';' expected.
data/algos/generated_striver_algos.ts(16565,10): error TS1005: ';' expected.
data/algos/generated_striver_algos.ts(16566,13): error TS1005: ';' expected.
data/algos/generated_striver_algos.ts(16567,19): error TS1005: ';' expected.
data/algos/generated_striver_algos.ts(16568,15): error TS1005: ';' expected.
data/algos/generated_striver_algos.ts(16569,13): error TS1005: ';' expected.
data/algos/generated_striver_algos.ts(16571,17): error TS1005: ';' expected.
data/algos/generated_striver_algos.ts(16572,13): error TS1005: ';' expected.
data/algos/generated_striver_algos.ts(16576,15): error TS1005: ';' expected.
data/algos/generated_striver_algos.ts(16649,3): error TS1109: Expression expected.
data/algos/generated_striver_algos.ts(16649,4): error TS1128: Declaration or statement expected.
data/algos/generated_striver_algos.ts(16652,10): error TS1005: ';' expected.
data/algos/generated_striver_algos.ts(16653,10): error TS1005: ';' expected.
data/algos/generated_striver_algos.ts(16654,13): error TS1005: ';' expected.
data/algos/generated_striver_algos.ts(16655,19): error TS1005: ';' expected.
data/algos/generated_striver_algos.ts(16656,15): error TS1005: ';' expected.
data/algos/generated_striver_algos.ts(16657,13): error TS1005: ';' expected.
data/algos/generated_striver_algos.ts(16659,17): error TS1005: ';' expected.
data/algos/generated_striver_algos.ts(16660,13): error TS1005: ';' expected.
data/algos/generated_striver_algos.ts(16664,15): error TS1005: ';' expected.
data/algos/generated_striver_algos.ts(16729,3): error TS1109: Expression expected.
data/algos/generated_striver_algos.ts(16729,4): error TS1128: Declaration or statement expected.
data/algos/generated_striver_algos.ts(16732,10): error TS1005: ';' expected.
data/algos/generated_striver_algos.ts(16733,10): error TS1005: ';' expected.
data/algos/generated_striver_algos.ts(16734,13): error TS1005: ';' expected.
data/algos/generated_striver_algos.ts(16735,19): error TS1005: ';' expected.
data/algos/generated_striver_algos.ts(16736,15): error TS1005: ';' expected.
data/algos/generated_striver_algos.ts(16737,13): error TS1005: ';' expected.
data/algos/generated_striver_algos.ts(16739,17): error TS1005: ';' expected.
data/algos/generated_striver_algos.ts(16740,13): error TS1005: ';' expected.
data/algos/generated_striver_algos.ts(16744,15): error TS1005: ';' expected.
data/algos/generated_striver_algos.ts(16808,3): error TS1109: Expression expected.
data/algos/generated_striver_algos.ts(16808,4): error TS1128: Declaration or statement expected.
data/algos/generated_striver_algos.ts(16811,10): error TS1005: ';' expected.
data/algos/generated_striver_algos.ts(16812,10): error TS1005: ';' expected.
data/algos/generated_striver_algos.ts(16813,13): error TS1005: ';' expected.
data/algos/generated_striver_algos.ts(16814,19): error TS1005: ';' expected.
data/algos/generated_striver_algos.ts(16815,15): error TS1005: ';' expected.
data/algos/generated_striver_algos.ts(16816,13): error TS1005: ';' expected.
data/algos/generated_striver_algos.ts(16818,17): error TS1005: ';' expected.
data/algos/generated_striver_algos.ts(16819,13): error TS1005: ';' expected.
data/algos/generated_striver_algos.ts(16823,15): error TS1005: ';' expected.
data/algos/generated_striver_algos.ts(16864,3): error TS1109: Expression expected.
data/algos/generated_striver_algos.ts(16864,4): error TS1128: Declaration or statement expected.
data/algos/generated_striver_algos.ts(16867,10): error TS1005: ';' expected.
data/algos/generated_striver_algos.ts(16868,10): error TS1005: ';' expected.
data/algos/generated_striver_algos.ts(16869,13): error TS1005: ';' expected.
data/algos/generated_striver_algos.ts(16870,19): error TS1005: ';' expected.
data/algos/generated_striver_algos.ts(16871,15): error TS1005: ';' expected.
data/algos/generated_striver_algos.ts(16872,13): error TS1005: ';' expected.
data/algos/generated_striver_algos.ts(16874,17): error TS1005: ';' expected.
data/algos/generated_striver_algos.ts(16875,13): error TS1005: ';' expected.
data/algos/generated_striver_algos.ts(16879,15): error TS1005: ';' expected.
data/algos/generated_striver_algos.ts(16954,3): error TS1109: Expression expected.
data/algos/generated_striver_algos.ts(16954,4): error TS1128: Declaration or statement expected.
data/algos/generated_striver_algos.ts(16957,10): error TS1005: ';' expected.
data/algos/generated_striver_algos.ts(16958,10): error TS1005: ';' expected.
data/algos/generated_striver_algos.ts(16959,13): error TS1005: ';' expected.
data/algos/generated_striver_algos.ts(16960,19): error TS1005: ';' expected.
data/algos/generated_striver_algos.ts(16961,15): error TS1005: ';' expected.
data/algos/generated_striver_algos.ts(16962,13): error TS1005: ';' expected.
data/algos/generated_striver_algos.ts(16963,17): error TS1005: ';' expected.
data/algos/generated_striver_algos.ts(16964,13): error TS1005: ';' expected.
data/algos/generated_striver_algos.ts(16965,15): error TS1005: ';' expected.
data/algos/generated_striver_algos.ts(17038,4): error TS1128: Declaration or statement expected.
data/algos/generated_striver_algos.ts(17041,10): error TS1005: ';' expected.
data/algos/generated_striver_algos.ts(17042,10): error TS1005: ';' expected.
data/algos/generated_striver_algos.ts(17043,13): error TS1005: ';' expected.
data/algos/generated_striver_algos.ts(17044,19): error TS1005: ';' expected.
data/algos/generated_striver_algos.ts(17045,15): error TS1005: ';' expected.
data/algos/generated_striver_algos.ts(17046,13): error TS1005: ';' expected.
data/algos/generated_striver_algos.ts(17048,17): error TS1005: ';' expected.
data/algos/generated_striver_algos.ts(17049,13): error TS1005: ';' expected.
data/algos/generated_striver_algos.ts(17054,15): error TS1005: ';' expected.
data/algos/generated_striver_algos.ts(17132,3): error TS1109: Expression expected.
data/algos/generated_striver_algos.ts(17132,4): error TS1128: Declaration or statement expected.
data/algos/generated_striver_algos.ts(17135,10): error TS1005: ';' expected.
data/algos/generated_striver_algos.ts(17136,10): error TS1005: ';' expected.
data/algos/generated_striver_algos.ts(17137,13): error TS1005: ';' expected.
data/algos/generated_striver_algos.ts(17138,19): error TS1005: ';' expected.
data/algos/generated_striver_algos.ts(17139,15): error TS1005: ';' expected.
data/algos/generated_striver_algos.ts(17140,13): error TS1005: ';' expected.
data/algos/generated_striver_algos.ts(17142,17): error TS1005: ';' expected.
data/algos/generated_striver_algos.ts(17143,13): error TS1005: ';' expected.
data/algos/generated_striver_algos.ts(17148,15): error TS1005: ';' expected.
data/algos/generated_striver_algos.ts(17206,3): error TS1109: Expression expected.
data/algos/generated_striver_algos.ts(17206,4): error TS1128: Declaration or statement expected.
data/algos/generated_striver_algos.ts(17209,10): error TS1005: ';' expected.
data/algos/generated_striver_algos.ts(17210,10): error TS1005: ';' expected.
data/algos/generated_striver_algos.ts(17211,13): error TS1005: ';' expected.
data/algos/generated_striver_algos.ts(17212,19): error TS1005: ';' expected.
data/algos/generated_striver_algos.ts(17213,15): error TS1005: ';' expected.
data/algos/generated_striver_algos.ts(17214,13): error TS1005: ';' expected.
data/algos/generated_striver_algos.ts(17216,17): error TS1005: ';' expected.
data/algos/generated_striver_algos.ts(17217,13): error TS1005: ';' expected.
data/algos/generated_striver_algos.ts(17221,15): error TS1005: ';' expected.
data/algos/generated_striver_algos.ts(17260,3): error TS1109: Expression expected.
data/algos/generated_striver_algos.ts(17260,4): error TS1128: Declaration or statement expected.
data/algos/generated_striver_algos.ts(17263,10): error TS1005: ';' expected.
data/algos/generated_striver_algos.ts(17264,10): error TS1005: ';' expected.
data/algos/generated_striver_algos.ts(17265,13): error TS1005: ';' expected.
data/algos/generated_striver_algos.ts(17266,19): error TS1005: ';' expected.
data/algos/generated_striver_algos.ts(17267,15): error TS1005: ';' expected.
data/algos/generated_striver_algos.ts(17268,13): error TS1005: ';' expected.
data/algos/generated_striver_algos.ts(17270,17): error TS1005: ';' expected.
data/algos/generated_striver_algos.ts(17271,13): error TS1005: ';' expected.
data/algos/generated_striver_algos.ts(17275,15): error TS1005: ';' expected.
data/algos/generated_striver_algos.ts(17299,3): error TS1109: Expression expected.
data/algos/generated_striver_algos.ts(17299,4): error TS1128: Declaration or statement expected.
data/algos/generated_striver_algos.ts(17299,17): error TS1128: Declaration or statement expected.
data/algos/generated_striver_algos.ts(17299,18): error TS1128: Declaration or statement expected.
data/algos/generated_striver_algos.ts(17302,19): error TS1005: ';' expected.
data/algos/generated_striver_algos.ts(17320,14): error TS1128: Declaration or statement expected.
data/algos/generated_striver_algos.ts(17323,19): error TS1005: ';' expected.
data/algos/generated_striver_algos.ts(17342,11): error TS1128: Declaration or statement expected.
data/algos/generated_striver_algos.ts(17343,9): error TS1128: Declaration or statement expected.
data/algos/generated_striver_algos.ts(17344,5): error TS1128: Declaration or statement expected.
data/algos/generated_striver_algos.ts(17345,3): error TS1128: Declaration or statement expected.
data/algos/generated_striver_algos.ts(17345,4): error TS1128: Declaration or statement expected.
data/algos/generated_striver_algos.ts(17348,10): error TS1005: ';' expected.
data/algos/generated_striver_algos.ts(17349,10): error TS1005: ';' expected.
data/algos/generated_striver_algos.ts(17350,13): error TS1005: ';' expected.
data/algos/generated_striver_algos.ts(17351,19): error TS1005: ';' expected.
data/algos/generated_striver_algos.ts(17352,15): error TS1005: ';' expected.
data/algos/generated_striver_algos.ts(17353,13): error TS1005: ';' expected.
data/algos/generated_striver_algos.ts(17355,17): error TS1005: ';' expected.
data/algos/generated_striver_algos.ts(17356,13): error TS1005: ';' expected.
data/algos/generated_striver_algos.ts(17361,15): error TS1005: ';' expected.
data/algos/generated_striver_algos.ts(17465,5): error TS1109: Expression expected.
data/algos/generated_striver_algos.ts(17469,22): error TS1005: ';' expected.
data/algos/generated_striver_algos.ts(17469,33): error TS1005: '=' expected.
data/algos/generated_striver_algos.ts(17470,12): error TS1005: '=' expected.
data/algos/generated_striver_algos.ts(17471,12): error TS1005: '=' expected.
data/algos/generated_striver_algos.ts(17474,13): error TS1435: Unknown keyword or identifier. Did you mean 'finally'?
data/algos/generated_striver_algos.ts(17474,19): error TS1434: Unexpected keyword or identifier.
data/algos/generated_striver_algos.ts(17475,13): error TS1434: Unexpected keyword or identifier.
data/algos/generated_striver_algos.ts(17476,13): error TS1435: Unknown keyword or identifier. Did you mean 'finally'?
data/algos/generated_striver_algos.ts(17476,41): error TS1005: '(' expected.
data/algos/generated_striver_algos.ts(17477,13): error TS1435: Unknown keyword or identifier. Did you mean 'finally'?
data/algos/generated_striver_algos.ts(17477,41): error TS1005: '(' expected.
data/algos/generated_striver_algos.ts(17478,13): error TS1435: Unknown keyword or identifier. Did you mean 'finally'?
data/algos/generated_striver_algos.ts(17478,45): error TS1005: ',' expected.
data/algos/generated_striver_algos.ts(17478,54): error TS1109: Expression expected.
data/algos/generated_striver_algos.ts(17480,5): error TS1128: Declaration or statement expected.
data/algos/generated_striver_algos.ts(17480,25): error TS1005: ',' expected.
data/algos/generated_striver_algos.ts(17480,35): error TS1005: ';' expected.
data/algos/generated_striver_algos.ts(17488,5): error TS1128: Declaration or statement expected.
data/algos/generated_striver_algos.ts(17488,38): error TS1005: ',' expected.
data/algos/generated_striver_algos.ts(17488,43): error TS1005: ';' expected.
data/algos/generated_striver_algos.ts(17489,9): error TS1434: Unexpected keyword or identifier.
data/algos/generated_striver_algos.ts(17498,54): error TS1109: Expression expected.
data/algos/generated_striver_algos.ts(17501,5): error TS1128: Declaration or statement expected.
data/algos/generated_striver_algos.ts(17501,12): error TS1434: Unexpected keyword or identifier.
data/algos/generated_striver_algos.ts(17501,24): error TS1005: ',' expected.
data/algos/generated_striver_algos.ts(17501,29): error TS1005: ';' expected.
data/algos/generated_striver_algos.ts(17509,5): error TS1128: Declaration or statement expected.
data/algos/generated_striver_algos.ts(17509,25): error TS1005: ',' expected.
data/algos/generated_striver_algos.ts(17509,34): error TS1005: ',' expected.
data/algos/generated_striver_algos.ts(17509,41): error TS1005: ';' expected.
data/algos/generated_striver_algos.ts(17517,13): error TS1434: Unexpected keyword or identifier.
data/algos/generated_striver_algos.ts(17527,47): error TS1109: Expression expected.
data/algos/generated_striver_algos.ts(17530,1): error TS1128: Declaration or statement expected.
data/algos/generated_striver_algos.ts(17534,22): error TS1005: ';' expected.
data/algos/generated_striver_algos.ts(17539,5): error TS1434: Unexpected keyword or identifier.
data/algos/generated_striver_algos.ts(17540,5): error TS1434: Unexpected keyword or identifier.
data/algos/generated_striver_algos.ts(17541,9): error TS1110: Type expected.
data/algos/generated_striver_algos.ts(17541,32): error TS1005: ',' expected.
data/algos/generated_striver_algos.ts(17541,33): error TS1139: Type parameter declaration expected.
data/algos/generated_striver_algos.ts(17541,38): error TS1005: ',' expected.
data/algos/generated_striver_algos.ts(17541,42): error TS1005: '>' expected.
data/algos/generated_striver_algos.ts(17542,9): error TS1109: Expression expected.
data/algos/generated_striver_algos.ts(17542,32): error TS1005: ';' expected.
data/algos/generated_striver_algos.ts(17542,33): error TS1128: Declaration or statement expected.
data/algos/generated_striver_algos.ts(17543,9): error TS1109: Expression expected.
data/algos/generated_striver_algos.ts(17543,32): error TS1005: ';' expected.
data/algos/generated_striver_algos.ts(17543,33): error TS1128: Declaration or statement expected.
data/algos/generated_striver_algos.ts(17543,43): error TS1005: ';' expected.
data/algos/generated_striver_algos.ts(17543,44): error TS1128: Declaration or statement expected.
data/algos/generated_striver_algos.ts(17545,20): error TS1005: ',' expected.
data/algos/generated_striver_algos.ts(17545,25): error TS1005: ';' expected.
data/algos/generated_striver_algos.ts(17546,9): error TS1434: Unexpected keyword or identifier.
data/algos/generated_striver_algos.ts(17560,18): error TS1005: ',' expected.
data/algos/generated_striver_algos.ts(17560,28): error TS1005: ';' expected.
data/algos/generated_striver_algos.ts(17560,61): error TS1005: ';' expected.
data/algos/generated_striver_algos.ts(17562,5): error TS1434: Unexpected keyword or identifier.
data/algos/generated_striver_algos.ts(17562,17): error TS1005: ',' expected.
data/algos/generated_striver_algos.ts(17562,22): error TS1005: ';' expected.
data/algos/generated_striver_algos.ts(17568,18): error TS1005: ',' expected.
data/algos/generated_striver_algos.ts(17568,27): error TS1005: ',' expected.
data/algos/generated_striver_algos.ts(17568,34): error TS1005: ';' expected.
data/algos/generated_striver_algos.ts(17576,13): error TS1434: Unexpected keyword or identifier.
data/algos/generated_striver_algos.ts(17585,36): error TS1005: ':' expected.
data/algos/generated_striver_algos.ts(17589,1): error TS1128: Declaration or statement expected.
data/algos/generated_striver_algos.ts(17614,56): error TS1005: ';' expected.
data/algos/generated_striver_algos.ts(17614,57): error TS1443: Module declaration names may only use ' or " quoted strings.
data/algos/generated_striver_algos.ts(17614,65): error TS1443: Module declaration names may only use ' or " quoted strings.
data/algos/generated_striver_algos.ts(17614,263): error TS1443: Module declaration names may only use ' or " quoted strings.
data/algos/generated_striver_algos.ts(17614,308): error TS1005: ';' expected.
data/algos/generated_striver_algos.ts(17622,20): error TS1005: ';' expected.
data/algos/generated_striver_algos.ts(17622,51): error TS1005: ';' expected.
data/algos/generated_striver_algos.ts(17625,9): error TS1005: '(' expected.
data/algos/generated_striver_algos.ts(17625,27): error TS1005: ')' expected.
data/algos/generated_striver_algos.ts(17626,12): error TS1005: '(' expected.
data/algos/generated_striver_algos.ts(17626,28): error TS1005: ')' expected.
data/algos/generated_striver_algos.ts(17634,20): error TS1005: ';' expected.
data/algos/generated_striver_algos.ts(17646,20): error TS1005: ';' expected.
data/algos/generated_striver_algos.ts(17648,9): error TS1442: Expected '=' for property initializer.
data/algos/generated_striver_algos.ts(17648,41): error TS1005: ',' expected.
data/algos/generated_striver_algos.ts(17650,9): error TS1434: Unexpected keyword or identifier.
data/algos/generated_striver_algos.ts(17651,17): error TS1005: ';' expected.
data/algos/generated_striver_algos.ts(17651,32): error TS1005: ')' expected.
data/algos/generated_striver_algos.ts(17651,37): error TS1005: ';' expected.
data/algos/generated_striver_algos.ts(17691,20): error TS1005: ';' expected.
data/algos/generated_striver_algos.ts(17691,44): error TS1005: ';' expected.
data/algos/generated_striver_algos.ts(17693,9): error TS1005: '(' expected.
data/algos/generated_striver_algos.ts(17693,30): error TS1005: ')' expected.
data/algos/generated_striver_algos.ts(17694,12): error TS1005: '(' expected.
data/algos/generated_striver_algos.ts(17694,24): error TS1005: ')' expected.
data/algos/generated_striver_algos.ts(17695,15): error TS1005: '(' expected.
data/algos/generated_striver_algos.ts(17695,20): error TS1005: ')' expected.
data/algos/generated_striver_algos.ts(17696,16): error TS1005: '(' expected.
data/algos/generated_striver_algos.ts(17696,28): error TS1005: ')' expected.
data/algos/generated_striver_algos.ts(17703,20): error TS1005: ';' expected.
data/algos/generated_striver_algos.ts(17718,20): error TS1005: ';' expected.
data/algos/generated_striver_algos.ts(17720,9): error TS1442: Expected '=' for property initializer.
data/algos/generated_striver_algos.ts(17720,27): error TS1005: ',' expected.
data/algos/generated_striver_algos.ts(17720,31): error TS1005: ',' expected.
data/algos/generated_striver_algos.ts(17720,32): error TS1109: Expression expected.
data/algos/generated_striver_algos.ts(17720,44): error TS1005: ';' expected.
data/algos/generated_striver_algos.ts(17720,45): error TS1128: Declaration or statement expected.
data/algos/generated_striver_algos.ts(17721,9): error TS1434: Unexpected keyword or identifier.
data/algos/generated_striver_algos.ts(17722,17): error TS1005: ';' expected.
data/algos/generated_striver_algos.ts(17722,35): error TS1005: ')' expected.
data/algos/generated_striver_algos.ts(17722,40): error TS1005: ';' expected.
data/algos/generated_striver_algos.ts(17732,1): error TS1128: Declaration or statement expected.
data/algos/generated_striver_algos.ts(17764,20): error TS1005: ';' expected.
data/algos/generated_striver_algos.ts(17764,42): error TS1005: ';' expected.
data/algos/generated_striver_algos.ts(17767,9): error TS1005: '(' expected.
data/algos/generated_striver_algos.ts(17767,32): error TS1005: ')' expected.
data/algos/generated_striver_algos.ts(17769,15): error TS1005: '(' expected.
data/algos/generated_striver_algos.ts(17769,29): error TS1005: ')' expected.
data/algos/generated_striver_algos.ts(17771,16): error TS1005: '(' expected.
data/algos/generated_striver_algos.ts(17771,37): error TS1005: ')' expected.
data/algos/generated_striver_algos.ts(17771,39): error TS1434: Unexpected keyword or identifier.
data/algos/generated_striver_algos.ts(17778,20): error TS1005: ';' expected.
data/algos/generated_striver_algos.ts(17794,20): error TS1005: ';' expected.
data/algos/generated_striver_algos.ts(17796,9): error TS1442: Expected '=' for property initializer.
data/algos/generated_striver_algos.ts(17796,26): error TS1005: ',' expected.
data/algos/generated_striver_algos.ts(17796,30): error TS1005: ',' expected.
data/algos/generated_striver_algos.ts(17796,31): error TS1109: Expression expected.
data/algos/generated_striver_algos.ts(17796,39): error TS1005: ';' expected.
data/algos/generated_striver_algos.ts(17798,9): error TS1434: Unexpected keyword or identifier.
data/algos/generated_striver_algos.ts(17799,17): error TS1005: ';' expected.
data/algos/generated_striver_algos.ts(17799,37): error TS1005: ')' expected.
data/algos/generated_striver_algos.ts(17799,42): error TS1005: ';' expected.
data/algos/generated_striver_algos.ts(17809,1): error TS1128: Declaration or statement expected.
data/algos/generated_striver_algos.ts(17834,154): error TS1005: ';' expected.
data/algos/generated_striver_algos.ts(17842,20): error TS1005: ';' expected.
data/algos/generated_striver_algos.ts(17842,50): error TS1005: ';' expected.
data/algos/generated_striver_algos.ts(17845,9): error TS1005: '(' expected.
data/algos/generated_striver_algos.ts(17845,27): error TS1005: ')' expected.
data/algos/generated_striver_algos.ts(17848,35): error TS1005: ';' expected.
data/algos/generated_striver_algos.ts(17856,20): error TS1005: ';' expected.
data/algos/generated_striver_algos.ts(17872,20): error TS1005: ';' expected.
data/algos/generated_striver_algos.ts(17874,9): error TS1442: Expected '=' for property initializer.
data/algos/generated_striver_algos.ts(17874,37): error TS1005: ',' expected.
data/algos/generated_striver_algos.ts(17874,44): error TS1005: ',' expected.
data/algos/generated_striver_algos.ts(17876,9): error TS1434: Unexpected keyword or identifier.
data/algos/generated_striver_algos.ts(17877,17): error TS1005: ';' expected.
data/algos/generated_striver_algos.ts(17877,32): error TS1005: ')' expected.
data/algos/generated_striver_algos.ts(17877,37): error TS1005: ';' expected.
data/algos/generated_striver_algos.ts(17911,122): error TS1005: ';' expected.
data/algos/generated_striver_algos.ts(17911,123): error TS1443: Module declaration names may only use ' or " quoted strings.
data/algos/generated_striver_algos.ts(17911,189): error TS1443: Module declaration names may only use ' or " quoted strings.
data/algos/generated_striver_algos.ts(17911,236): error TS1443: Module declaration names may only use ' or " quoted strings.
data/algos/generated_striver_algos.ts(17919,20): error TS1005: ';' expected.
data/algos/generated_striver_algos.ts(17919,50): error TS1005: ';' expected.
data/algos/generated_striver_algos.ts(17923,11): error TS1005: '(' expected.
data/algos/generated_striver_algos.ts(17923,25): error TS1005: ')' expected.
data/algos/generated_striver_algos.ts(17924,12): error TS1005: '(' expected.
data/algos/generated_striver_algos.ts(17924,32): error TS1005: ')' expected.
data/algos/generated_striver_algos.ts(17926,16): error TS1005: '(' expected.
data/algos/generated_striver_algos.ts(17926,31): error TS1005: ')' expected.
data/algos/generated_striver_algos.ts(17926,33): error TS1127: Invalid character.
data/algos/generated_striver_algos.ts(17926,35): error TS1005: ';' expected.
data/algos/generated_striver_algos.ts(17929,23): error TS1005: '(' expected.
data/algos/generated_striver_algos.ts(17929,33): error TS1005: ')' expected.
data/algos/generated_striver_algos.ts(17929,35): error TS1127: Invalid character.
data/algos/generated_striver_algos.ts(17929,37): error TS1005: ';' expected.
data/algos/generated_striver_algos.ts(17929,45): error TS1434: Unexpected keyword or identifier.
data/algos/generated_striver_algos.ts(17929,52): error TS1434: Unexpected keyword or identifier.
data/algos/generated_striver_algos.ts(17930,24): error TS1005: '(' expected.
data/algos/generated_striver_algos.ts(17930,44): error TS1005: ')' expected.
data/algos/generated_striver_algos.ts(17933,20): error TS1005: '(' expected.
data/algos/generated_striver_algos.ts(17933,45): error TS1005: ')' expected.
data/algos/generated_striver_algos.ts(17935,34): error TS1005: ']' expected.
data/algos/generated_striver_algos.ts(17935,40): error TS1005: ';' expected.
data/algos/generated_striver_algos.ts(17962,216): error TS1005: ';' expected.
data/algos/generated_striver_algos.ts(17970,20): error TS1005: ';' expected.
data/algos/generated_striver_algos.ts(17970,50): error TS1005: ';' expected.
data/algos/generated_striver_algos.ts(17971,5): error TS1434: Unexpected keyword or identifier.
data/algos/generated_striver_algos.ts(17971,21): error TS1005: ';' expected.
data/algos/generated_striver_algos.ts(17972,12): error TS1005: '(' expected.
data/algos/generated_striver_algos.ts(17972,20): error TS1005: ')' expected.
data/algos/generated_striver_algos.ts(17974,13): error TS1005: '(' expected.
data/algos/generated_striver_algos.ts(17974,34): error TS1005: ')' expected.
data/algos/generated_striver_algos.ts(17975,16): error TS1005: '(' expected.
data/algos/generated_striver_algos.ts(17975,27): error TS1005: ')' expected.
data/algos/generated_striver_algos.ts(17976,19): error TS1005: '(' expected.
data/algos/generated_striver_algos.ts(17976,27): error TS1005: ')' expected.
data/algos/generated_striver_algos.ts(17977,20): error TS1005: '(' expected.
data/algos/generated_striver_algos.ts(17977,31): error TS1005: ')' expected.
data/algos/generated_striver_algos.ts(17985,20): error TS1005: ';' expected.
data/algos/generated_striver_algos.ts(18021,91): error TS1005: ';' expected.
data/algos/generated_striver_algos.ts(18021,100): error TS1443: Module declaration names may only use ' or " quoted strings.
data/algos/generated_striver_algos.ts(18029,20): error TS1434: Unexpected keyword or identifier.
data/algos/generated_striver_algos.ts(18029,45): error TS1005: ';' expected.
data/algos/generated_striver_algos.ts(18031,9): error TS1005: '(' expected.
data/algos/generated_striver_algos.ts(18031,32): error TS1005: ')' expected.
data/algos/generated_striver_algos.ts(18038,20): error TS1005: ';' expected.
data/algos/generated_striver_algos.ts(18049,20): error TS1005: ';' expected.
data/algos/generated_striver_algos.ts(18051,9): error TS1442: Expected '=' for property initializer.
data/algos/generated_striver_algos.ts(18051,35): error TS1005: ',' expected.
data/algos/generated_striver_algos.ts(18052,9): error TS1434: Unexpected keyword or identifier.
data/algos/generated_striver_algos.ts(18053,26): error TS1005: ';' expected.
data/algos/generated_striver_algos.ts(18054,17): error TS1005: ';' expected.
data/algos/generated_striver_algos.ts(18054,32): error TS1005: ')' expected.
data/algos/generated_striver_algos.ts(18054,37): error TS1005: ';' expected.
data/algos/generated_striver_algos.ts(18056,33): error TS1005: ',' expected.
data/algos/generated_striver_algos.ts(18056,36): error TS1005: ':' expected.
data/algos/generated_striver_algos.ts(18056,42): error TS1005: ',' expected.
data/algos/generated_striver_algos.ts(18056,45): error TS1005: ':' expected.
data/algos/generated_striver_algos.ts(18056,51): error TS1005: ',' expected.
data/algos/generated_striver_algos.ts(18056,54): error TS1005: ':' expected.
data/algos/generated_striver_algos.ts(18092,20): error TS1005: ';' expected.
data/algos/generated_striver_algos.ts(18092,47): error TS1005: ';' expected.
data/algos/generated_striver_algos.ts(18093,28): error TS1109: Expression expected.
data/algos/generated_striver_algos.ts(18093,30): error TS1005: ',' expected.
data/algos/generated_striver_algos.ts(18096,9): error TS1005: '(' expected.
data/algos/generated_striver_algos.ts(18096,22): error TS1005: ')' expected.
data/algos/generated_striver_algos.ts(18104,20): error TS1005: ';' expected.
data/algos/generated_striver_algos.ts(18145,20): error TS1005: ';' expected.
data/algos/generated_striver_algos.ts(18145,63): error TS1005: ';' expected.
data/algos/generated_striver_algos.ts(18146,8): error TS1005: '(' expected.
data/algos/generated_striver_algos.ts(18146,14): error TS1005: ')' expected.
data/algos/generated_striver_algos.ts(18149,9): error TS1005: '(' expected.
data/algos/generated_striver_algos.ts(18149,27): error TS1005: ')' expected.
data/algos/generated_striver_algos.ts(18151,15): error TS1005: '(' expected.
data/algos/generated_striver_algos.ts(18151,29): error TS1005: ')' expected.
data/algos/generated_striver_algos.ts(18153,16): error TS1005: '(' expected.
data/algos/generated_striver_algos.ts(18153,32): error TS1005: ')' expected.
data/algos/generated_striver_algos.ts(18153,34): error TS1434: Unexpected keyword or identifier.
data/algos/generated_striver_algos.ts(18160,20): error TS1005: ';' expected.
data/algos/generated_striver_algos.ts(18197,99): error TS1005: ';' expected.
data/algos/generated_striver_algos.ts(18205,20): error TS1005: ';' expected.
data/algos/generated_striver_algos.ts(18205,55): error TS1005: ';' expected.
data/algos/generated_striver_algos.ts(18206,5): error TS1434: Unexpected keyword or identifier.
data/algos/generated_striver_algos.ts(18206,21): error TS1005: ';' expected.
data/algos/generated_striver_algos.ts(18209,13): error TS1005: '(' expected.
data/algos/generated_striver_algos.ts(18209,34): error TS1005: ')' expected.
data/algos/generated_striver_algos.ts(18211,19): error TS1005: '(' expected.
data/algos/generated_striver_algos.ts(18211,36): error TS1005: ')' expected.
data/algos/generated_striver_algos.ts(18213,20): error TS1005: '(' expected.
data/algos/generated_striver_algos.ts(18213,39): error TS1005: ')' expected.
data/algos/generated_striver_algos.ts(18213,41): error TS1434: Unexpected keyword or identifier.
data/algos/generated_striver_algos.ts(18221,20): error TS1005: ';' expected.
data/algos/generated_striver_algos.ts(18269,20): error TS1005: ';' expected.
data/algos/generated_striver_algos.ts(18269,25): error TS1434: Unexpected keyword or identifier.
data/algos/generated_striver_algos.ts(18270,1): error TS1005: '=' expected.
data/algos/generated_striver_algos.ts(18270,5): error TS1005: ';' expected.
data/algos/generated_striver_algos.ts(18270,20): error TS1005: ';' expected.
data/algos/generated_striver_algos.ts(18274,9): error TS1005: '(' expected.
data/algos/generated_striver_algos.ts(18274,27): error TS1005: ')' expected.
data/algos/generated_striver_algos.ts(18277,12): error TS1005: '(' expected.
data/algos/generated_striver_algos.ts(18277,25): error TS1005: ')' expected.
data/algos/generated_striver_algos.ts(18277,53): error TS1005: ';' expected.
data/algos/generated_striver_algos.ts(18278,15): error TS1005: '(' expected.
data/algos/generated_striver_algos.ts(18278,35): error TS1005: ')' expected.
data/algos/generated_striver_algos.ts(18279,37): error TS1005: '>' expected.
data/algos/generated_striver_algos.ts(18283,16): error TS1005: '(' expected.
data/algos/generated_striver_algos.ts(18283,29): error TS1005: ')' expected.
data/algos/generated_striver_algos.ts(18283,56): error TS1005: ';' expected.
data/algos/generated_striver_algos.ts(18286,15): error TS1005: ']' expected.
data/algos/generated_striver_algos.ts(18286,19): error TS1005: ';' expected.
data/algos/generated_striver_algos.ts(18286,24): error TS1005: '(' expected.
data/algos/generated_striver_algos.ts(18286,48): error TS1005: ')' expected.
data/algos/generated_striver_algos.ts(18286,55): error TS1443: Module declaration names may only use ' or " quoted strings.
data/algos/generated_striver_algos.ts(18328,127): error TS1005: ';' expected.
data/algos/generated_striver_algos.ts(18328,128): error TS1443: Module declaration names may only use ' or " quoted strings.
data/algos/generated_striver_algos.ts(18328,194): error TS1443: Module declaration names may only use ' or " quoted strings.
data/algos/generated_striver_algos.ts(18328,268): error TS1443: Module declaration names may only use ' or " quoted strings.
data/algos/generated_striver_algos.ts(18328,335): error TS1443: Module declaration names may only use ' or " quoted strings.
data/algos/generated_striver_algos.ts(18336,20): error TS1005: ';' expected.
data/algos/generated_striver_algos.ts(18336,39): error TS1005: ';' expected.
data/algos/generated_striver_algos.ts(18339,11): error TS1005: '(' expected.
data/algos/generated_striver_algos.ts(18339,25): error TS1005: ')' expected.
data/algos/generated_striver_algos.ts(18340,12): error TS1005: '(' expected.
data/algos/generated_striver_algos.ts(18340,32): error TS1005: ')' expected.
data/algos/generated_striver_algos.ts(18342,16): error TS1005: '(' expected.
data/algos/generated_striver_algos.ts(18342,31): error TS1005: ')' expected.
data/algos/generated_striver_algos.ts(18342,33): error TS1127: Invalid character.
data/algos/generated_striver_algos.ts(18342,35): error TS1005: ';' expected.
data/algos/generated_striver_algos.ts(18342,45): error TS1434: Unexpected keyword or identifier.
data/algos/generated_striver_algos.ts(18345,23): error TS1005: '(' expected.
data/algos/generated_striver_algos.ts(18345,33): error TS1005: ')' expected.
data/algos/generated_striver_algos.ts(18345,35): error TS1127: Invalid character.
data/algos/generated_striver_algos.ts(18345,37): error TS1005: ';' expected.
data/algos/generated_striver_algos.ts(18346,24): error TS1005: '(' expected.
data/algos/generated_striver_algos.ts(18346,44): error TS1005: ')' expected.
data/algos/generated_striver_algos.ts(18348,28): error TS1127: Invalid character.
data/algos/generated_striver_algos.ts(18348,30): error TS1005: ';' expected.
data/algos/generated_striver_algos.ts(18348,39): error TS1434: Unexpected keyword or identifier.
data/algos/generated_striver_algos.ts(18348,45): error TS1005: '(' expected.
data/algos/generated_striver_algos.ts(18348,50): error TS1005: ';' expected.
data/algos/generated_striver_algos.ts(18349,17): error TS1005: ';' expected.
data/algos/generated_striver_algos.ts(18349,20): error TS1005: '(' expected.
data/algos/generated_striver_algos.ts(18349,45): error TS1005: ')' expected.
data/algos/generated_striver_algos.ts(18351,34): error TS1005: ']' expected.
data/algos/generated_striver_algos.ts(18351,40): error TS1005: ';' expected.
data/algos/generated_striver_algos.ts(18352,27): error TS1127: Invalid character.
data/algos/generated_striver_algos.ts(18352,29): error TS1005: ';' expected.
data/algos/generated_striver_algos.ts(18379,203): error TS1005: ';' expected.
data/algos/generated_striver_algos.ts(18379,204): error TS1005: ';' expected.
data/algos/generated_striver_algos.ts(18379,204): error TS1351: An identifier or keyword cannot immediately follow a numeric literal.
data/algos/generated_striver_algos.ts(18379,230): error TS1005: ';' expected.
data/algos/generated_striver_algos.ts(18379,231): error TS1005: ';' expected.
data/algos/generated_striver_algos.ts(18379,231): error TS1351: An identifier or keyword cannot immediately follow a numeric literal.
data/algos/generated_striver_algos.ts(18387,20): error TS1005: ';' expected.
data/algos/generated_striver_algos.ts(18387,31): error TS1434: Unexpected keyword or identifier.
data/algos/generated_striver_algos.ts(18387,45): error TS1434: Unexpected keyword or identifier.
data/algos/generated_striver_algos.ts(18387,48): error TS1434: Unexpected keyword or identifier.
data/algos/generated_striver_algos.ts(18387,53): error TS1434: Unexpected keyword or identifier.
data/algos/generated_striver_algos.ts(18387,61): error TS1434: Unexpected keyword or identifier.
data/algos/generated_striver_algos.ts(18387,76): error TS1003: Identifier expected.
data/algos/generated_striver_algos.ts(18401,39): error TS1443: Module declaration names may only use ' or " quoted strings.
data/algos/generated_striver_algos.ts(18401,49): error TS1443: Module declaration names may only use ' or " quoted strings.
data/algos/generated_striver_algos.ts(18419,33): error TS1005: '{' expected.
data/algos/generated_striver_algos.ts(18420,5): error TS1434: Unexpected keyword or identifier.
data/algos/generated_striver_algos.ts(18420,23): error TS1005: ';' expected.
data/algos/generated_striver_algos.ts(18421,5): error TS1434: Unexpected keyword or identifier.
data/algos/generated_striver_algos.ts(18421,24): error TS1005: ';' expected.
data/algos/generated_striver_algos.ts(18424,5): error TS1434: Unexpected keyword or identifier.
data/algos/generated_striver_algos.ts(18424,18): error TS1005: ';' expected.
data/algos/generated_striver_algos.ts(18425,12): error TS1005: '(' expected.
data/algos/generated_striver_algos.ts(18425,28): error TS1005: ')' expected.
data/algos/generated_striver_algos.ts(18430,5): error TS1434: Unexpected keyword or identifier.
data/algos/generated_striver_algos.ts(18430,21): error TS1005: ';' expected.
data/algos/generated_striver_algos.ts(18430,23): error TS1127: Invalid character.
data/algos/generated_striver_algos.ts(18430,25): error TS1005: ';' expected.
data/algos/generated_striver_algos.ts(18431,15): error TS1005: '(' expected.
data/algos/generated_striver_algos.ts(18431,21): error TS1005: ')' expected.
data/algos/generated_striver_algos.ts(18432,13): error TS1005: ']' expected.
data/algos/generated_striver_algos.ts(18433,13): error TS1005: ']' expected.
data/algos/generated_striver_algos.ts(18434,5): error TS1434: Unexpected keyword or identifier.
data/algos/generated_striver_algos.ts(18434,23): error TS1005: ';' expected.
data/algos/generated_striver_algos.ts(18434,25): error TS1127: Invalid character.
data/algos/generated_striver_algos.ts(18434,27): error TS1005: ';' expected.
data/algos/generated_striver_algos.ts(18435,30): error TS1005: '>' expected.
data/algos/generated_striver_algos.ts(18435,38): error TS1005: ';' expected.
data/algos/generated_striver_algos.ts(18437,16): error TS1005: '(' expected.
data/algos/generated_striver_algos.ts(18437,40): error TS1005: ')' expected.
data/algos/generated_striver_algos.ts(18437,75): error TS1005: ';' expected.
data/algos/generated_striver_algos.ts(18438,16): error TS1005: '(' expected.
data/algos/generated_striver_algos.ts(18438,42): error TS1005: ')' expected.
data/algos/generated_striver_algos.ts(18472,20): error TS1005: ';' expected.
data/algos/generated_striver_algos.ts(18472,38): error TS1005: ';' expected.
data/algos/generated_striver_algos.ts(18474,9): error TS1005: '(' expected.
data/algos/generated_striver_algos.ts(18475,9): error TS1005: ',' expected.
data/algos/generated_striver_algos.ts(18475,25): error TS1005: ')' expected.
data/algos/generated_striver_algos.ts(18475,50): error TS1005: ';' expected.
data/algos/generated_striver_algos.ts(18475,55): error TS1127: Invalid character.
data/algos/generated_striver_algos.ts(18475,56): error TS1127: Invalid character.
data/algos/generated_striver_algos.ts(18476,25): error TS1005: ')' expected.
data/algos/generated_striver_algos.ts(18476,50): error TS1005: ';' expected.
data/algos/generated_striver_algos.ts(18476,51): error TS1128: Declaration or statement expected.
data/algos/generated_striver_algos.ts(18482,20): error TS1005: ';' expected.
data/algos/generated_striver_algos.ts(18520,20): error TS1005: ';' expected.
data/algos/generated_striver_algos.ts(18521,1): error TS1005: '=' expected.
data/algos/generated_striver_algos.ts(18521,5): error TS1005: ';' expected.
data/algos/generated_striver_algos.ts(18521,28): error TS1005: ';' expected.
data/algos/generated_striver_algos.ts(18522,17): error TS1109: Expression expected.
data/algos/generated_striver_algos.ts(18522,18): error TS1434: Unexpected keyword or identifier.
data/algos/generated_striver_algos.ts(18522,19): error TS1128: Declaration or statement expected.
data/algos/generated_striver_algos.ts(18524,9): error TS1005: '(' expected.
data/algos/generated_striver_algos.ts(18524,33): error TS1005: ')' expected.
data/algos/generated_striver_algos.ts(18525,12): error TS1005: '(' expected.
data/algos/generated_striver_algos.ts(18525,29): error TS1005: ')' expected.
data/algos/generated_striver_algos.ts(18571,20): error TS1005: ';' expected.
data/algos/generated_striver_algos.ts(18572,1): error TS1005: '=' expected.
data/algos/generated_striver_algos.ts(18572,5): error TS1005: ';' expected.
data/algos/generated_striver_algos.ts(18572,24): error TS1005: ';' expected.
data/algos/generated_striver_algos.ts(18573,5): error TS1127: Invalid character.
data/algos/generated_striver_algos.ts(18573,7): error TS1005: ';' expected.
data/algos/generated_striver_algos.ts(18573,14): error TS1434: Unexpected keyword or identifier.
data/algos/generated_striver_algos.ts(18573,21): error TS1434: Unexpected keyword or identifier.
data/algos/generated_striver_algos.ts(18573,24): error TS1434: Unexpected keyword or identifier.
data/algos/generated_striver_algos.ts(18573,42): error TS1005: ';' expected.
data/algos/generated_striver_algos.ts(18573,47): error TS1005: '(' expected.
data/algos/generated_striver_algos.ts(18573,53): error TS1005: ')' expected.
data/algos/generated_striver_algos.ts(18573,64): error TS1002: Unterminated string literal.
data/algos/generated_striver_algos.ts(18574,16): error TS1005: ',' expected.
data/algos/generated_striver_algos.ts(18574,20): error TS1005: '(' expected.
data/algos/generated_striver_algos.ts(18574,29): error TS1109: Expression expected.
data/algos/generated_striver_algos.ts(18574,30): error TS1434: Unexpected keyword or identifier.
data/algos/generated_striver_algos.ts(18574,31): error TS1128: Declaration or statement expected.
data/algos/generated_striver_algos.ts(18574,32): error TS1128: Declaration or statement expected.
data/algos/generated_striver_algos.ts(18576,9): error TS1005: '(' expected.
data/algos/generated_striver_algos.ts(18576,32): error TS1005: ')' expected.
data/algos/generated_striver_algos.ts(18577,12): error TS1005: '(' expected.
data/algos/generated_striver_algos.ts(18577,29): error TS1005: ')' expected.
data/algos/generated_striver_algos.ts(18611,20): error TS1005: ';' expected.
data/algos/generated_striver_algos.ts(18612,1): error TS1005: '=' expected.
data/algos/generated_striver_algos.ts(18612,5): error TS1005: ';' expected.
data/algos/generated_striver_algos.ts(18612,24): error TS1005: ';' expected.
data/algos/generated_striver_algos.ts(18613,16): error TS1109: Expression expected.
data/algos/generated_striver_algos.ts(18613,20): error TS1005: ';' expected.
data/algos/generated_striver_algos.ts(18616,9): error TS1005: '(' expected.
data/algos/generated_striver_algos.ts(18616,34): error TS1005: ')' expected.
data/algos/generated_striver_algos.ts(18618,11): error TS1005: '(' expected.
data/algos/generated_striver_algos.ts(18618,15): error TS1005: ')' expected.
data/algos/generated_striver_algos.ts(18652,20): error TS1005: ';' expected.
data/algos/generated_striver_algos.ts(18652,44): error TS1005: ';' expected.
data/algos/generated_striver_algos.ts(18654,28): error TS1005: ',' expected.
data/algos/generated_striver_algos.ts(18654,32): error TS1005: ':' expected.
data/algos/generated_striver_algos.ts(18654,39): error TS1005: ',' expected.
data/algos/generated_striver_algos.ts(18655,25): error TS1005: ',' expected.
data/algos/generated_striver_algos.ts(18655,29): error TS1005: '(' expected.
data/algos/generated_striver_algos.ts(18655,37): error TS1005: ')' expected.
data/algos/generated_striver_algos.ts(18659,20): error TS1005: ';' expected.
data/algos/generated_striver_algos.ts(18696,20): error TS1005: ';' expected.
data/algos/generated_striver_algos.ts(18696,25): error TS1434: Unexpected keyword or identifier.
data/algos/generated_striver_algos.ts(18696,53): error TS1005: '{' expected.
data/algos/generated_striver_algos.ts(18698,1): error TS1005: '=' expected.
data/algos/generated_striver_algos.ts(18698,5): error TS1005: ';' expected.
data/algos/generated_striver_algos.ts(18698,28): error TS1005: ';' expected.
data/algos/generated_striver_algos.ts(18700,22): error TS1005: ',' expected.
data/algos/generated_striver_algos.ts(18700,26): error TS1005: '(' expected.
data/algos/generated_striver_algos.ts(18700,48): error TS1005: ')' expected.
data/algos/generated_striver_algos.ts(18703,11): error TS1005: '(' expected.
data/algos/generated_striver_algos.ts(18703,20): error TS1005: ')' expected.
data/algos/generated_striver_algos.ts(18705,12): error TS1005: '(' expected.
data/algos/generated_striver_algos.ts(18705,20): error TS1005: ')' expected.
data/algos/generated_striver_algos.ts(18707,16): error TS1005: '(' expected.
data/algos/generated_striver_algos.ts(18707,23): error TS1005: ')' expected.
data/algos/generated_striver_algos.ts(18708,12): error TS1005: '(' expected.
data/algos/generated_striver_algos.ts(18708,14): error TS1005: ')' expected.
data/algos/generated_striver_algos.ts(18708,33): error TS1005: ';' expected.
data/algos/generated_striver_algos.ts(18724,78): error TS1005: ';' expected.
data/algos/generated_striver_algos.ts(18724,87): error TS1443: Module declaration names may only use ' or " quoted strings.
data/algos/generated_striver_algos.ts(18742,20): error TS1005: ';' expected.
data/algos/generated_striver_algos.ts(18742,25): error TS1434: Unexpected keyword or identifier.
data/algos/generated_striver_algos.ts(18743,1): error TS1005: '=' expected.
data/algos/generated_striver_algos.ts(18744,1): error TS1005: '=' expected.
data/algos/generated_striver_algos.ts(18744,5): error TS1005: ';' expected.
data/algos/generated_striver_algos.ts(18744,37): error TS1005: ';' expected.
data/algos/generated_striver_algos.ts(18748,11): error TS1005: '(' expected.
data/algos/generated_striver_algos.ts(18748,16): error TS1005: ')' expected.
data/algos/generated_striver_algos.ts(18750,13): error TS1005: '(' expected.
data/algos/generated_striver_algos.ts(18750,49): error TS1005: ')' expected.
data/algos/generated_striver_algos.ts(18751,16): error TS1005: '(' expected.
data/algos/generated_striver_algos.ts(18751,29): error TS1005: ')' expected.
data/algos/generated_striver_algos.ts(18753,16): error TS1005: '(' expected.
data/algos/generated_striver_algos.ts(18753,29): error TS1005: ')' expected.
data/algos/generated_striver_algos.ts(18754,20): error TS1005: '(' expected.
data/algos/generated_striver_algos.ts(18754,45): error TS1005: ')' expected.
data/algos/generated_striver_algos.ts(18787,20): error TS1005: ';' expected.
data/algos/generated_striver_algos.ts(18787,25): error TS1434: Unexpected keyword or identifier.
data/algos/generated_striver_algos.ts(18788,1): error TS1005: '=' expected.
data/algos/generated_striver_algos.ts(18789,1): error TS1005: '=' expected.
data/algos/generated_striver_algos.ts(18789,14): error TS1005: '{' expected.
data/algos/generated_striver_algos.ts(18790,5): error TS1434: Unexpected keyword or identifier.
data/algos/generated_striver_algos.ts(18790,23): error TS1005: ';' expected.
data/algos/generated_striver_algos.ts(18792,41): error TS1127: Invalid character.
data/algos/generated_striver_algos.ts(18792,43): error TS1005: ';' expected.
data/algos/generated_striver_algos.ts(18792,47): error TS1109: Expression expected.
data/algos/generated_striver_algos.ts(18792,54): error TS1005: ';' expected.
data/algos/generated_striver_algos.ts(18793,43): error TS1127: Invalid character.
data/algos/generated_striver_algos.ts(18793,45): error TS1005: ';' expected.
data/algos/generated_striver_algos.ts(18793,49): error TS1109: Expression expected.
data/algos/generated_striver_algos.ts(18793,55): error TS1005: ';' expected.
data/algos/generated_striver_algos.ts(18794,5): error TS1434: Unexpected keyword or identifier.
data/algos/generated_striver_algos.ts(18794,41): error TS1005: ';' expected.
data/algos/generated_striver_algos.ts(18797,5): error TS1434: Unexpected keyword or identifier.
data/algos/generated_striver_algos.ts(18797,34): error TS1005: ';' expected.
data/algos/generated_striver_algos.ts(18801,13): error TS1005: '(' expected.
data/algos/generated_striver_algos.ts(18801,49): error TS1005: ')' expected.
data/algos/generated_striver_algos.ts(18802,16): error TS1005: '(' expected.
data/algos/generated_striver_algos.ts(18802,41): error TS1005: ')' expected.
data/algos/generated_striver_algos.ts(18807,15): error TS1005: '(' expected.
data/algos/generated_striver_algos.ts(18807,23): error TS1005: ')' expected.
data/algos/generated_striver_algos.ts(18807,40): error TS1005: ';' expected.
data/algos/generated_striver_algos.ts(18810,16): error TS1005: '(' expected.
data/algos/generated_striver_algos.ts(18810,24): error TS1005: ')' expected.
data/algos/generated_striver_algos.ts(18814,5): error TS1434: Unexpected keyword or identifier.
data/algos/generated_striver_algos.ts(18814,45): error TS1005: ';' expected.
data/algos/generated_striver_algos.ts(18816,5): error TS1434: Unexpected keyword or identifier.
data/algos/generated_striver_algos.ts(18816,47): error TS1005: ';' expected.
data/algos/generated_striver_algos.ts(18817,12): error TS1005: '(' expected.
data/algos/generated_striver_algos.ts(18817,52): error TS1005: ')' expected.
data/algos/generated_striver_algos.ts(18818,58): error TS1443: Module declaration names may only use ' or " quoted strings.
data/algos/generated_striver_algos.ts(18845,22): error TS1434: Unexpected keyword or identifier.
data/algos/generated_striver_algos.ts(18845,64): error TS1109: Expression expected.
data/algos/generated_striver_algos.ts(18845,70): error TS1005: ';' expected.
data/algos/generated_striver_algos.ts(18846,5): error TS1127: Invalid character.
data/algos/generated_striver_algos.ts(18846,7): error TS1005: ';' expected.
data/algos/generated_striver_algos.ts(18846,17): error TS1434: Unexpected keyword or identifier.
data/algos/generated_striver_algos.ts(18846,21): error TS1434: Unexpected keyword or identifier.
data/algos/generated_striver_algos.ts(18846,42): error TS1005: ';' expected.
data/algos/generated_striver_algos.ts(18847,9): error TS1443: Module declaration names may only use ' or " quoted strings.
data/algos/generated_striver_algos.ts(18857,22): error TS1005: ';' expected.
data/algos/generated_striver_algos.ts(18858,12): error TS1434: Unexpected keyword or identifier.
data/algos/generated_striver_algos.ts(18865,22): error TS1005: ';' expected.
data/algos/generated_striver_algos.ts(18865,67): error TS1005: ';' expected.
data/algos/generated_striver_algos.ts(18894,22): error TS1005: ';' expected.
data/algos/generated_striver_algos.ts(18894,57): error TS1109: Expression expected.
data/algos/generated_striver_algos.ts(18894,63): error TS1005: ';' expected.
data/algos/generated_striver_algos.ts(18895,5): error TS1127: Invalid character.
data/algos/generated_striver_algos.ts(18895,7): error TS1005: ';' expected.
data/algos/generated_striver_algos.ts(18895,17): error TS1434: Unexpected keyword or identifier.
data/algos/generated_striver_algos.ts(18895,25): error TS1434: Unexpected keyword or identifier.
data/algos/generated_striver_algos.ts(18895,29): error TS1434: Unexpected keyword or identifier.
data/algos/generated_striver_algos.ts(18896,9): error TS1443: Module declaration names may only use ' or " quoted strings.
data/algos/generated_striver_algos.ts(18906,22): error TS1005: ';' expected.
data/algos/generated_striver_algos.ts(18907,12): error TS1434: Unexpected keyword or identifier.
data/algos/generated_striver_algos.ts(18914,22): error TS1005: ';' expected.
data/algos/generated_striver_algos.ts(18914,60): error TS1005: ';' expected.
data/algos/generated_striver_algos.ts(18943,22): error TS1005: ';' expected.
data/algos/generated_striver_algos.ts(18943,61): error TS1109: Expression expected.
data/algos/generated_striver_algos.ts(18943,67): error TS1005: ';' expected.
data/algos/generated_striver_algos.ts(18944,5): error TS1127: Invalid character.
data/algos/generated_striver_algos.ts(18944,7): error TS1005: ';' expected.
data/algos/generated_striver_algos.ts(18944,17): error TS1434: Unexpected keyword or identifier.
data/algos/generated_striver_algos.ts(18944,22): error TS1434: Unexpected keyword or identifier.
data/algos/generated_striver_algos.ts(18944,29): error TS1434: Unexpected keyword or identifier.
data/algos/generated_striver_algos.ts(18944,34): error TS1434: Unexpected keyword or identifier.
data/algos/generated_striver_algos.ts(18944,39): error TS1434: Unexpected keyword or identifier.
data/algos/generated_striver_algos.ts(18945,9): error TS1443: Module declaration names may only use ' or " quoted strings.
data/algos/generated_striver_algos.ts(18955,22): error TS1005: ';' expected.
data/algos/generated_striver_algos.ts(18956,12): error TS1434: Unexpected keyword or identifier.
data/algos/generated_striver_algos.ts(18963,22): error TS1005: ';' expected.
data/algos/generated_striver_algos.ts(18963,64): error TS1005: ';' expected.
data/algos/generated_striver_algos.ts(18989,197): error TS1005: ';' expected.
data/algos/generated_striver_algos.ts(18989,201): error TS1443: Module declaration names may only use ' or " quoted strings.
data/algos/generated_striver_algos.ts(18998,1): error TS1005: '=' expected.
data/algos/generated_striver_algos.ts(18998,5): error TS1005: ';' expected.
data/algos/generated_striver_algos.ts(18998,23): error TS1005: ';' expected.
data/algos/generated_striver_algos.ts(19000,5): error TS1127: Invalid character.
data/algos/generated_striver_algos.ts(19000,31): error TS1005: ';' expected.
data/algos/generated_striver_algos.ts(19000,34): error TS1434: Unexpected keyword or identifier.
data/algos/generated_striver_algos.ts(19000,41): error TS1434: Unexpected keyword or identifier.
data/algos/generated_striver_algos.ts(19000,52): error TS1434: Unexpected keyword or identifier.
data/algos/generated_striver_algos.ts(19001,9): error TS1005: '(' expected.
data/algos/generated_striver_algos.ts(19001,33): error TS1005: ')' expected.
data/algos/generated_striver_algos.ts(19002,12): error TS1005: '(' expected.
data/algos/generated_striver_algos.ts(19002,13): error TS1005: ')' expected.
data/algos/generated_striver_algos.ts(19006,11): error TS1005: '(' expected.
data/algos/generated_striver_algos.ts(19006,15): error TS1005: ')' expected.
data/algos/generated_striver_algos.ts(19010,12): error TS1005: '(' expected.
data/algos/generated_striver_algos.ts(19010,21): error TS1005: ')' expected.
data/algos/generated_striver_algos.ts(19044,20): error TS1005: ';' expected.
data/algos/generated_striver_algos.ts(19044,49): error TS1005: ';' expected.
data/algos/generated_striver_algos.ts(19048,11): error TS1005: '(' expected.
data/algos/generated_striver_algos.ts(19048,26): error TS1005: ')' expected.
data/algos/generated_striver_algos.ts(19048,45): error TS1005: ';' expected.
data/algos/generated_striver_algos.ts(19049,12): error TS1005: '(' expected.
data/algos/generated_striver_algos.ts(19049,33): error TS1005: ')' expected.
data/algos/generated_striver_algos.ts(19056,20): error TS1005: ';' expected.
data/algos/generated_striver_algos.ts(19097,20): error TS1005: ';' expected.
data/algos/generated_striver_algos.ts(19097,52): error TS1005: ';' expected.
data/algos/generated_striver_algos.ts(19098,5): error TS1127: Invalid character.
data/algos/generated_striver_algos.ts(19098,7): error TS1005: ';' expected.
data/algos/generated_striver_algos.ts(19098,36): error TS1109: Expression expected.
data/algos/generated_striver_algos.ts(19099,27): error TS1005: ',' expected.
data/algos/generated_striver_algos.ts(19099,28): error TS1005: ',' expected.
data/algos/generated_striver_algos.ts(19101,9): error TS1005: '(' expected.
data/algos/generated_striver_algos.ts(19101,29): error TS1005: ')' expected.
data/algos/generated_striver_algos.ts(19102,12): error TS1005: '(' expected.
data/algos/generated_striver_algos.ts(19102,23): error TS1005: ')' expected.
data/algos/generated_striver_algos.ts(19105,9): error TS1128: Declaration or statement expected.
data/algos/generated_striver_algos.ts(19105,13): error TS1128: Declaration or statement expected.
data/algos/generated_striver_algos.ts(19140,20): error TS1005: ';' expected.
data/algos/generated_striver_algos.ts(19140,35): error TS1005: ';' expected.
data/algos/generated_striver_algos.ts(19143,9): error TS1005: '(' expected.
data/algos/generated_striver_algos.ts(19143,19): error TS1005: ')' expected.
data/algos/generated_striver_algos.ts(19144,15): error TS1005: '(' expected.
data/algos/generated_striver_algos.ts(19144,21): error TS1005: ')' expected.
data/algos/generated_striver_algos.ts(19179,20): error TS1005: ';' expected.
data/algos/generated_striver_algos.ts(19179,45): error TS1005: ';' expected.
data/algos/generated_striver_algos.ts(19181,9): error TS1005: '(' expected.
data/algos/generated_striver_algos.ts(19181,19): error TS1005: ')' expected.
data/algos/generated_striver_algos.ts(19182,12): error TS1005: '(' expected.
data/algos/generated_striver_algos.ts(19182,18): error TS1005: ')' expected.
data/algos/generated_striver_algos.ts(19183,9): error TS1434: Unexpected keyword or identifier.
data/algos/generated_striver_algos.ts(19183,21): error TS1005: ';' expected.
data/algos/generated_striver_algos.ts(19184,16): error TS1005: '(' expected.
data/algos/generated_striver_algos.ts(19184,20): error TS1005: ')' expected.
data/algos/generated_striver_algos.ts(19187,9): error TS1128: Declaration or statement expected.
data/algos/generated_striver_algos.ts(19187,13): error TS1128: Declaration or statement expected.
data/algos/generated_striver_algos.ts(19187,15): error TS1127: Invalid character.
data/algos/generated_striver_algos.ts(19187,17): error TS1005: ';' expected.
data/algos/generated_striver_algos.ts(19188,16): error TS1005: '(' expected.
data/algos/generated_striver_algos.ts(19188,20): error TS1005: ')' expected.
data/algos/generated_striver_algos.ts(19191,13): error TS1434: Unexpected keyword or identifier.
data/algos/generated_striver_algos.ts(19191,27): error TS1005: ';' expected.
data/algos/generated_striver_algos.ts(19193,13): error TS1128: Declaration or statement expected.
data/algos/generated_striver_algos.ts(19193,17): error TS1128: Declaration or statement expected.
data/algos/generated_striver_algos.ts(19218,162): error TS1005: ';' expected.
data/algos/generated_striver_algos.ts(19218,196): error TS1005: ',' expected.
data/algos/generated_striver_algos.ts(19218,225): error TS1443: Module declaration names may only use ' or " quoted strings.
data/algos/generated_striver_algos.ts(19218,270): error TS1005: ';' expected.
data/algos/generated_striver_algos.ts(19218,275): error TS1443: Module declaration names may only use ' or " quoted strings.
data/algos/generated_striver_algos.ts(19226,20): error TS1005: ';' expected.
data/algos/generated_striver_algos.ts(19226,43): error TS1005: ';' expected.
data/algos/generated_striver_algos.ts(19228,9): error TS1005: '(' expected.
data/algos/generated_striver_algos.ts(19228,18): error TS1005: ')' expected.
data/algos/generated_striver_algos.ts(19229,12): error TS1005: '(' expected.
data/algos/generated_striver_algos.ts(19229,23): error TS1005: ')' expected.
data/algos/generated_striver_algos.ts(19232,9): error TS1434: Unexpected keyword or identifier.
data/algos/generated_striver_algos.ts(19232,25): error TS1005: ';' expected.
data/algos/generated_striver_algos.ts(19235,9): error TS1128: Declaration or statement expected.
data/algos/generated_striver_algos.ts(19235,13): error TS1128: Declaration or statement expected.
data/algos/generated_striver_algos.ts(19235,15): error TS1127: Invalid character.
data/algos/generated_striver_algos.ts(19235,17): error TS1005: ';' expected.
data/algos/generated_striver_algos.ts(19238,12): error TS1005: '(' expected.
data/algos/generated_striver_algos.ts(19238,21): error TS1005: ')' expected.
data/algos/generated_striver_algos.ts(19272,20): error TS1005: ';' expected.
data/algos/generated_striver_algos.ts(19272,54): error TS1005: ';' expected.
data/algos/generated_striver_algos.ts(19273,61): error TS1005: ',' expected.
data/algos/generated_striver_algos.ts(19273,62): error TS1005: ',' expected.
data/algos/generated_striver_algos.ts(19276,9): error TS1005: '(' expected.
data/algos/generated_striver_algos.ts(19276,25): error TS1005: ')' expected.
data/algos/generated_striver_algos.ts(19277,12): error TS1005: '(' expected.
data/algos/generated_striver_algos.ts(19277,37): error TS1005: ')' expected.
data/algos/generated_striver_algos.ts(19312,20): error TS1005: ';' expected.
data/algos/generated_striver_algos.ts(19312,49): error TS1005: ';' expected.
data/algos/generated_striver_algos.ts(19319,11): error TS1005: '(' expected.
data/algos/generated_striver_algos.ts(19319,17): error TS1005: ')' expected.
data/algos/generated_striver_algos.ts(19319,26): error TS1005: ';' expected.
data/algos/generated_striver_algos.ts(19320,12): error TS1005: '(' expected.
data/algos/generated_striver_algos.ts(19320,28): error TS1005: ')' expected.
data/algos/generated_striver_algos.ts(19323,9): error TS1434: Unexpected keyword or identifier.
data/algos/generated_striver_algos.ts(19323,29): error TS1005: ';' expected.
data/algos/generated_striver_algos.ts(19359,20): error TS1005: ';' expected.
data/algos/generated_striver_algos.ts(19359,46): error TS1005: ';' expected.
data/algos/generated_striver_algos.ts(19360,5): error TS1127: Invalid character.
data/algos/generated_striver_algos.ts(19360,7): error TS1005: ';' expected.
data/algos/generated_striver_algos.ts(19360,42): error TS1109: Expression expected.
data/algos/generated_striver_algos.ts(19361,26): error TS1005: ',' expected.
data/algos/generated_striver_algos.ts(19361,27): error TS1005: ',' expected.
data/algos/generated_striver_algos.ts(19362,22): error TS1005: ',' expected.
data/algos/generated_striver_algos.ts(19362,26): error TS1005: '(' expected.
data/algos/generated_striver_algos.ts(19365,9): error TS1005: '(' expected.
data/algos/generated_striver_algos.ts(19365,22): error TS1005: ')' expected.
data/algos/generated_striver_algos.ts(19366,13): error TS1005: '(' expected.
data/algos/generated_striver_algos.ts(19366,42): error TS1005: ')' expected.
data/algos/generated_striver_algos.ts(19367,16): error TS1005: '(' expected.
data/algos/generated_striver_algos.ts(19367,30): error TS1005: ')' expected.
data/algos/generated_striver_algos.ts(19404,20): error TS1005: ';' expected.
data/algos/generated_striver_algos.ts(19404,38): error TS1005: ';' expected.
data/algos/generated_striver_algos.ts(19407,5): error TS1127: Invalid character.
data/algos/generated_striver_algos.ts(19407,7): error TS1005: ';' expected.
data/algos/generated_striver_algos.ts(19408,9): error TS1005: '(' expected.
data/algos/generated_striver_algos.ts(19408,25): error TS1005: ')' expected.
data/algos/generated_striver_algos.ts(19409,12): error TS1005: '(' expected.
data/algos/generated_striver_algos.ts(19409,37): error TS1005: ')' expected.
data/algos/generated_striver_algos.ts(19411,5): error TS1127: Invalid character.
data/algos/generated_striver_algos.ts(19411,7): error TS1005: ';' expected.
data/algos/generated_striver_algos.ts(19412,9): error TS1005: '(' expected.
data/algos/generated_striver_algos.ts(19412,32): error TS1005: ')' expected.
data/algos/generated_striver_algos.ts(19413,12): error TS1005: '(' expected.
data/algos/generated_striver_algos.ts(19413,37): error TS1005: ')' expected.
data/algos/generated_striver_algos.ts(19439,169): error TS1005: ';' expected.
data/algos/generated_striver_algos.ts(19447,20): error TS1005: ';' expected.
data/algos/generated_striver_algos.ts(19447,54): error TS1005: ';' expected.
data/algos/generated_striver_algos.ts(19451,5): error TS1127: Invalid character.
data/algos/generated_striver_algos.ts(19451,7): error TS1005: ';' expected.
data/algos/generated_striver_algos.ts(19451,10): error TS1005: ';' expected.
data/algos/generated_striver_algos.ts(19452,11): error TS1005: '(' expected.
data/algos/generated_striver_algos.ts(19452,17): error TS1005: ')' expected.
data/algos/generated_striver_algos.ts(19452,53): error TS1005: ';' expected.
data/algos/generated_striver_algos.ts(19455,5): error TS1127: Invalid character.
data/algos/generated_striver_algos.ts(19455,7): error TS1005: ';' expected.
data/algos/generated_striver_algos.ts(19455,10): error TS1005: ';' expected.
data/algos/generated_striver_algos.ts(19456,11): error TS1005: '(' expected.
data/algos/generated_striver_algos.ts(19456,17): error TS1005: ')' expected.
data/algos/generated_striver_algos.ts(19456,54): error TS1005: ';' expected.
data/algos/generated_striver_algos.ts(19461,5): error TS1127: Invalid character.
data/algos/generated_striver_algos.ts(19461,7): error TS1005: ';' expected.
data/algos/generated_striver_algos.ts(19461,10): error TS1005: ';' expected.
data/algos/generated_striver_algos.ts(19462,11): error TS1005: '(' expected.
data/algos/generated_striver_algos.ts(19462,16): error TS1005: ')' expected.
data/algos/generated_striver_algos.ts(19497,20): error TS1005: ';' expected.
data/algos/generated_striver_algos.ts(19497,40): error TS1005: ';' expected.
data/algos/generated_striver_algos.ts(19498,31): error TS1005: ',' expected.
data/algos/generated_striver_algos.ts(19498,32): error TS1005: ',' expected.
data/algos/generated_striver_algos.ts(19500,8): error TS1005: '(' expected.
data/algos/generated_striver_algos.ts(19500,12): error TS1005: ')' expected.
data/algos/generated_striver_algos.ts(19502,9): error TS1005: '(' expected.
data/algos/generated_striver_algos.ts(19502,38): error TS1005: ')' expected.
data/algos/generated_striver_algos.ts(19505,12): error TS1005: '(' expected.
data/algos/generated_striver_algos.ts(19505,34): error TS1005: ')' expected.
data/algos/generated_striver_algos.ts(19507,13): error TS1109: Expression expected.
data/algos/generated_striver_algos.ts(19536,22): error TS1005: ';' expected.
data/algos/generated_striver_algos.ts(19536,58): error TS1109: Expression expected.
data/algos/generated_striver_algos.ts(19536,64): error TS1005: ';' expected.
data/algos/generated_striver_algos.ts(19537,5): error TS1127: Invalid character.
data/algos/generated_striver_algos.ts(19537,7): error TS1005: ';' expected.
data/algos/generated_striver_algos.ts(19537,33): error TS1005: ';' expected.
data/algos/generated_striver_algos.ts(19538,9): error TS1443: Module declaration names may only use ' or " quoted strings.
data/algos/generated_striver_algos.ts(19548,22): error TS1005: ';' expected.
data/algos/generated_striver_algos.ts(19549,12): error TS1434: Unexpected keyword or identifier.
data/algos/generated_striver_algos.ts(19556,22): error TS1005: ';' expected.
data/algos/generated_striver_algos.ts(19556,61): error TS1005: ';' expected.
data/algos/generated_striver_algos.ts(19586,20): error TS1005: ';' expected.
data/algos/generated_striver_algos.ts(19586,56): error TS1005: ';' expected.
data/algos/generated_striver_algos.ts(19587,8): error TS1005: '(' expected.
data/algos/generated_striver_algos.ts(19587,12): error TS1005: ')' expected.
data/algos/generated_striver_algos.ts(19588,31): error TS1005: ',' expected.
data/algos/generated_striver_algos.ts(19588,32): error TS1005: ',' expected.
data/algos/generated_striver_algos.ts(19591,9): error TS1005: '(' expected.
data/algos/generated_striver_algos.ts(19591,38): error TS1005: ')' expected.
data/algos/generated_striver_algos.ts(19592,12): error TS1005: '(' expected.
data/algos/generated_striver_algos.ts(19592,39): error TS1005: ')' expected.
data/algos/generated_striver_algos.ts(19628,20): error TS1127: Invalid character.
data/algos/generated_striver_algos.ts(19628,22): error TS1005: ';' expected.
data/algos/generated_striver_algos.ts(19629,11): error TS1005: '{' expected.
data/algos/generated_striver_algos.ts(19630,5): error TS1434: Unexpected keyword or identifier.
data/algos/generated_striver_algos.ts(19630,28): error TS1005: ';' expected.
data/algos/generated_striver_algos.ts(19665,20): error TS1005: ';' expected.
data/algos/generated_striver_algos.ts(19665,27): error TS1434: Unexpected keyword or identifier.
data/algos/generated_striver_algos.ts(19666,5): error TS1434: Unexpected keyword or identifier.
data/algos/generated_striver_algos.ts(19667,5): error TS1434: Unexpected keyword or identifier.
data/algos/generated_striver_algos.ts(19668,5): error TS1434: Unexpected keyword or identifier.
data/algos/generated_striver_algos.ts(19669,14): error TS1005: ',' expected.
data/algos/generated_striver_algos.ts(19669,19): error TS1005: ';' expected.
data/algos/generated_striver_algos.ts(19677,20): error TS1005: ';' expected.
data/algos/generated_striver_algos.ts(19677,30): error TS1005: '{' expected.
data/algos/generated_striver_algos.ts(19678,5): error TS1434: Unexpected keyword or identifier.
data/algos/generated_striver_algos.ts(19678,28): error TS1005: ';' expected.
data/algos/generated_striver_algos.ts(19713,20): error TS1005: ';' expected.
data/algos/generated_striver_algos.ts(19713,38): error TS1005: ';' expected.
data/algos/generated_striver_algos.ts(19714,8): error TS1005: '(' expected.
data/algos/generated_striver_algos.ts(19714,12): error TS1005: ')' expected.
data/algos/generated_striver_algos.ts(19719,20): error TS1005: ';' expected.
data/algos/generated_striver_algos.ts(19761,20): error TS1005: ';' expected.
data/algos/generated_striver_algos.ts(19761,39): error TS1005: ';' expected.
data/algos/generated_striver_algos.ts(19762,8): error TS1005: '(' expected.
data/algos/generated_striver_algos.ts(19762,12): error TS1005: ')' expected.
data/algos/generated_striver_algos.ts(19767,20): error TS1005: ';' expected.
data/algos/generated_striver_algos.ts(19809,20): error TS1005: ';' expected.
data/algos/generated_striver_algos.ts(19809,25): error TS1434: Unexpected keyword or identifier.
data/algos/generated_striver_algos.ts(19810,1): error TS1005: '=' expected.
data/algos/generated_striver_algos.ts(19810,5): error TS1005: ';' expected.
data/algos/generated_striver_algos.ts(19810,21): error TS1005: ';' expected.
data/algos/generated_striver_algos.ts(19811,8): error TS1005: '(' expected.
data/algos/generated_striver_algos.ts(19811,12): error TS1005: ')' expected.
data/algos/generated_striver_algos.ts(19813,11): error TS1005: '(' expected.
data/algos/generated_striver_algos.ts(19813,12): error TS1005: ')' expected.
data/algos/generated_striver_algos.ts(19815,13): error TS1005: '(' expected.
data/algos/generated_striver_algos.ts(19815,31): error TS1005: ')' expected.
data/algos/generated_striver_algos.ts(19818,16): error TS1005: '(' expected.
data/algos/generated_striver_algos.ts(19818,25): error TS1005: ')' expected.
data/algos/generated_striver_algos.ts(19819,16): error TS1005: '(' expected.
data/algos/generated_striver_algos.ts(19819,26): error TS1005: ')' expected.
data/algos/generated_striver_algos.ts(19853,20): error TS1005: ';' expected.
data/algos/generated_striver_algos.ts(19853,47): error TS1005: ';' expected.
data/algos/generated_striver_algos.ts(19854,8): error TS1005: '(' expected.
data/algos/generated_striver_algos.ts(19854,12): error TS1005: ')' expected.
data/algos/generated_striver_algos.ts(19856,11): error TS1005: '(' expected.
data/algos/generated_striver_algos.ts(19856,16): error TS1005: ')' expected.
data/algos/generated_striver_algos.ts(19859,12): error TS1005: '(' expected.
data/algos/generated_striver_algos.ts(19859,22): error TS1005: ')' expected.
data/algos/generated_striver_algos.ts(19860,12): error TS1005: '(' expected.
data/algos/generated_striver_algos.ts(19860,21): error TS1005: ')' expected.
data/algos/generated_striver_algos.ts(19893,20): error TS1005: ';' expected.
data/algos/generated_striver_algos.ts(19893,46): error TS1005: ';' expected.
data/algos/generated_striver_algos.ts(19895,11): error TS1005: '(' expected.
data/algos/generated_striver_algos.ts(19895,17): error TS1005: ')' expected.
data/algos/generated_striver_algos.ts(19896,15): error TS1005: '(' expected.
data/algos/generated_striver_algos.ts(19896,19): error TS1005: ')' expected.
data/algos/generated_striver_algos.ts(19933,20): error TS1005: ';' expected.
data/algos/generated_striver_algos.ts(19933,48): error TS1005: ';' expected.
data/algos/generated_striver_algos.ts(19934,8): error TS1005: '(' expected.
data/algos/generated_striver_algos.ts(19934,12): error TS1005: ')' expected.
data/algos/generated_striver_algos.ts(19936,11): error TS1005: '(' expected.
data/algos/generated_striver_algos.ts(19936,13): error TS1005: ')' expected.
data/algos/generated_striver_algos.ts(19939,12): error TS1005: '(' expected.
data/algos/generated_striver_algos.ts(19939,21): error TS1005: ')' expected.
data/algos/generated_striver_algos.ts(19940,12): error TS1005: '(' expected.
data/algos/generated_striver_algos.ts(19940,22): error TS1005: ')' expected.
data/algos/generated_striver_algos.ts(19941,15): error TS1109: Expression expected.
data/algos/generated_striver_algos.ts(19941,16): error TS1128: Declaration or statement expected.
data/algos/generated_striver_algos.ts(19941,19): error TS1005: ';' expected.
data/algos/generated_striver_algos.ts(19972,20): error TS1005: ';' expected.
data/algos/generated_striver_algos.ts(19972,47): error TS1005: ';' expected.
data/algos/generated_striver_algos.ts(19975,11): error TS1005: '(' expected.
data/algos/generated_striver_algos.ts(19975,17): error TS1005: ')' expected.
data/algos/generated_striver_algos.ts(19976,12): error TS1005: '(' expected.
data/algos/generated_striver_algos.ts(19976,16): error TS1005: ')' expected.
data/algos/generated_striver_algos.ts(19979,9): error TS1128: Declaration or statement expected.
data/algos/generated_striver_algos.ts(19979,13): error TS1128: Declaration or statement expected.
data/algos/generated_striver_algos.ts(19981,16): error TS1005: '(' expected.
data/algos/generated_striver_algos.ts(19981,27): error TS1005: ')' expected.
data/algos/generated_striver_algos.ts(19981,57): error TS1005: ';' expected.
data/algos/generated_striver_algos.ts(19983,13): error TS1128: Declaration or statement expected.
data/algos/generated_striver_algos.ts(19983,17): error TS1128: Declaration or statement expected.
data/algos/generated_striver_algos.ts(20017,20): error TS1005: ';' expected.
data/algos/generated_striver_algos.ts(20017,43): error TS1005: ';' expected.
data/algos/generated_striver_algos.ts(20018,8): error TS1005: '(' expected.
data/algos/generated_striver_algos.ts(20018,12): error TS1005: ')' expected.
data/algos/generated_striver_algos.ts(20021,11): error TS1005: '(' expected.
data/algos/generated_striver_algos.ts(20021,16): error TS1005: ')' expected.
data/algos/generated_striver_algos.ts(20023,12): error TS1005: '(' expected.
data/algos/generated_striver_algos.ts(20023,22): error TS1005: ')' expected.
data/algos/generated_striver_algos.ts(20023,24): error TS1127: Invalid character.
data/algos/generated_striver_algos.ts(20023,26): error TS1005: ';' expected.
data/algos/generated_striver_algos.ts(20026,16): error TS1005: '(' expected.
data/algos/generated_striver_algos.ts(20026,25): error TS1005: ')' expected.
data/algos/generated_striver_algos.ts(20027,9): error TS1434: Unexpected keyword or identifier.
data/algos/generated_striver_algos.ts(20027,24): error TS1005: ';' expected.
data/algos/generated_striver_algos.ts(20027,26): error TS1127: Invalid character.
data/algos/generated_striver_algos.ts(20027,28): error TS1005: ';' expected.
data/algos/generated_striver_algos.ts(20030,16): error TS1005: '(' expected.
data/algos/generated_striver_algos.ts(20030,26): error TS1005: ')' expected.
data/algos/generated_striver_algos.ts(20031,13): error TS1109: Expression expected.
data/algos/generated_striver_algos.ts(20031,15): error TS1127: Invalid character.
data/algos/generated_striver_algos.ts(20031,17): error TS1005: ';' expected.
data/algos/generated_striver_algos.ts(20066,20): error TS1005: ';' expected.
data/algos/generated_striver_algos.ts(20066,38): error TS1005: ';' expected.
data/algos/generated_striver_algos.ts(20067,8): error TS1005: '(' expected.
data/algos/generated_striver_algos.ts(20067,12): error TS1005: ')' expected.
data/algos/generated_striver_algos.ts(20099,20): error TS1005: ';' expected.
data/algos/generated_striver_algos.ts(20099,40): error TS1005: ';' expected.
data/algos/generated_striver_algos.ts(20100,5): error TS1434: Unexpected keyword or identifier.
data/algos/generated_striver_algos.ts(20100,20): error TS1005: ';' expected.
data/algos/generated_striver_algos.ts(20101,12): error TS1005: '(' expected.
data/algos/generated_striver_algos.ts(20101,16): error TS1005: ')' expected.
data/algos/generated_striver_algos.ts(20103,12): error TS1005: '(' expected.
data/algos/generated_striver_algos.ts(20103,22): error TS1005: ')' expected.
data/algos/generated_striver_algos.ts(20105,12): error TS1005: '(' expected.
data/algos/generated_striver_algos.ts(20105,23): error TS1005: ')' expected.
data/algos/generated_striver_algos.ts(20107,12): error TS1005: '(' expected.
data/algos/generated_striver_algos.ts(20107,33): error TS1005: ')' expected.
data/algos/generated_striver_algos.ts(20133,75): error TS1005: ';' expected.
data/algos/generated_striver_algos.ts(20141,20): error TS1005: ';' expected.
data/algos/generated_striver_algos.ts(20141,50): error TS1005: ';' expected.
data/algos/generated_striver_algos.ts(20143,5): error TS1434: Unexpected keyword or identifier.
data/algos/generated_striver_algos.ts(20143,21): error TS1005: ';' expected.
data/algos/generated_striver_algos.ts(20144,12): error TS1005: '(' expected.
data/algos/generated_striver_algos.ts(20144,16): error TS1005: ')' expected.
data/algos/generated_striver_algos.ts(20173,96): error TS1005: ';' expected.
data/algos/generated_striver_algos.ts(20173,211): error TS1005: ';' expected.
data/algos/generated_striver_algos.ts(20181,20): error TS1005: ';' expected.
data/algos/generated_striver_algos.ts(20181,40): error TS1005: ';' expected.
data/algos/generated_striver_algos.ts(20183,5): error TS1434: Unexpected keyword or identifier.
data/algos/generated_striver_algos.ts(20183,20): error TS1005: ';' expected.
data/algos/generated_striver_algos.ts(20184,12): error TS1005: '(' expected.
data/algos/generated_striver_algos.ts(20184,16): error TS1005: ')' expected.
data/algos/generated_striver_algos.ts(20222,20): error TS1005: ';' expected.
data/algos/generated_striver_algos.ts(20222,40): error TS1005: ';' expected.
data/algos/generated_striver_algos.ts(20223,8): error TS1005: '(' expected.
data/algos/generated_striver_algos.ts(20223,12): error TS1005: ')' expected.
data/algos/generated_striver_algos.ts(20223,14): error TS1434: Unexpected keyword or identifier.
data/algos/generated_striver_algos.ts(20223,17): error TS1434: Unexpected keyword or identifier.
data/algos/generated_striver_algos.ts(20224,28): error TS1005: ')' expected.
data/algos/generated_striver_algos.ts(20225,40): error TS1005: ';' expected.
data/algos/generated_striver_algos.ts(20226,41): error TS1005: ';' expected.
data/algos/generated_striver_algos.ts(20249,120): error TS1005: ';' expected.
data/algos/generated_striver_algos.ts(20249,127): error TS1443: Module declaration names may only use ' or " quoted strings.
data/algos/generated_striver_algos.ts(20257,20): error TS1434: Unexpected keyword or identifier.
data/algos/generated_striver_algos.ts(20257,25): error TS1434: Unexpected keyword or identifier.
data/algos/generated_striver_algos.ts(20258,1): error TS1005: '=' expected.
data/algos/generated_striver_algos.ts(20258,5): error TS1005: ';' expected.
data/algos/generated_striver_algos.ts(20258,27): error TS1005: ';' expected.
data/algos/generated_striver_algos.ts(20259,8): error TS1005: '(' expected.
data/algos/generated_striver_algos.ts(20259,12): error TS1005: ')' expected.
data/algos/generated_striver_algos.ts(20262,11): error TS1005: '(' expected.
data/algos/generated_striver_algos.ts(20262,12): error TS1005: ')' expected.
data/algos/generated_striver_algos.ts(20264,13): error TS1005: '(' expected.
data/algos/generated_striver_algos.ts(20264,31): error TS1005: ')' expected.
data/algos/generated_striver_algos.ts(20267,16): error TS1005: '(' expected.
data/algos/generated_striver_algos.ts(20267,25): error TS1005: ')' expected.
data/algos/generated_striver_algos.ts(20268,16): error TS1005: '(' expected.
data/algos/generated_striver_algos.ts(20268,26): error TS1005: ')' expected.
data/algos/generated_striver_algos.ts(20269,12): error TS1005: '(' expected.
data/algos/generated_striver_algos.ts(20269,19): error TS1005: ')' expected.
data/algos/generated_striver_algos.ts(20271,23): error TS1005: ';' expected.
data/algos/generated_striver_algos.ts(20303,20): error TS1005: ';' expected.
data/algos/generated_striver_algos.ts(20303,47): error TS1005: ';' expected.
data/algos/generated_striver_algos.ts(20304,8): error TS1005: '(' expected.
data/algos/generated_striver_algos.ts(20304,12): error TS1005: ')' expected.
data/algos/generated_striver_algos.ts(20307,5): error TS1434: Unexpected keyword or identifier.
data/algos/generated_striver_algos.ts(20307,21): error TS1005: ';' expected.
data/algos/generated_striver_algos.ts(20308,21): error TS1005: ';' expected.
data/algos/generated_striver_algos.ts(20308,25): error TS1434: Unexpected keyword or identifier.
data/algos/generated_striver_algos.ts(20308,39): error TS1005: ';' expected.
data/algos/generated_striver_algos.ts(20308,43): error TS1434: Unexpected keyword or identifier.
data/algos/generated_striver_algos.ts(20310,5): error TS1434: Unexpected keyword or identifier.
data/algos/generated_striver_algos.ts(20310,22): error TS1005: ';' expected.
data/algos/generated_striver_algos.ts(20312,15): error TS1005: '(' expected.
data/algos/generated_striver_algos.ts(20312,19): error TS1005: ')' expected.
data/algos/generated_striver_algos.ts(20313,16): error TS1005: '(' expected.
data/algos/generated_striver_algos.ts(20313,20): error TS1005: ')' expected.
data/algos/generated_striver_algos.ts(20313,32): error TS1005: ';' expected.
data/algos/generated_striver_algos.ts(20314,16): error TS1005: '(' expected.
data/algos/generated_striver_algos.ts(20314,25): error TS1005: ')' expected.
data/algos/generated_striver_algos.ts(20315,17): error TS1109: Expression expected.
data/algos/generated_striver_algos.ts(20317,5): error TS1434: Unexpected keyword or identifier.
data/algos/generated_striver_algos.ts(20317,24): error TS1005: ';' expected.
data/algos/generated_striver_algos.ts(20318,12): error TS1005: '(' expected.
data/algos/generated_striver_algos.ts(20318,24): error TS1005: ')' expected.
data/algos/generated_striver_algos.ts(20321,12): error TS1005: '(' expected.
data/algos/generated_striver_algos.ts(20321,21): error TS1005: ')' expected.
data/algos/generated_striver_algos.ts(20322,12): error TS1005: '(' expected.
data/algos/generated_striver_algos.ts(20322,22): error TS1005: ')' expected.
data/algos/generated_striver_algos.ts(20324,5): error TS1434: Unexpected keyword or identifier.
data/algos/generated_striver_algos.ts(20324,23): error TS1005: ';' expected.
data/algos/generated_striver_algos.ts(20327,15): error TS1005: '(' expected.
data/algos/generated_striver_algos.ts(20327,19): error TS1005: ')' expected.
data/algos/generated_striver_algos.ts(20328,16): error TS1005: '(' expected.
data/algos/generated_striver_algos.ts(20328,20): error TS1005: ')' expected.
data/algos/generated_striver_algos.ts(20328,32): error TS1005: ';' expected.
data/algos/generated_striver_algos.ts(20329,16): error TS1005: '(' expected.
data/algos/generated_striver_algos.ts(20329,26): error TS1005: ')' expected.
data/algos/generated_striver_algos.ts(20330,17): error TS1109: Expression expected.
data/algos/generated_striver_algos.ts(20331,25): error TS1109: Expression expected.
data/algos/generated_striver_algos.ts(20331,26): error TS1135: Argument expression expected.
data/algos/generated_striver_algos.ts(20331,29): error TS1005: ',' expected.
data/algos/generated_striver_algos.ts(20333,8): error TS1005: '(' expected.
data/algos/generated_striver_algos.ts(20333,12): error TS1005: ')' expected.
data/algos/generated_striver_algos.ts(20333,24): error TS1005: ';' expected.
data/algos/generated_striver_algos.ts(20361,181): error TS1005: ';' expected.
data/algos/generated_striver_algos.ts(20361,184): error TS1109: Expression expected.
data/algos/generated_striver_algos.ts(20361,191): error TS1005: ';' expected.
data/algos/generated_striver_algos.ts(20361,202): error TS1443: Module declaration names may only use ' or " quoted strings.
data/algos/generated_striver_algos.ts(20361,223): error TS1443: Module declaration names may only use ' or " quoted strings.
data/algos/generated_striver_algos.ts(20361,258): error TS1443: Module declaration names may only use ' or " quoted strings.
data/algos/generated_striver_algos.ts(20361,269): error TS1443: Module declaration names may only use ' or " quoted strings.
data/algos/generated_striver_algos.ts(20369,20): error TS1434: Unexpected keyword or identifier.
data/algos/generated_striver_algos.ts(20369,25): error TS1434: Unexpected keyword or identifier.
data/algos/generated_striver_algos.ts(20369,51): error TS1005: '{' expected.
data/algos/generated_striver_algos.ts(20370,1): error TS1434: Unexpected keyword or identifier.
data/algos/generated_striver_algos.ts(20370,28): error TS1005: ';' expected.
data/algos/generated_striver_algos.ts(20373,11): error TS1005: '(' expected.
data/algos/generated_striver_algos.ts(20373,12): error TS1005: ')' expected.
data/algos/generated_striver_algos.ts(20376,12): error TS1005: '(' expected.
data/algos/generated_striver_algos.ts(20376,21): error TS1005: ')' expected.
data/algos/generated_striver_algos.ts(20377,12): error TS1005: '(' expected.
data/algos/generated_striver_algos.ts(20377,22): error TS1005: ')' expected.
data/algos/generated_striver_algos.ts(20380,9): error TS1005: '(' expected.
data/algos/generated_striver_algos.ts(20380,34): error TS1005: ')' expected.
data/algos/generated_striver_algos.ts(20381,9): error TS1127: Invalid character.
data/algos/generated_striver_algos.ts(20381,11): error TS1005: ';' expected.
data/algos/generated_striver_algos.ts(20381,16): error TS1434: Unexpected keyword or identifier.
data/algos/generated_striver_algos.ts(20381,29): error TS1005: ';' expected.
data/algos/generated_striver_algos.ts(20383,25): error TS1005: ',' expected.
data/algos/generated_striver_algos.ts(20383,29): error TS1005: '(' expected.
data/algos/generated_striver_algos.ts(20383,45): error TS1005: ')' expected.
data/algos/generated_striver_algos.ts(20383,46): error TS1128: Declaration or statement expected.
data/algos/generated_striver_algos.ts(20407,106): error TS1005: ';' expected.
data/algos/generated_striver_algos.ts(20407,107): error TS1443: Module declaration names may only use ' or " quoted strings.
data/algos/generated_striver_algos.ts(20407,175): error TS1443: Module declaration names may only use ' or " quoted strings.
data/algos/generated_striver_algos.ts(20415,20): error TS1434: Unexpected keyword or identifier.
data/algos/generated_striver_algos.ts(20415,25): error TS1434: Unexpected keyword or identifier.
data/algos/generated_striver_algos.ts(20416,1): error TS1005: '=' expected.
data/algos/generated_striver_algos.ts(20416,5): error TS1005: ';' expected.
data/algos/generated_striver_algos.ts(20416,18): error TS1005: ';' expected.
data/algos/generated_striver_algos.ts(20417,8): error TS1005: '(' expected.
data/algos/generated_striver_algos.ts(20417,12): error TS1005: ')' expected.
data/algos/generated_striver_algos.ts(20418,16): error TS1127: Invalid character.
data/algos/generated_striver_algos.ts(20418,18): error TS1005: ';' expected.
data/algos/generated_striver_algos.ts(20418,22): error TS1109: Expression expected.
data/algos/generated_striver_algos.ts(20420,11): error TS1005: '(' expected.
data/algos/generated_striver_algos.ts(20420,12): error TS1005: ')' expected.
data/algos/generated_striver_algos.ts(20422,12): error TS1005: '(' expected.
data/algos/generated_striver_algos.ts(20422,15): error TS1005: ')' expected.
data/algos/generated_striver_algos.ts(20422,27): error TS1005: ';' expected.
data/algos/generated_striver_algos.ts(20424,12): error TS1005: '(' expected.
data/algos/generated_striver_algos.ts(20424,21): error TS1005: ')' expected.
data/algos/generated_striver_algos.ts(20425,12): error TS1005: '(' expected.
data/algos/generated_striver_algos.ts(20425,22): error TS1005: ')' expected.
data/algos/generated_striver_algos.ts(20428,9): error TS1005: '(' expected.
data/algos/generated_striver_algos.ts(20428,35): error TS1005: ')' expected.
data/algos/generated_striver_algos.ts(20453,187): error TS1005: ';' expected.
data/algos/generated_striver_algos.ts(20453,189): error TS1443: Module declaration names may only use ' or " quoted strings.
data/algos/generated_striver_algos.ts(20461,20): error TS1434: Unexpected keyword or identifier.
data/algos/generated_striver_algos.ts(20461,25): error TS1434: Unexpected keyword or identifier.
data/algos/generated_striver_algos.ts(20462,1): error TS1005: '=' expected.
data/algos/generated_striver_algos.ts(20462,5): error TS1005: ';' expected.
data/algos/generated_striver_algos.ts(20462,21): error TS1005: ';' expected.
data/algos/generated_striver_algos.ts(20463,8): error TS1005: '(' expected.
data/algos/generated_striver_algos.ts(20463,12): error TS1005: ')' expected.
data/algos/generated_striver_algos.ts(20464,16): error TS1127: Invalid character.
data/algos/generated_striver_algos.ts(20464,18): error TS1005: ';' expected.
data/algos/generated_striver_algos.ts(20464,22): error TS1109: Expression expected.
data/algos/generated_striver_algos.ts(20466,11): error TS1005: '(' expected.
data/algos/generated_striver_algos.ts(20466,12): error TS1005: ')' expected.
data/algos/generated_striver_algos.ts(20469,12): error TS1005: '(' expected.
data/algos/generated_striver_algos.ts(20469,21): error TS1005: ')' expected.
data/algos/generated_striver_algos.ts(20470,12): error TS1005: '(' expected.
data/algos/generated_striver_algos.ts(20470,22): error TS1005: ')' expected.
data/algos/generated_striver_algos.ts(20473,9): error TS1005: '(' expected.
data/algos/generated_striver_algos.ts(20473,35): error TS1005: ')' expected.
data/algos/generated_striver_algos.ts(20498,123): error TS1005: ';' expected.
data/algos/generated_striver_algos.ts(20498,128): error TS1443: Module declaration names may only use ' or " quoted strings.
data/algos/generated_striver_algos.ts(20506,20): error TS1434: Unexpected keyword or identifier.
data/algos/generated_striver_algos.ts(20506,43): error TS1005: ';' expected.
data/algos/generated_striver_algos.ts(20508,5): error TS1434: Unexpected keyword or identifier.
data/algos/generated_striver_algos.ts(20508,25): error TS1005: ';' expected.
data/algos/generated_striver_algos.ts(20509,12): error TS1005: '(' expected.
data/algos/generated_striver_algos.ts(20509,16): error TS1005: ')' expected.
data/algos/generated_striver_algos.ts(20510,12): error TS1005: '(' expected.
data/algos/generated_striver_algos.ts(20510,29): error TS1005: ')' expected.
data/algos/generated_striver_algos.ts(20538,124): error TS1005: ';' expected.
data/algos/generated_striver_algos.ts(20538,125): error TS1443: Module declaration names may only use ' or " quoted strings.
data/algos/generated_striver_algos.ts(20538,133): error TS1443: Module declaration names may only use ' or " quoted strings.
data/algos/generated_striver_algos.ts(20538,191): error TS1443: Module declaration names may only use ' or " quoted strings.
data/algos/generated_striver_algos.ts(20538,216): error TS1443: Module declaration names may only use ' or " quoted strings.
data/algos/generated_striver_algos.ts(20538,231): error TS1443: Module declaration names may only use ' or " quoted strings.
data/algos/generated_striver_algos.ts(20538,255): error TS1443: Module declaration names may only use ' or " quoted strings.
data/algos/generated_striver_algos.ts(20546,20): error TS1434: Unexpected keyword or identifier.
data/algos/generated_striver_algos.ts(20546,41): error TS1005: ';' expected.
data/algos/generated_striver_algos.ts(20547,8): error TS1005: '(' expected.
data/algos/generated_striver_algos.ts(20547,12): error TS1005: ')' expected.
data/algos/generated_striver_algos.ts(20548,5): error TS1434: Unexpected keyword or identifier.
data/algos/generated_striver_algos.ts(20548,23): error TS1005: ';' expected.
data/algos/generated_striver_algos.ts(20549,12): error TS1005: '(' expected.
data/algos/generated_striver_algos.ts(20549,16): error TS1005: ')' expected.
data/algos/generated_striver_algos.ts(20549,18): error TS1434: Unexpected keyword or identifier.
data/algos/generated_striver_algos.ts(20549,21): error TS1434: Unexpected keyword or identifier.
data/algos/generated_striver_algos.ts(20550,32): error TS1005: ')' expected.
data/algos/generated_striver_algos.ts(20551,43): error TS1005: ';' expected.
data/algos/generated_striver_algos.ts(20552,42): error TS1005: ';' expected.
data/algos/generated_striver_algos.ts(20584,20): error TS1005: ';' expected.
data/algos/generated_striver_algos.ts(20584,45): error TS1005: ';' expected.
data/algos/generated_striver_algos.ts(20585,5): error TS1434: Unexpected keyword or identifier.
data/algos/generated_striver_algos.ts(20585,26): error TS1005: ';' expected.
data/algos/generated_striver_algos.ts(20586,12): error TS1005: '(' expected.
data/algos/generated_striver_algos.ts(20586,16): error TS1005: ')' expected.
data/algos/generated_striver_algos.ts(20588,12): error TS1005: '(' expected.
data/algos/generated_striver_algos.ts(20588,30): error TS1005: ')' expected.
data/algos/generated_striver_algos.ts(20589,12): error TS1005: '(' expected.
data/algos/generated_striver_algos.ts(20589,35): error TS1005: ')' expected.
data/algos/generated_striver_algos.ts(20589,61): error TS1005: ';' expected.
data/algos/generated_striver_algos.ts(20591,20): error TS1127: Invalid character.
data/algos/generated_striver_algos.ts(20591,22): error TS1005: ';' expected.
data/algos/generated_striver_algos.ts(20620,77): error TS1005: ';' expected.
data/algos/generated_striver_algos.ts(20620,78): error TS1443: Module declaration names may only use ' or " quoted strings.
data/algos/generated_striver_algos.ts(20620,85): error TS1443: Module declaration names may only use ' or " quoted strings.
data/algos/generated_striver_algos.ts(20628,20): error TS1434: Unexpected keyword or identifier.
data/algos/generated_striver_algos.ts(20628,56): error TS1005: ';' expected.
data/algos/generated_striver_algos.ts(20629,8): error TS1005: '(' expected.
data/algos/generated_striver_algos.ts(20629,12): error TS1005: ')' expected.
data/algos/generated_striver_algos.ts(20629,17): error TS1434: Unexpected keyword or identifier.
data/algos/generated_striver_algos.ts(20629,30): error TS1005: ';' expected.
data/algos/generated_striver_algos.ts(20629,42): error TS1005: ';' expected.
data/algos/generated_striver_algos.ts(20633,8): error TS1005: '(' expected.
data/algos/generated_striver_algos.ts(20633,13): error TS1005: ')' expected.
data/algos/generated_striver_algos.ts(20634,17): error TS1005: ';' expected.
data/algos/generated_striver_algos.ts(20657,200): error TS1443: Module declaration names may only use ' or " quoted strings.
data/algos/generated_striver_algos.ts(20665,20): error TS1434: Unexpected keyword or identifier.
data/algos/generated_striver_algos.ts(20665,25): error TS1434: Unexpected keyword or identifier.
data/algos/generated_striver_algos.ts(20666,1): error TS1005: '=' expected.
data/algos/generated_striver_algos.ts(20666,5): error TS1005: ';' expected.
data/algos/generated_striver_algos.ts(20666,28): error TS1005: ';' expected.
data/algos/generated_striver_algos.ts(20667,8): error TS1005: '(' expected.
data/algos/generated_striver_algos.ts(20667,12): error TS1005: ')' expected.
data/algos/generated_striver_algos.ts(20669,11): error TS1005: '(' expected.
data/algos/generated_striver_algos.ts(20669,12): error TS1005: ')' expected.
data/algos/generated_striver_algos.ts(20672,13): error TS1005: '(' expected.
data/algos/generated_striver_algos.ts(20672,35): error TS1005: ')' expected.
data/algos/generated_striver_algos.ts(20674,13): error TS1127: Invalid character.
data/algos/generated_striver_algos.ts(20674,15): error TS1005: ';' expected.
data/algos/generated_striver_algos.ts(20674,25): error TS1434: Unexpected keyword or identifier.
data/algos/generated_striver_algos.ts(20674,31): error TS1434: Unexpected keyword or identifier.
data/algos/generated_striver_algos.ts(20674,34): error TS1434: Unexpected keyword or identifier.
data/algos/generated_striver_algos.ts(20674,42): error TS1434: Unexpected keyword or identifier.
data/algos/generated_striver_algos.ts(20676,16): error TS1005: '(' expected.
data/algos/generated_striver_algos.ts(20676,35): error TS1005: ')' expected.
data/algos/generated_striver_algos.ts(20678,16): error TS1005: '(' expected.
data/algos/generated_striver_algos.ts(20678,25): error TS1005: ')' expected.
data/algos/generated_striver_algos.ts(20679,16): error TS1005: '(' expected.
data/algos/generated_striver_algos.ts(20679,26): error TS1005: ')' expected.
data/algos/generated_striver_algos.ts(20703,56): error TS1005: ';' expected.
data/algos/generated_striver_algos.ts(20703,119): error TS1005: ';' expected.
data/algos/generated_striver_algos.ts(20703,127): error TS1443: Module declaration names may only use ' or " quoted strings.
data/algos/generated_striver_algos.ts(20703,279): error TS1443: Module declaration names may only use ' or " quoted strings.
data/algos/generated_striver_algos.ts(20711,20): error TS1434: Unexpected keyword or identifier.
data/algos/generated_striver_algos.ts(20711,37): error TS1005: ';' expected.
data/algos/generated_striver_algos.ts(20712,8): error TS1005: '(' expected.
data/algos/generated_striver_algos.ts(20712,12): error TS1005: ')' expected.
data/algos/generated_striver_algos.ts(20714,8): error TS1005: '(' expected.
data/algos/generated_striver_algos.ts(20714,17): error TS1005: ')' expected.
data/algos/generated_striver_algos.ts(20715,8): error TS1005: '(' expected.
data/algos/generated_striver_algos.ts(20715,18): error TS1005: ')' expected.
data/algos/generated_striver_algos.ts(20717,8): error TS1005: '(' expected.
data/algos/generated_striver_algos.ts(20717,29): error TS1005: ')' expected.
data/algos/generated_striver_algos.ts(20719,9): error TS1109: Expression expected.
data/algos/generated_striver_algos.ts(20720,12): error TS1005: '(' expected.
data/algos/generated_striver_algos.ts(20720,21): error TS1005: ')' expected.
data/algos/generated_striver_algos.ts(20721,12): error TS1005: '(' expected.
data/algos/generated_striver_algos.ts(20721,22): error TS1005: ')' expected.
data/algos/generated_striver_algos.ts(20727,8): error TS1005: '(' expected.
data/algos/generated_striver_algos.ts(20727,17): error TS1005: ')' expected.
data/algos/generated_striver_algos.ts(20728,8): error TS1005: '(' expected.
data/algos/generated_striver_algos.ts(20728,18): error TS1005: ')' expected.
data/algos/generated_striver_algos.ts(20729,8): error TS1005: '(' expected.
data/algos/generated_striver_algos.ts(20729,18): error TS1005: ')' expected.
data/algos/generated_striver_algos.ts(20729,31): error TS1005: ';' expected.
data/algos/generated_striver_algos.ts(20760,20): error TS1005: ';' expected.
data/algos/generated_striver_algos.ts(20760,25): error TS1434: Unexpected keyword or identifier.
data/algos/generated_striver_algos.ts(20761,1): error TS1005: '=' expected.
data/algos/generated_striver_algos.ts(20761,5): error TS1005: ';' expected.
data/algos/generated_striver_algos.ts(20761,31): error TS1005: ';' expected.
data/algos/generated_striver_algos.ts(20764,11): error TS1005: '(' expected.
data/algos/generated_striver_algos.ts(20764,12): error TS1005: ')' expected.
data/algos/generated_striver_algos.ts(20764,14): error TS1127: Invalid character.
data/algos/generated_striver_algos.ts(20764,16): error TS1005: ';' expected.
data/algos/generated_striver_algos.ts(20764,22): error TS1434: Unexpected keyword or identifier.
data/algos/generated_striver_algos.ts(20766,12): error TS1005: '(' expected.
data/algos/generated_striver_algos.ts(20766,21): error TS1005: ')' expected.
data/algos/generated_striver_algos.ts(20769,12): error TS1005: '(' expected.
data/algos/generated_striver_algos.ts(20769,22): error TS1005: ')' expected.
data/algos/generated_striver_algos.ts(20775,11): error TS1005: '(' expected.
data/algos/generated_striver_algos.ts(20775,12): error TS1005: ')' expected.
data/algos/generated_striver_algos.ts(20777,12): error TS1005: '(' expected.
data/algos/generated_striver_algos.ts(20777,21): error TS1005: ')' expected.
data/algos/generated_striver_algos.ts(20780,13): error TS1005: '(' expected.
data/algos/generated_striver_algos.ts(20780,67): error TS1005: ')' expected.
data/algos/generated_striver_algos.ts(20781,16): error TS1005: '(' expected.
data/algos/generated_striver_algos.ts(20781,25): error TS1005: ')' expected.
data/algos/generated_striver_algos.ts(20781,29): error TS1434: Unexpected keyword or identifier.
data/algos/generated_striver_algos.ts(20781,52): error TS1005: ';' expected.
data/algos/generated_striver_algos.ts(20815,20): error TS1005: ';' expected.
data/algos/generated_striver_algos.ts(20815,45): error TS1005: ';' expected.
data/algos/generated_striver_algos.ts(20819,11): error TS1005: '(' expected.
data/algos/generated_striver_algos.ts(20819,12): error TS1005: ')' expected.
data/algos/generated_striver_algos.ts(20821,12): error TS1005: '(' expected.
data/algos/generated_striver_algos.ts(20821,29): error TS1005: ')' expected.
data/algos/generated_striver_algos.ts(20822,12): error TS1005: '(' expected.
data/algos/generated_striver_algos.ts(20822,21): error TS1005: ')' expected.
data/algos/generated_striver_algos.ts(20823,12): error TS1005: '(' expected.
data/algos/generated_striver_algos.ts(20823,22): error TS1005: ')' expected.
data/algos/generated_striver_algos.ts(20828,11): error TS1005: '(' expected.
data/algos/generated_striver_algos.ts(20828,12): error TS1005: ')' expected.
data/algos/generated_striver_algos.ts(20831,13): error TS1005: '(' expected.
data/algos/generated_striver_algos.ts(20831,68): error TS1005: ')' expected.
data/algos/generated_striver_algos.ts(20832,16): error TS1005: '(' expected.
data/algos/generated_striver_algos.ts(20832,26): error TS1005: ')' expected.
data/algos/generated_striver_algos.ts(20832,30): error TS1434: Unexpected keyword or identifier.
data/algos/generated_striver_algos.ts(20832,54): error TS1005: ';' expected.
data/algos/generated_striver_algos.ts(20866,20): error TS1005: ';' expected.
data/algos/generated_striver_algos.ts(20866,40): error TS1005: ';' expected.
data/algos/generated_striver_algos.ts(20867,8): error TS1005: '(' expected.
data/algos/generated_striver_algos.ts(20867,12): error TS1005: ')' expected.
data/algos/generated_striver_algos.ts(20868,5): error TS1434: Unexpected keyword or identifier.
data/algos/generated_striver_algos.ts(20868,23): error TS1005: ';' expected.
data/algos/generated_striver_algos.ts(20870,15): error TS1005: '(' expected.
data/algos/generated_striver_algos.ts(20870,19): error TS1005: ')' expected.
data/algos/generated_striver_algos.ts(20872,5): error TS1434: Unexpected keyword or identifier.
data/algos/generated_striver_algos.ts(20872,24): error TS1005: ';' expected.
data/algos/generated_striver_algos.ts(20874,15): error TS1005: '(' expected.
data/algos/generated_striver_algos.ts(20874,19): error TS1005: ')' expected.
data/algos/generated_striver_algos.ts(20878,8): error TS1005: '(' expected.
data/algos/generated_striver_algos.ts(20878,16): error TS1005: ')' expected.
data/algos/generated_striver_algos.ts(20878,18): error TS1127: Invalid character.
data/algos/generated_striver_algos.ts(20878,20): error TS1005: ';' expected.
data/algos/generated_striver_algos.ts(20907,22): error TS1005: ';' expected.
data/algos/generated_striver_algos.ts(20907,80): error TS1109: Expression expected.
data/algos/generated_striver_algos.ts(20907,86): error TS1005: ';' expected.
data/algos/generated_striver_algos.ts(20908,5): error TS1127: Invalid character.
data/algos/generated_striver_algos.ts(20908,7): error TS1005: ';' expected.
data/algos/generated_striver_algos.ts(20908,17): error TS1435: Unknown keyword or identifier. Did you mean 'constructor'?
data/algos/generated_striver_algos.ts(20908,27): error TS1434: Unexpected keyword or identifier.
data/algos/generated_striver_algos.ts(20908,34): error TS1434: Unexpected keyword or identifier.
data/algos/generated_striver_algos.ts(20908,39): error TS1434: Unexpected keyword or identifier.
data/algos/generated_striver_algos.ts(20908,44): error TS1434: Unexpected keyword or identifier.
data/algos/generated_striver_algos.ts(20908,52): error TS1434: Unexpected keyword or identifier.
data/algos/generated_striver_algos.ts(20908,56): error TS1434: Unexpected keyword or identifier.
data/algos/generated_striver_algos.ts(20909,9): error TS1443: Module declaration names may only use ' or " quoted strings.
data/algos/generated_striver_algos.ts(20919,22): error TS1005: ';' expected.
data/algos/generated_striver_algos.ts(20920,12): error TS1434: Unexpected keyword or identifier.
data/algos/generated_striver_algos.ts(20927,22): error TS1005: ';' expected.
data/algos/generated_striver_algos.ts(20927,83): error TS1005: ';' expected.
data/algos/generated_striver_algos.ts(20952,236): error TS1005: ';' expected.
data/algos/generated_striver_algos.ts(20952,254): error TS1443: Module declaration names may only use ' or " quoted strings.
data/algos/generated_striver_algos.ts(20960,20): error TS1434: Unexpected keyword or identifier.
data/algos/generated_striver_algos.ts(20960,53): error TS1005: ';' expected.
data/algos/generated_striver_algos.ts(20961,23): error TS1005: ',' expected.
data/algos/generated_striver_algos.ts(20961,27): error TS1005: ':' expected.
data/algos/generated_striver_algos.ts(20961,34): error TS1005: ',' expected.
data/algos/generated_striver_algos.ts(20962,5): error TS1434: Unexpected keyword or identifier.
data/algos/generated_striver_algos.ts(20962,32): error TS1005: ';' expected.
data/algos/generated_striver_algos.ts(20963,12): error TS1005: '(' expected.
data/algos/generated_striver_algos.ts(20963,29): error TS1005: ')' expected.
data/algos/generated_striver_algos.ts(20967,9): error TS1127: Invalid character.
data/algos/generated_striver_algos.ts(20967,11): error TS1005: ';' expected.
data/algos/generated_striver_algos.ts(20967,16): error TS1434: Unexpected keyword or identifier.
data/algos/generated_striver_algos.ts(20967,22): error TS1434: Unexpected keyword or identifier.
data/algos/generated_striver_algos.ts(20967,28): error TS1434: Unexpected keyword or identifier.
data/algos/generated_striver_algos.ts(20967,35): error TS1435: Unknown keyword or identifier. Did you mean 'let'?
data/algos/generated_striver_algos.ts(20967,44): error TS1005: '(' expected.
data/algos/generated_striver_algos.ts(20968,9): error TS1005: ';' expected.
data/algos/generated_striver_algos.ts(20969,9): error TS1005: ';' expected.
data/algos/generated_striver_algos.ts(20970,9): error TS1005: ')' expected.
data/algos/generated_striver_algos.ts(21003,20): error TS1005: ';' expected.
data/algos/generated_striver_algos.ts(21003,25): error TS1434: Unexpected keyword or identifier.
data/algos/generated_striver_algos.ts(21004,1): error TS1005: '=' expected.
data/algos/generated_striver_algos.ts(21004,12): error TS1005: '{' expected.
data/algos/generated_striver_algos.ts(21005,5): error TS1434: Unexpected keyword or identifier.
data/algos/generated_striver_algos.ts(21005,30): error TS1005: ';' expected.
data/algos/generated_striver_algos.ts(21006,12): error TS1005: '(' expected.
data/algos/generated_striver_algos.ts(21006,16): error TS1005: ')' expected.
data/algos/generated_striver_algos.ts(21008,15): error TS1005: '(' expected.
data/algos/generated_striver_algos.ts(21008,16): error TS1005: ')' expected.
data/algos/generated_striver_algos.ts(21010,16): error TS1005: '(' expected.
data/algos/generated_striver_algos.ts(21010,20): error TS1005: ')' expected.
data/algos/generated_striver_algos.ts(21013,13): error TS1128: Declaration or statement expected.
data/algos/generated_striver_algos.ts(21013,17): error TS1128: Declaration or statement expected.
data/algos/generated_striver_algos.ts(21017,5): error TS1434: Unexpected keyword or identifier.
data/algos/generated_striver_algos.ts(21017,32): error TS1005: ';' expected.
data/algos/generated_striver_algos.ts(21018,12): error TS1005: '(' expected.
data/algos/generated_striver_algos.ts(21018,16): error TS1005: ')' expected.
data/algos/generated_striver_algos.ts(21023,15): error TS1005: '(' expected.
data/algos/generated_striver_algos.ts(21023,16): error TS1005: ')' expected.
data/algos/generated_striver_algos.ts(21025,16): error TS1005: '(' expected.
data/algos/generated_striver_algos.ts(21025,31): error TS1005: ')' expected.
data/algos/generated_striver_algos.ts(21029,16): error TS1005: '(' expected.
data/algos/generated_striver_algos.ts(21029,31): error TS1005: ')' expected.
data/algos/generated_striver_algos.ts(21064,20): error TS1005: ';' expected.
data/algos/generated_striver_algos.ts(21064,44): error TS1005: ';' expected.
data/algos/generated_striver_algos.ts(21066,11): error TS1005: '(' expected.
data/algos/generated_striver_algos.ts(21066,15): error TS1005: ')' expected.
data/algos/generated_striver_algos.ts(21067,12): error TS1005: '(' expected.
data/algos/generated_striver_algos.ts(21067,16): error TS1005: ')' expected.
data/algos/generated_striver_algos.ts(21067,25): error TS1005: ';' expected.
data/algos/generated_striver_algos.ts(21070,9): error TS1128: Declaration or statement expected.
data/algos/generated_striver_algos.ts(21070,13): error TS1128: Declaration or statement expected.
data/algos/generated_striver_algos.ts(21072,19): error TS1005: '(' expected.
data/algos/generated_striver_algos.ts(21072,30): error TS1005: ')' expected.
data/algos/generated_striver_algos.ts(21072,52): error TS1005: ';' expected.
data/algos/generated_striver_algos.ts(21075,16): error TS1005: '(' expected.
data/algos/generated_striver_algos.ts(21075,20): error TS1005: ')' expected.
data/algos/generated_striver_algos.ts(21075,30): error TS1005: ';' expected.
data/algos/generated_striver_algos.ts(21075,32): error TS1127: Invalid character.
data/algos/generated_striver_algos.ts(21075,34): error TS1005: ';' expected.
data/algos/generated_striver_algos.ts(21076,38): error TS1127: Invalid character.
data/algos/generated_striver_algos.ts(21076,40): error TS1005: ';' expected.
data/algos/generated_striver_algos.ts(21076,50): error TS1434: Unexpected keyword or identifier.
data/algos/generated_striver_algos.ts(21076,57): error TS1434: Unexpected keyword or identifier.
data/algos/generated_striver_algos.ts(21076,64): error TS1434: Unexpected keyword or identifier.
data/algos/generated_striver_algos.ts(21079,13): error TS1128: Declaration or statement expected.
data/algos/generated_striver_algos.ts(21079,17): error TS1128: Declaration or statement expected.
data/algos/generated_striver_algos.ts(21079,19): error TS1127: Invalid character.
data/algos/generated_striver_algos.ts(21079,21): error TS1005: ';' expected.
data/algos/generated_striver_algos.ts(21113,20): error TS1005: ';' expected.
data/algos/generated_striver_algos.ts(21113,37): error TS1005: ';' expected.
data/algos/generated_striver_algos.ts(21115,11): error TS1005: '(' expected.
data/algos/generated_striver_algos.ts(21115,15): error TS1005: ')' expected.
data/algos/generated_striver_algos.ts(21116,12): error TS1005: '(' expected.
data/algos/generated_striver_algos.ts(21116,21): error TS1005: ')' expected.
data/algos/generated_striver_algos.ts(21118,19): error TS1005: '(' expected.
data/algos/generated_striver_algos.ts(21118,29): error TS1005: ')' expected.
data/algos/generated_striver_algos.ts(21146,63): error TS1005: ';' expected.
data/algos/generated_striver_algos.ts(21154,20): error TS1005: ';' expected.
data/algos/generated_striver_algos.ts(21154,44): error TS1005: ';' expected.
data/algos/generated_striver_algos.ts(21155,11): error TS1005: '(' expected.
data/algos/generated_striver_algos.ts(21155,16): error TS1005: ')' expected.
data/algos/generated_striver_algos.ts(21155,35): error TS1005: ';' expected.
data/algos/generated_striver_algos.ts(21156,26): error TS1005: ';' expected.
data/algos/generated_striver_algos.ts(21156,29): error TS1005: '(' expected.
data/algos/generated_striver_algos.ts(21156,44): error TS1005: ')' expected.
data/algos/generated_striver_algos.ts(21189,20): error TS1005: ';' expected.
data/algos/generated_striver_algos.ts(21189,37): error TS1005: ';' expected.
data/algos/generated_striver_algos.ts(21190,8): error TS1005: '(' expected.
data/algos/generated_striver_algos.ts(21190,12): error TS1005: ')' expected.
data/algos/generated_striver_algos.ts(21191,11): error TS1005: '(' expected.
data/algos/generated_striver_algos.ts(21191,20): error TS1005: ')' expected.
data/algos/generated_striver_algos.ts(21195,1): error TS1434: Unexpected keyword or identifier.
data/algos/generated_striver_algos.ts(21195,18): error TS1005: ';' expected.
data/algos/generated_striver_algos.ts(21196,8): error TS1005: '(' expected.
data/algos/generated_striver_algos.ts(21196,12): error TS1005: ')' expected.
data/algos/generated_striver_algos.ts(21197,11): error TS1005: '(' expected.
data/algos/generated_striver_algos.ts(21197,21): error TS1005: ')' expected.
data/algos/generated_striver_algos.ts(21222,60): error TS1005: ';' expected.
data/algos/generated_striver_algos.ts(21222,97): error TS1005: ';' expected.
data/algos/generated_striver_algos.ts(21222,157): error TS1005: ';' expected.
data/algos/generated_striver_algos.ts(21230,20): error TS1005: ';' expected.
data/algos/generated_striver_algos.ts(21230,41): error TS1005: ';' expected.
data/algos/generated_striver_algos.ts(21232,11): error TS1005: '(' expected.
data/algos/generated_striver_algos.ts(21232,15): error TS1005: ')' expected.
data/algos/generated_striver_algos.ts(21233,12): error TS1005: '(' expected.
data/algos/generated_striver_algos.ts(21233,25): error TS1005: ')' expected.
data/algos/generated_striver_algos.ts(21235,12): error TS1005: '(' expected.
data/algos/generated_striver_algos.ts(21235,24): error TS1005: ')' expected.
data/algos/generated_striver_algos.ts(21237,13): error TS1109: Expression expected.
data/algos/generated_striver_algos.ts(21263,39): error TS1005: ';' expected.
data/algos/generated_striver_algos.ts(21263,77): error TS1005: ';' expected.
data/algos/generated_striver_algos.ts(21263,130): error TS1005: ';' expected.
data/algos/generated_striver_algos.ts(21271,20): error TS1005: ';' expected.
data/algos/generated_striver_algos.ts(21271,42): error TS1005: ';' expected.
data/algos/generated_striver_algos.ts(21273,11): error TS1005: '(' expected.
data/algos/generated_striver_algos.ts(21273,15): error TS1005: ')' expected.
data/algos/generated_striver_algos.ts(21274,12): error TS1005: '(' expected.
data/algos/generated_striver_algos.ts(21274,25): error TS1005: ')' expected.
data/algos/generated_striver_algos.ts(21276,12): error TS1005: '(' expected.
data/algos/generated_striver_algos.ts(21276,24): error TS1005: ')' expected.
data/algos/generated_striver_algos.ts(21278,13): error TS1109: Expression expected.
data/algos/generated_striver_algos.ts(21304,94): error TS1005: ';' expected.
data/algos/generated_striver_algos.ts(21304,98): error TS1443: Module declaration names may only use ' or " quoted strings.
data/algos/generated_striver_algos.ts(21312,20): error TS1434: Unexpected keyword or identifier.
data/algos/generated_striver_algos.ts(21312,48): error TS1005: ';' expected.
data/algos/generated_striver_algos.ts(21313,8): error TS1005: '(' expected.
data/algos/generated_striver_algos.ts(21313,12): error TS1005: ')' expected.
data/algos/generated_striver_algos.ts(21315,11): error TS1005: '(' expected.
data/algos/generated_striver_algos.ts(21315,15): error TS1005: ')' expected.
data/algos/generated_striver_algos.ts(21316,12): error TS1005: '(' expected.
data/algos/generated_striver_algos.ts(21316,26): error TS1005: ')' expected.
data/algos/generated_striver_algos.ts(21317,16): error TS1005: '(' expected.
data/algos/generated_striver_algos.ts(21317,25): error TS1005: ')' expected.
data/algos/generated_striver_algos.ts(21318,17): error TS1109: Expression expected.
data/algos/generated_striver_algos.ts(21321,9): error TS1128: Declaration or statement expected.
data/algos/generated_striver_algos.ts(21321,13): error TS1128: Declaration or statement expected.
data/algos/generated_striver_algos.ts(21322,16): error TS1005: '(' expected.
data/algos/generated_striver_algos.ts(21322,26): error TS1005: ')' expected.
data/algos/generated_striver_algos.ts(21323,17): error TS1109: Expression expected.
data/algos/generated_striver_algos.ts(21357,20): error TS1005: ';' expected.
data/algos/generated_striver_algos.ts(21357,45): error TS1005: ';' expected.
data/algos/generated_striver_algos.ts(21358,8): error TS1005: '(' expected.
data/algos/generated_striver_algos.ts(21358,12): error TS1005: ')' expected.
data/algos/generated_striver_algos.ts(21359,8): error TS1005: '(' expected.
data/algos/generated_striver_algos.ts(21359,23): error TS1005: ')' expected.
data/algos/generated_striver_algos.ts(21362,11): error TS1005: '(' expected.
data/algos/generated_striver_algos.ts(21362,15): error TS1005: ')' expected.
data/algos/generated_striver_algos.ts(21363,12): error TS1005: '(' expected.
data/algos/generated_striver_algos.ts(21363,26): error TS1005: ')' expected.
data/algos/generated_striver_algos.ts(21364,16): error TS1005: '(' expected.
data/algos/generated_striver_algos.ts(21364,26): error TS1005: ')' expected.
data/algos/generated_striver_algos.ts(21364,50): error TS1005: ';' expected.
data/algos/generated_striver_algos.ts(21367,13): error TS1128: Declaration or statement expected.
data/algos/generated_striver_algos.ts(21367,17): error TS1128: Declaration or statement expected.
data/algos/generated_striver_algos.ts(21368,9): error TS1128: Declaration or statement expected.
data/algos/generated_striver_algos.ts(21368,13): error TS1128: Declaration or statement expected.
data/algos/generated_striver_algos.ts(21369,16): error TS1005: '(' expected.
data/algos/generated_striver_algos.ts(21369,27): error TS1005: ')' expected.
data/algos/generated_striver_algos.ts(21369,52): error TS1005: ';' expected.
data/algos/generated_striver_algos.ts(21372,13): error TS1128: Declaration or statement expected.
data/algos/generated_striver_algos.ts(21372,17): error TS1128: Declaration or statement expected.
data/algos/generated_striver_algos.ts(21375,1): error TS1434: Unexpected keyword or identifier.
data/algos/generated_striver_algos.ts(21375,17): error TS1005: ';' expected.
data/algos/generated_striver_algos.ts(21376,8): error TS1005: '(' expected.
data/algos/generated_striver_algos.ts(21376,12): error TS1005: ')' expected.
data/algos/generated_striver_algos.ts(21376,21): error TS1005: ';' expected.
data/algos/generated_striver_algos.ts(21377,8): error TS1005: '(' expected.
data/algos/generated_striver_algos.ts(21377,12): error TS1005: ')' expected.
data/algos/generated_striver_algos.ts(21377,22): error TS1005: ';' expected.
data/algos/generated_striver_algos.ts(21378,5): error TS1127: Invalid character.
data/algos/generated_striver_algos.ts(21378,7): error TS1005: ';' expected.
data/algos/generated_striver_algos.ts(21378,15): error TS1434: Unexpected keyword or identifier.
data/algos/generated_striver_algos.ts(21378,21): error TS1434: Unexpected keyword or identifier.
data/algos/generated_striver_algos.ts(21378,27): error TS1434: Unexpected keyword or identifier.
data/algos/generated_striver_algos.ts(21378,30): error TS1434: Unexpected keyword or identifier.
data/algos/generated_striver_algos.ts(21378,34): error TS1434: Unexpected keyword or identifier.
data/algos/generated_striver_algos.ts(21378,44): error TS1434: Unexpected keyword or identifier.
data/algos/generated_striver_algos.ts(21378,49): error TS1434: Unexpected keyword or identifier.
data/algos/generated_striver_algos.ts(21378,52): error TS1434: Unexpected keyword or identifier.
data/algos/generated_striver_algos.ts(21378,56): error TS1435: Unknown keyword or identifier. Did you mean 'let'?
data/algos/generated_striver_algos.ts(21384,1): error TS1434: Unexpected keyword or identifier.
data/algos/generated_striver_algos.ts(21384,24): error TS1005: ';' expected.
data/algos/generated_striver_algos.ts(21385,11): error TS1005: '(' expected.
data/algos/generated_striver_algos.ts(21385,21): error TS1005: ')' expected.
data/algos/generated_striver_algos.ts(21418,20): error TS1005: ';' expected.
data/algos/generated_striver_algos.ts(21418,44): error TS1005: ';' expected.
data/algos/generated_striver_algos.ts(21420,5): error TS1434: Unexpected keyword or identifier.
data/algos/generated_striver_algos.ts(21420,22): error TS1005: ';' expected.
data/algos/generated_striver_algos.ts(21421,12): error TS1005: '(' expected.
data/algos/generated_striver_algos.ts(21421,16): error TS1005: ')' expected.
data/algos/generated_striver_algos.ts(21421,21): error TS1434: Unexpected keyword or identifier.
data/algos/generated_striver_algos.ts(21421,37): error TS1005: ';' expected.
data/algos/generated_striver_algos.ts(21424,12): error TS1005: '(' expected.
data/algos/generated_striver_algos.ts(21424,24): error TS1005: ')' expected.
data/algos/generated_striver_algos.ts(21451,139): error TS1005: ';' expected.
data/algos/generated_striver_algos.ts(21451,147): error TS1443: Module declaration names may only use ' or " quoted strings.
data/algos/generated_striver_algos.ts(21459,20): error TS1434: Unexpected keyword or identifier.
data/algos/generated_striver_algos.ts(21459,49): error TS1005: ';' expected.
data/algos/generated_striver_algos.ts(21461,5): error TS1434: Unexpected keyword or identifier.
data/algos/generated_striver_algos.ts(21461,21): error TS1005: ';' expected.
data/algos/generated_striver_algos.ts(21462,12): error TS1005: '(' expected.
data/algos/generated_striver_algos.ts(21462,34): error TS1005: ')' expected.
data/algos/generated_striver_algos.ts(21462,59): error TS1005: ';' expected.
data/algos/generated_striver_algos.ts(21492,232): error TS1005: ';' expected.
data/algos/generated_striver_algos.ts(21492,256): error TS1443: Module declaration names may only use ' or " quoted strings.
data/algos/generated_striver_algos.ts(21500,20): error TS1434: Unexpected keyword or identifier.
data/algos/generated_striver_algos.ts(21500,40): error TS1005: ';' expected.
data/algos/generated_striver_algos.ts(21501,5): error TS1434: Unexpected keyword or identifier.
data/algos/generated_striver_algos.ts(21501,34): error TS1005: ';' expected.
data/algos/generated_striver_algos.ts(21502,12): error TS1005: '(' expected.
data/algos/generated_striver_algos.ts(21502,16): error TS1005: ')' expected.
data/algos/generated_striver_algos.ts(21503,12): error TS1005: '(' expected.
data/algos/generated_striver_algos.ts(21503,39): error TS1005: ')' expected.
data/algos/generated_striver_algos.ts(21505,52): error TS1005: ')' expected.
data/algos/generated_striver_algos.ts(21506,53): error TS1005: ';' expected.
data/algos/generated_striver_algos.ts(21539,20): error TS1005: ';' expected.
data/algos/generated_striver_algos.ts(21539,56): error TS1005: ';' expected.
data/algos/generated_striver_algos.ts(21540,11): error TS1005: '(' expected.
data/algos/generated_striver_algos.ts(21540,15): error TS1005: ')' expected.
data/algos/generated_striver_algos.ts(21541,12): error TS1005: '(' expected.
data/algos/generated_striver_algos.ts(21541,29): error TS1005: ')' expected.
data/algos/generated_striver_algos.ts(21541,49): error TS1005: ';' expected.
data/algos/generated_striver_algos.ts(21543,9): error TS1434: Unexpected keyword or identifier.
data/algos/generated_striver_algos.ts(21543,31): error TS1005: ';' expected.
data/algos/generated_striver_algos.ts(21543,51): error TS1005: ';' expected.
data/algos/generated_striver_algos.ts(21545,9): error TS1128: Declaration or statement expected.
data/algos/generated_striver_algos.ts(21545,13): error TS1128: Declaration or statement expected.
data/algos/generated_striver_algos.ts(21569,68): error TS1005: ';' expected.
data/algos/generated_striver_algos.ts(21569,181): error TS1005: ';' expected.
data/algos/generated_striver_algos.ts(21569,190): error TS1127: Invalid character.
data/algos/generated_striver_algos.ts(21569,191): error TS1434: Unexpected keyword or identifier.
data/algos/generated_striver_algos.ts(21569,198): error TS1443: Module declaration names may only use ' or " quoted strings.
data/algos/generated_striver_algos.ts(21577,20): error TS1434: Unexpected keyword or identifier.
data/algos/generated_striver_algos.ts(21577,48): error TS1005: ';' expected.
data/algos/generated_striver_algos.ts(21579,11): error TS1005: '(' expected.
data/algos/generated_striver_algos.ts(21579,15): error TS1005: ')' expected.
data/algos/generated_striver_algos.ts(21580,12): error TS1005: '(' expected.
data/algos/generated_striver_algos.ts(21580,26): error TS1005: ')' expected.
data/algos/generated_striver_algos.ts(21583,9): error TS1128: Declaration or statement expected.
data/algos/generated_striver_algos.ts(21583,13): error TS1128: Declaration or statement expected.
data/algos/generated_striver_algos.ts(21587,1): error TS1434: Unexpected keyword or identifier.
data/algos/generated_striver_algos.ts(21587,31): error TS1005: ';' expected.
data/algos/generated_striver_algos.ts(21589,11): error TS1005: '(' expected.
data/algos/generated_striver_algos.ts(21589,15): error TS1005: ')' expected.
data/algos/generated_striver_algos.ts(21590,12): error TS1005: '(' expected.
data/algos/generated_striver_algos.ts(21590,26): error TS1005: ')' expected.
data/algos/generated_striver_algos.ts(21593,9): error TS1128: Declaration or statement expected.
data/algos/generated_striver_algos.ts(21593,13): error TS1128: Declaration or statement expected.
data/algos/generated_striver_algos.ts(21618,140): error TS1005: ';' expected.
data/algos/generated_striver_algos.ts(21618,186): error TS1005: ';' expected.
data/algos/generated_striver_algos.ts(21618,202): error TS1005: ';' expected.
data/algos/generated_striver_algos.ts(21618,253): error TS1005: ';' expected.
data/algos/generated_striver_algos.ts(21618,291): error TS1005: ';' expected.
data/algos/generated_striver_algos.ts(21618,296): error TS1443: Module declaration names may only use ' or " quoted strings.
data/algos/generated_striver_algos.ts(21618,315): error TS1443: Module declaration names may only use ' or " quoted strings.
data/algos/generated_striver_algos.ts(21618,347): error TS1443: Module declaration names may only use ' or " quoted strings.
data/algos/generated_striver_algos.ts(21626,34): error TS1005: '{' expected.
data/algos/generated_striver_algos.ts(21627,5): error TS1434: Unexpected keyword or identifier.
data/algos/generated_striver_algos.ts(21627,32): error TS1005: ';' expected.
data/algos/generated_striver_algos.ts(21630,9): error TS1434: Unexpected keyword or identifier.
data/algos/generated_striver_algos.ts(21630,26): error TS1005: ';' expected.
data/algos/generated_striver_algos.ts(21631,16): error TS1005: '(' expected.
data/algos/generated_striver_algos.ts(21631,20): error TS1005: ')' expected.
data/algos/generated_striver_algos.ts(21633,16): error TS1005: '(' expected.
data/algos/generated_striver_algos.ts(21633,26): error TS1005: ')' expected.
data/algos/generated_striver_algos.ts(21633,54): error TS1005: ';' expected.
data/algos/generated_striver_algos.ts(21634,20): error TS1005: '(' expected.
data/algos/generated_striver_algos.ts(21634,24): error TS1005: ')' expected.
data/algos/generated_striver_algos.ts(21634,34): error TS1005: ';' expected.
data/algos/generated_striver_algos.ts(21637,17): error TS1128: Declaration or statement expected.
data/algos/generated_striver_algos.ts(21637,21): error TS1128: Declaration or statement expected.
data/algos/generated_striver_algos.ts(21643,12): error TS1005: '(' expected.
data/algos/generated_striver_algos.ts(21643,23): error TS1005: ')' expected.
data/algos/generated_striver_algos.ts(21643,36): error TS1005: ';' expected.
data/algos/generated_striver_algos.ts(21645,9): error TS1434: Unexpected keyword or identifier.
data/algos/generated_striver_algos.ts(21645,25): error TS1005: ';' expected.
data/algos/generated_striver_algos.ts(21645,40): error TS1005: ';' expected.
data/algos/generated_striver_algos.ts(21669,96): error TS1005: ';' expected.
data/algos/generated_striver_algos.ts(21677,20): error TS1005: ';' expected.
data/algos/generated_striver_algos.ts(21677,34): error TS1005: '{' expected.
data/algos/generated_striver_algos.ts(21678,5): error TS1434: Unexpected keyword or identifier.
data/algos/generated_striver_algos.ts(21678,47): error TS1005: ';' expected.
data/algos/generated_striver_algos.ts(21683,1): error TS1434: Unexpected keyword or identifier.
data/algos/generated_striver_algos.ts(21683,21): error TS1005: ';' expected.
data/algos/generated_striver_algos.ts(21684,5): error TS1434: Unexpected keyword or identifier.
data/algos/generated_striver_algos.ts(21684,20): error TS1005: ';' expected.
data/algos/generated_striver_algos.ts(21685,12): error TS1005: '(' expected.
data/algos/generated_striver_algos.ts(21685,16): error TS1005: ')' expected.
data/algos/generated_striver_algos.ts(21691,9): error TS1127: Invalid character.
data/algos/generated_striver_algos.ts(21691,11): error TS1005: ';' expected.
data/algos/generated_striver_algos.ts(21691,20): error TS1005: '(' expected.
data/algos/generated_striver_algos.ts(21691,28): error TS1005: ')' expected.
data/algos/generated_striver_algos.ts(21691,33): error TS1228: A type predicate is only allowed in return type position for functions and methods.
data/algos/generated_striver_algos.ts(21691,36): error TS1434: Unexpected keyword or identifier.
data/algos/generated_striver_algos.ts(21692,12): error TS1005: '(' expected.
data/algos/generated_striver_algos.ts(21692,51): error TS1005: ')' expected.
data/algos/generated_striver_algos.ts(21693,13): error TS1127: Invalid character.
data/algos/generated_striver_algos.ts(21693,15): error TS1005: ';' expected.
data/algos/generated_striver_algos.ts(21693,18): error TS1228: A type predicate is only allowed in return type position for functions and methods.
data/algos/generated_striver_algos.ts(21693,21): error TS1434: Unexpected keyword or identifier.
data/algos/generated_striver_algos.ts(21698,9): error TS1127: Invalid character.
data/algos/generated_striver_algos.ts(21698,11): error TS1005: ';' expected.
data/algos/generated_striver_algos.ts(21698,15): error TS1434: Unexpected keyword or identifier.
data/algos/generated_striver_algos.ts(21698,22): error TS1109: Expression expected.
data/algos/generated_striver_algos.ts(21698,33): error TS1005: ';' expected.
data/algos/generated_striver_algos.ts(21735,20): error TS1127: Invalid character.
data/algos/generated_striver_algos.ts(21735,22): error TS1005: ';' expected.
data/algos/generated_striver_algos.ts(21736,12): error TS1005: '{' expected.
data/algos/generated_striver_algos.ts(21737,5): error TS1434: Unexpected keyword or identifier.
data/algos/generated_striver_algos.ts(21737,23): error TS1005: ';' expected.
data/algos/generated_striver_algos.ts(21763,55): error TS1005: ';' expected.
data/algos/generated_striver_algos.ts(21763,61): error TS1443: Module declaration names may only use ' or " quoted strings.
data/algos/generated_striver_algos.ts(21771,20): error TS1434: Unexpected keyword or identifier.
data/algos/generated_striver_algos.ts(21771,46): error TS1005: ';' expected.
data/algos/generated_striver_algos.ts(21772,15): error TS1005: ',' expected.
data/algos/generated_striver_algos.ts(21772,19): error TS1005: '(' expected.
data/algos/generated_striver_algos.ts(21772,36): error TS1005: ')' expected.
data/algos/generated_striver_algos.ts(21773,9): error TS1005: '(' expected.
data/algos/generated_striver_algos.ts(21773,22): error TS1005: ')' expected.
data/algos/generated_striver_algos.ts(21775,26): error TS1127: Invalid character.
data/algos/generated_striver_algos.ts(21775,28): error TS1005: ';' expected.
data/algos/generated_striver_algos.ts(21780,20): error TS1005: ';' expected.
data/algos/generated_striver_algos.ts(21781,9): error TS1005: ';' expected.
data/algos/generated_striver_algos.ts(21781,21): error TS1005: ')' expected.
data/algos/generated_striver_algos.ts(21781,26): error TS1005: ';' expected.
data/algos/generated_striver_algos.ts(21782,5): error TS1434: Unexpected keyword or identifier.
data/algos/generated_striver_algos.ts(21817,20): error TS1005: ';' expected.
data/algos/generated_striver_algos.ts(21817,45): error TS1005: ';' expected.
data/algos/generated_striver_algos.ts(21820,9): error TS1005: '(' expected.
data/algos/generated_striver_algos.ts(21820,29): error TS1005: ')' expected.
data/algos/generated_striver_algos.ts(21821,12): error TS1005: '(' expected.
data/algos/generated_striver_algos.ts(21821,16): error TS1005: ')' expected.
data/algos/generated_striver_algos.ts(21821,26): error TS1005: ';' expected.
data/algos/generated_striver_algos.ts(21823,34): error TS1127: Invalid character.
data/algos/generated_striver_algos.ts(21823,36): error TS1005: ';' expected.
data/algos/generated_striver_algos.ts(21856,20): error TS1005: ';' expected.
data/algos/generated_striver_algos.ts(21856,25): error TS1434: Unexpected keyword or identifier.
data/algos/generated_striver_algos.ts(21857,1): error TS1005: '=' expected.
data/algos/generated_striver_algos.ts(21857,5): error TS1005: ';' expected.
data/algos/generated_striver_algos.ts(21857,16): error TS1005: ';' expected.
data/algos/generated_striver_algos.ts(21859,20): error TS1127: Invalid character.
data/algos/generated_striver_algos.ts(21859,22): error TS1005: ';' expected.
data/algos/generated_striver_algos.ts(21859,28): error TS1434: Unexpected keyword or identifier.
data/algos/generated_striver_algos.ts(21863,11): error TS1005: '(' expected.
data/algos/generated_striver_algos.ts(21863,16): error TS1005: ')' expected.
data/algos/generated_striver_algos.ts(21866,13): error TS1005: '(' expected.
data/algos/generated_striver_algos.ts(21866,34): error TS1005: ')' expected.
data/algos/generated_striver_algos.ts(21867,16): error TS1005: '(' expected.
data/algos/generated_striver_algos.ts(21867,20): error TS1005: ')' expected.
data/algos/generated_striver_algos.ts(21867,37): error TS1005: ';' expected.
data/algos/generated_striver_algos.ts(21903,20): error TS1005: ';' expected.
data/algos/generated_striver_algos.ts(21903,52): error TS1005: ';' expected.
data/algos/generated_striver_algos.ts(21906,9): error TS1005: '(' expected.
data/algos/generated_striver_algos.ts(21906,30): error TS1005: ')' expected.
data/algos/generated_striver_algos.ts(21907,12): error TS1005: '(' expected.
data/algos/generated_striver_algos.ts(21907,16): error TS1005: ')' expected.
data/algos/generated_striver_algos.ts(21907,33): error TS1005: ';' expected.
data/algos/generated_striver_algos.ts(21910,1): error TS1434: Unexpected keyword or identifier.
data/algos/generated_striver_algos.ts(21910,18): error TS1005: ';' expected.
data/algos/generated_striver_algos.ts(21946,20): error TS1005: ';' expected.
data/algos/generated_striver_algos.ts(21946,50): error TS1005: ';' expected.
data/algos/generated_striver_algos.ts(21951,5): error TS1434: Unexpected keyword or identifier.
data/algos/generated_striver_algos.ts(21951,15): error TS1005: ';' expected.
data/algos/generated_striver_algos.ts(21953,13): error TS1005: '(' expected.
data/algos/generated_striver_algos.ts(21953,26): error TS1005: ')' expected.
data/algos/generated_striver_algos.ts(21954,16): error TS1005: '(' expected.
data/algos/generated_striver_algos.ts(21954,39): error TS1005: ')' expected.
data/algos/generated_striver_algos.ts(21954,43): error TS1434: Unexpected keyword or identifier.
data/algos/generated_striver_algos.ts(21954,57): error TS1005: ';' expected.
data/algos/generated_striver_algos.ts(21957,9): error TS1005: '(' expected.
data/algos/generated_striver_algos.ts(21957,22): error TS1005: ')' expected.
data/algos/generated_striver_algos.ts(21958,12): error TS1005: '(' expected.
data/algos/generated_striver_algos.ts(21958,16): error TS1005: ')' expected.
data/algos/generated_striver_algos.ts(21958,26): error TS1005: ';' expected.
data/algos/generated_striver_algos.ts(21993,20): error TS1005: ';' expected.
data/algos/generated_striver_algos.ts(21993,25): error TS1434: Unexpected keyword or identifier.
data/algos/generated_striver_algos.ts(21994,1): error TS1005: '=' expected.
data/algos/generated_striver_algos.ts(21994,5): error TS1005: ';' expected.
data/algos/generated_striver_algos.ts(21994,25): error TS1005: ';' expected.
data/algos/generated_striver_algos.ts(21998,9): error TS1005: '(' expected.
data/algos/generated_striver_algos.ts(21998,22): error TS1005: ')' expected.
data/algos/generated_striver_algos.ts(21999,13): error TS1005: '(' expected.
data/algos/generated_striver_algos.ts(21999,26): error TS1005: ')' expected.
data/algos/generated_striver_algos.ts(22000,16): error TS1005: '(' expected.
data/algos/generated_striver_algos.ts(22000,31): error TS1005: ')' expected.
data/algos/generated_striver_algos.ts(22001,16): error TS1005: '(' expected.
data/algos/generated_striver_algos.ts(22001,31): error TS1005: ')' expected.
data/algos/generated_striver_algos.ts(22004,11): error TS1005: '(' expected.
data/algos/generated_striver_algos.ts(22004,16): error TS1005: ')' expected.
data/algos/generated_striver_algos.ts(22007,13): error TS1005: '(' expected.
data/algos/generated_striver_algos.ts(22007,50): error TS1005: ')' expected.
data/algos/generated_striver_algos.ts(22009,16): error TS1005: '(' expected.
data/algos/generated_striver_algos.ts(22009,24): error TS1005: ')' expected.
data/algos/generated_striver_algos.ts(22009,36): error TS1005: ';' expected.
data/algos/generated_striver_algos.ts(22009,57): error TS1005: ';' expected.
data/algos/generated_striver_algos.ts(22014,17): error TS1005: ';' expected.
data/algos/generated_striver_algos.ts(22014,20): error TS1005: '(' expected.
data/algos/generated_striver_algos.ts(22014,31): error TS1005: ')' expected.
data/algos/generated_striver_algos.ts(22046,20): error TS1005: ';' expected.
data/algos/generated_striver_algos.ts(22046,58): error TS1005: ';' expected.
data/algos/generated_striver_algos.ts(22048,8): error TS1005: '(' expected.
data/algos/generated_striver_algos.ts(22048,28): error TS1005: ')' expected.
data/algos/generated_striver_algos.ts(22051,5): error TS1434: Unexpected keyword or identifier.
data/algos/generated_striver_algos.ts(22051,18): error TS1005: ';' expected.
data/algos/generated_striver_algos.ts(22052,12): error TS1005: '(' expected.
data/algos/generated_striver_algos.ts(22052,35): error TS1005: ')' expected.
data/algos/generated_striver_algos.ts(22054,16): error TS1005: '(' expected.
data/algos/generated_striver_algos.ts(22054,21): error TS1005: ')' expected.
data/algos/generated_striver_algos.ts(22055,16): error TS1005: '(' expected.
data/algos/generated_striver_algos.ts(22055,23): error TS1005: ')' expected.
data/algos/generated_striver_algos.ts(22056,16): error TS1005: '(' expected.
data/algos/generated_striver_algos.ts(22056,21): error TS1005: ')' expected.
data/algos/generated_striver_algos.ts(22057,16): error TS1005: '(' expected.
data/algos/generated_striver_algos.ts(22057,23): error TS1005: ')' expected.
data/algos/generated_striver_algos.ts(22092,20): error TS1005: ';' expected.
data/algos/generated_striver_algos.ts(22092,25): error TS1434: Unexpected keyword or identifier.
data/algos/generated_striver_algos.ts(22093,1): error TS1005: '=' expected.
data/algos/generated_striver_algos.ts(22093,5): error TS1005: ';' expected.
data/algos/generated_striver_algos.ts(22093,22): error TS1005: ';' expected.
data/algos/generated_striver_algos.ts(22095,22): error TS1005: ',' expected.
data/algos/generated_striver_algos.ts(22095,26): error TS1005: '(' expected.
data/algos/generated_striver_algos.ts(22095,39): error TS1005: ')' expected.
data/algos/generated_striver_algos.ts(22098,9): error TS1005: '(' expected.
data/algos/generated_striver_algos.ts(22098,22): error TS1005: ')' expected.
data/algos/generated_striver_algos.ts(22099,13): error TS1005: '(' expected.
data/algos/generated_striver_algos.ts(22099,26): error TS1005: ')' expected.
data/algos/generated_striver_algos.ts(22100,16): error TS1005: '(' expected.
data/algos/generated_striver_algos.ts(22100,30): error TS1005: ')' expected.
data/algos/generated_striver_algos.ts(22104,11): error TS1005: '(' expected.
data/algos/generated_striver_algos.ts(22104,16): error TS1005: ')' expected.
data/algos/generated_striver_algos.ts(22106,13): error TS1005: '(' expected.
data/algos/generated_striver_algos.ts(22106,50): error TS1005: ')' expected.
data/algos/generated_striver_algos.ts(22108,16): error TS1005: '(' expected.
data/algos/generated_striver_algos.ts(22108,24): error TS1005: ')' expected.
data/algos/generated_striver_algos.ts(22108,36): error TS1005: ';' expected.
data/algos/generated_striver_algos.ts(22108,58): error TS1005: ';' expected.
data/algos/generated_striver_algos.ts(22143,20): error TS1005: ';' expected.
data/algos/generated_striver_algos.ts(22143,25): error TS1434: Unexpected keyword or identifier.
data/algos/generated_striver_algos.ts(22144,1): error TS1005: '=' expected.
data/algos/generated_striver_algos.ts(22144,5): error TS1005: ';' expected.
data/algos/generated_striver_algos.ts(22144,24): error TS1005: ';' expected.
data/algos/generated_striver_algos.ts(22146,9): error TS1005: '(' expected.
data/algos/generated_striver_algos.ts(22146,22): error TS1005: ')' expected.
data/algos/generated_striver_algos.ts(22147,12): error TS1005: '(' expected.
data/algos/generated_striver_algos.ts(22147,26): error TS1005: ')' expected.
data/algos/generated_striver_algos.ts(22148,16): error TS1005: '(' expected.
data/algos/generated_striver_algos.ts(22148,20): error TS1005: ')' expected.
data/algos/generated_striver_algos.ts(22148,40): error TS1005: ';' expected.
data/algos/generated_striver_algos.ts(22151,1): error TS1434: Unexpected keyword or identifier.
data/algos/generated_striver_algos.ts(22151,29): error TS1005: ';' expected.
data/algos/generated_striver_algos.ts(22154,11): error TS1005: '(' expected.
data/algos/generated_striver_algos.ts(22154,16): error TS1005: ')' expected.
data/algos/generated_striver_algos.ts(22156,13): error TS1005: '(' expected.
data/algos/generated_striver_algos.ts(22156,34): error TS1005: ')' expected.
data/algos/generated_striver_algos.ts(22157,16): error TS1005: '(' expected.
data/algos/generated_striver_algos.ts(22157,37): error TS1005: ')' expected.
data/algos/generated_striver_algos.ts(22160,13): error TS1434: Unexpected keyword or identifier.
data/algos/generated_striver_algos.ts(22160,48): error TS1005: ';' expected.
data/algos/generated_striver_algos.ts(22194,20): error TS1005: ';' expected.
data/algos/generated_striver_algos.ts(22194,36): error TS1005: ';' expected.
data/algos/generated_striver_algos.ts(22197,5): error TS1434: Unexpected keyword or identifier.
data/algos/generated_striver_algos.ts(22197,18): error TS1005: ';' expected.
data/algos/generated_striver_algos.ts(22198,12): error TS1005: '(' expected.
data/algos/generated_striver_algos.ts(22198,16): error TS1005: ')' expected.
data/algos/generated_striver_algos.ts(22198,24): error TS1005: ';' expected.
data/algos/generated_striver_algos.ts(22198,31): error TS1005: ';' expected.
data/algos/generated_striver_algos.ts(22198,39): error TS1005: ';' expected.
data/algos/generated_striver_algos.ts(22198,60): error TS1005: ';' expected.
data/algos/generated_striver_algos.ts(22203,5): error TS1127: Invalid character.
data/algos/generated_striver_algos.ts(22203,7): error TS1005: ';' expected.
data/algos/generated_striver_algos.ts(22203,13): error TS1005: ';' expected.
data/algos/generated_striver_algos.ts(22203,15): error TS1434: Unexpected keyword or identifier.
data/algos/generated_striver_algos.ts(22204,9): error TS1005: '(' expected.
data/algos/generated_striver_algos.ts(22204,22): error TS1005: ')' expected.
data/algos/generated_striver_algos.ts(22205,12): error TS1005: '(' expected.
data/algos/generated_striver_algos.ts(22205,30): error TS1005: ')' expected.
data/algos/generated_striver_algos.ts(22206,12): error TS1005: '(' expected.
data/algos/generated_striver_algos.ts(22206,32): error TS1005: ')' expected.
data/algos/generated_striver_algos.ts(22207,9): error TS1005: '(' expected.
data/algos/generated_striver_algos.ts(22207,22): error TS1005: ')' expected.
data/algos/generated_striver_algos.ts(22208,12): error TS1005: '(' expected.
data/algos/generated_striver_algos.ts(22208,30): error TS1005: ')' expected.
data/algos/generated_striver_algos.ts(22209,12): error TS1005: '(' expected.
data/algos/generated_striver_algos.ts(22209,32): error TS1005: ')' expected.
data/algos/generated_striver_algos.ts(22211,5): error TS1127: Invalid character.
data/algos/generated_striver_algos.ts(22211,7): error TS1005: ';' expected.
data/algos/generated_striver_algos.ts(22211,13): error TS1005: ';' expected.
data/algos/generated_striver_algos.ts(22212,9): error TS1005: '(' expected.
data/algos/generated_striver_algos.ts(22212,22): error TS1005: ')' expected.
data/algos/generated_striver_algos.ts(22213,13): error TS1005: '(' expected.
data/algos/generated_striver_algos.ts(22213,26): error TS1005: ')' expected.
data/algos/generated_striver_algos.ts(22214,16): error TS1005: '(' expected.
data/algos/generated_striver_algos.ts(22214,34): error TS1005: ')' expected.
data/algos/generated_striver_algos.ts(22215,13): error TS1434: Unexpected keyword or identifier.
data/algos/generated_striver_algos.ts(22215,36): error TS1005: ';' expected.
data/algos/generated_striver_algos.ts(22247,20): error TS1005: ';' expected.
data/algos/generated_striver_algos.ts(22247,41): error TS1005: ';' expected.
data/algos/generated_striver_algos.ts(22249,5): error TS1434: Unexpected keyword or identifier.
data/algos/generated_striver_algos.ts(22249,18): error TS1005: ';' expected.
data/algos/generated_striver_algos.ts(22250,12): error TS1005: '(' expected.
data/algos/generated_striver_algos.ts(22250,16): error TS1005: ')' expected.
data/algos/generated_striver_algos.ts(22250,24): error TS1005: ';' expected.
data/algos/generated_striver_algos.ts(22250,31): error TS1005: ';' expected.
data/algos/generated_striver_algos.ts(22250,39): error TS1005: ';' expected.
data/algos/generated_striver_algos.ts(22250,57): error TS1005: ';' expected.
data/algos/generated_striver_algos.ts(22252,24): error TS1127: Invalid character.
data/algos/generated_striver_algos.ts(22252,26): error TS1005: ';' expected.
data/algos/generated_striver_algos.ts(22252,31): error TS1434: Unexpected keyword or identifier.
data/algos/generated_striver_algos.ts(22252,42): error TS1005: ';' expected.
data/algos/generated_striver_algos.ts(22252,42): error TS1351: An identifier or keyword cannot immediately follow a numeric literal.
data/algos/generated_striver_algos.ts(22255,9): error TS1005: '(' expected.
data/algos/generated_striver_algos.ts(22255,22): error TS1005: ')' expected.
data/algos/generated_striver_algos.ts(22256,13): error TS1005: '(' expected.
data/algos/generated_striver_algos.ts(22256,26): error TS1005: ')' expected.
data/algos/generated_striver_algos.ts(22257,22): error TS1005: ')' expected.
data/algos/generated_striver_algos.ts(22257,32): error TS1005: ';' expected.
data/algos/generated_striver_algos.ts(22257,40): error TS1005: ';' expected.
data/algos/generated_striver_algos.ts(22257,49): error TS1005: ';' expected.
data/algos/generated_striver_algos.ts(22257,51): error TS1434: Unexpected keyword or identifier.
data/algos/generated_striver_algos.ts(22257,68): error TS1005: ';' expected.
data/algos/generated_striver_algos.ts(22260,29): error TS1005: ',' expected.
data/algos/generated_striver_algos.ts(22260,33): error TS1005: '(' expected.
data/algos/generated_striver_algos.ts(22284,184): error TS1443: Module declaration names may only use ' or " quoted strings.
data/algos/generated_striver_algos.ts(22284,219): error TS1443: Module declaration names may only use ' or " quoted strings.
data/algos/generated_striver_algos.ts(22292,20): error TS1434: Unexpected keyword or identifier.
data/algos/generated_striver_algos.ts(22292,25): error TS1434: Unexpected keyword or identifier.
data/algos/generated_striver_algos.ts(22293,1): error TS1005: '=' expected.
data/algos/generated_striver_algos.ts(22293,5): error TS1005: ';' expected.
data/algos/generated_striver_algos.ts(22293,47): error TS1005: ';' expected.
data/algos/generated_striver_algos.ts(22295,8): error TS1005: '(' expected.
data/algos/generated_striver_algos.ts(22295,16): error TS1005: ')' expected.
data/algos/generated_striver_algos.ts(22295,30): error TS1005: ';' expected.
data/algos/generated_striver_algos.ts(22298,11): error TS1005: '(' expected.
data/algos/generated_striver_algos.ts(22298,16): error TS1005: ')' expected.
data/algos/generated_striver_algos.ts(22300,12): error TS1005: '(' expected.
data/algos/generated_striver_algos.ts(22300,27): error TS1005: ')' expected.
data/algos/generated_striver_algos.ts(22301,13): error TS1005: '(' expected.
data/algos/generated_striver_algos.ts(22301,34): error TS1005: ')' expected.
data/algos/generated_striver_algos.ts(22303,17): error TS1005: '(' expected.
data/algos/generated_striver_algos.ts(22303,50): error TS1005: ')' expected.
data/algos/generated_striver_algos.ts(22304,20): error TS1005: '(' expected.
data/algos/generated_striver_algos.ts(22304,33): error TS1005: ')' expected.
data/algos/generated_striver_algos.ts(22305,33): error TS1109: Expression expected.
data/algos/generated_striver_algos.ts(22305,34): error TS1434: Unexpected keyword or identifier.
data/algos/generated_striver_algos.ts(22305,35): error TS1128: Declaration or statement expected.
data/algos/generated_striver_algos.ts(22305,51): error TS1005: ']' expected.
data/algos/generated_striver_algos.ts(22305,52): error TS1128: Declaration or statement expected.
data/algos/generated_striver_algos.ts(22306,20): error TS1005: '(' expected.
data/algos/generated_striver_algos.ts(22306,39): error TS1005: ')' expected.
data/algos/generated_striver_algos.ts(22332,81): error TS1005: ';' expected.
data/algos/generated_striver_algos.ts(22332,90): error TS1443: Module declaration names may only use ' or " quoted strings.
data/algos/generated_striver_algos.ts(22332,103): error TS1443: Module declaration names may only use ' or " quoted strings.
data/algos/generated_striver_algos.ts(22332,220): error TS1443: Module declaration names may only use ' or " quoted strings.
data/algos/generated_striver_algos.ts(22332,247): error TS1443: Module declaration names may only use ' or " quoted strings.
data/algos/generated_striver_algos.ts(22340,20): error TS1005: ';' expected.
data/algos/generated_striver_algos.ts(22340,34): error TS1005: '{' expected.
data/algos/generated_striver_algos.ts(22341,5): error TS1434: Unexpected keyword or identifier.
data/algos/generated_striver_algos.ts(22341,56): error TS1005: ';' expected.
data/algos/generated_striver_algos.ts(22343,12): error TS1005: '(' expected.
data/algos/generated_striver_algos.ts(22343,20): error TS1005: ')' expected.
data/algos/generated_striver_algos.ts(22343,34): error TS1005: ';' expected.
data/algos/generated_striver_algos.ts(22345,9): error TS1127: Invalid character.
data/algos/generated_striver_algos.ts(22345,11): error TS1005: ';' expected.
data/algos/generated_striver_algos.ts(22345,15): error TS1434: Unexpected keyword or identifier.
data/algos/generated_striver_algos.ts(22345,18): error TS1434: Unexpected keyword or identifier.
data/algos/generated_striver_algos.ts(22348,15): error TS1005: '(' expected.
data/algos/generated_striver_algos.ts(22348,20): error TS1005: ')' expected.
data/algos/generated_striver_algos.ts(22350,16): error TS1005: '(' expected.
data/algos/generated_striver_algos.ts(22350,31): error TS1005: ')' expected.
data/algos/generated_striver_algos.ts(22351,17): error TS1005: '(' expected.
data/algos/generated_striver_algos.ts(22351,38): error TS1005: ')' expected.
data/algos/generated_striver_algos.ts(22352,21): error TS1005: '(' expected.
data/algos/generated_striver_algos.ts(22352,54): error TS1005: ')' expected.
data/algos/generated_striver_algos.ts(22353,31): error TS1109: Expression expected.
data/algos/generated_striver_algos.ts(22353,32): error TS1434: Unexpected keyword or identifier.
data/algos/generated_striver_algos.ts(22353,33): error TS1128: Declaration or statement expected.
data/algos/generated_striver_algos.ts(22353,49): error TS1005: ']' expected.
data/algos/generated_striver_algos.ts(22353,50): error TS1128: Declaration or statement expected.
data/algos/generated_striver_algos.ts(22354,24): error TS1005: '(' expected.
data/algos/generated_striver_algos.ts(22354,38): error TS1005: ')' expected.
data/algos/generated_striver_algos.ts(22354,42): error TS1434: Unexpected keyword or identifier.
data/algos/generated_striver_algos.ts(22354,58): error TS1005: ';' expected.
data/algos/generated_striver_algos.ts(22358,9): error TS1127: Invalid character.
data/algos/generated_striver_algos.ts(22358,11): error TS1005: ';' expected.
data/algos/generated_striver_algos.ts(22358,15): error TS1434: Unexpected keyword or identifier.
data/algos/generated_striver_algos.ts(22358,18): error TS1434: Unexpected keyword or identifier.
data/algos/generated_striver_algos.ts(22360,12): error TS1005: '(' expected.
data/algos/generated_striver_algos.ts(22360,20): error TS1005: ')' expected.
data/algos/generated_striver_algos.ts(22360,33): error TS1005: ';' expected.
data/algos/generated_striver_algos.ts(22362,9): error TS1434: Unexpected keyword or identifier.
data/algos/generated_striver_algos.ts(22362,28): error TS1005: ';' expected.
data/algos/generated_striver_algos.ts(22363,16): error TS1005: '(' expected.
data/algos/generated_striver_algos.ts(22363,33): error TS1005: ')' expected.
data/algos/generated_striver_algos.ts(22364,33): error TS1109: Expression expected.
data/algos/generated_striver_algos.ts(22364,34): error TS1135: Argument expression expected.
data/algos/generated_striver_algos.ts(22364,37): error TS1005: ',' expected.
data/algos/generated_striver_algos.ts(22366,17): error TS1005: '(' expected.
data/algos/generated_striver_algos.ts(22366,38): error TS1005: ')' expected.
data/algos/generated_striver_algos.ts(22367,21): error TS1005: '(' expected.
data/algos/generated_striver_algos.ts(22367,54): error TS1005: ')' expected.
data/algos/generated_striver_algos.ts(22368,31): error TS1109: Expression expected.
data/algos/generated_striver_algos.ts(22368,32): error TS1434: Unexpected keyword or identifier.
data/algos/generated_striver_algos.ts(22368,33): error TS1128: Declaration or statement expected.
data/algos/generated_striver_algos.ts(22368,49): error TS1005: ']' expected.
data/algos/generated_striver_algos.ts(22368,50): error TS1128: Declaration or statement expected.
data/algos/generated_striver_algos.ts(22369,24): error TS1005: '(' expected.
data/algos/generated_striver_algos.ts(22369,37): error TS1005: ')' expected.
data/algos/generated_striver_algos.ts(22369,71): error TS1005: ';' expected.
data/algos/generated_striver_algos.ts(22405,20): error TS1005: ';' expected.
data/algos/generated_striver_algos.ts(22405,40): error TS1005: ';' expected.
data/algos/generated_striver_algos.ts(22409,5): error TS1434: Unexpected keyword or identifier.
data/algos/generated_striver_algos.ts(22409,15): error TS1005: ';' expected.
data/algos/generated_striver_algos.ts(22411,13): error TS1005: '(' expected.
data/algos/generated_striver_algos.ts(22411,24): error TS1005: ')' expected.
data/algos/generated_striver_algos.ts(22412,16): error TS1005: '(' expected.
data/algos/generated_striver_algos.ts(22412,20): error TS1005: ')' expected.
data/algos/generated_striver_algos.ts(22412,30): error TS1005: ';' expected.
data/algos/generated_striver_algos.ts(22415,9): error TS1005: '(' expected.
data/algos/generated_striver_algos.ts(22415,22): error TS1005: ')' expected.
data/algos/generated_striver_algos.ts(22416,12): error TS1005: '(' expected.
data/algos/generated_striver_algos.ts(22416,16): error TS1005: ')' expected.
data/algos/generated_striver_algos.ts(22416,26): error TS1005: ';' expected.
data/algos/generated_striver_algos.ts(22418,18): error TS1109: Expression expected.
data/algos/generated_striver_algos.ts(22418,19): error TS1128: Declaration or statement expected.
data/algos/generated_striver_algos.ts(22418,22): error TS1005: ';' expected.
data/algos/generated_striver_algos.ts(22450,20): error TS1005: ';' expected.
data/algos/generated_striver_algos.ts(22450,25): error TS1434: Unexpected keyword or identifier.
data/algos/generated_striver_algos.ts(22451,1): error TS1005: '=' expected.
data/algos/generated_striver_algos.ts(22451,5): error TS1005: ';' expected.
data/algos/generated_striver_algos.ts(22451,21): error TS1005: ';' expected.
data/algos/generated_striver_algos.ts(22453,9): error TS1005: '(' expected.
data/algos/generated_striver_algos.ts(22453,22): error TS1005: ')' expected.
data/algos/generated_striver_algos.ts(22454,13): error TS1005: '(' expected.
data/algos/generated_striver_algos.ts(22454,31): error TS1005: ')' expected.
data/algos/generated_striver_algos.ts(22457,22): error TS1005: ',' expected.
data/algos/generated_striver_algos.ts(22457,26): error TS1005: '(' expected.
data/algos/generated_striver_algos.ts(22457,40): error TS1005: ')' expected.
data/algos/generated_striver_algos.ts(22457,43): error TS1005: '(' expected.
data/algos/generated_striver_algos.ts(22457,59): error TS1005: ')' expected.
data/algos/generated_striver_algos.ts(22457,60): error TS1128: Declaration or statement expected.
data/algos/generated_striver_algos.ts(22459,11): error TS1005: '(' expected.
data/algos/generated_striver_algos.ts(22459,16): error TS1005: ')' expected.
data/algos/generated_striver_algos.ts(22462,13): error TS1005: '(' expected.
data/algos/generated_striver_algos.ts(22462,24): error TS1005: ')' expected.
data/algos/generated_striver_algos.ts(22464,16): error TS1005: '(' expected.
data/algos/generated_striver_algos.ts(22464,32): error TS1005: ')' expected.
data/algos/generated_striver_algos.ts(22498,20): error TS1005: ';' expected.
data/algos/generated_striver_algos.ts(22498,39): error TS1005: ';' expected.
data/algos/generated_striver_algos.ts(22501,5): error TS1434: Unexpected keyword or identifier.
data/algos/generated_striver_algos.ts(22501,18): error TS1005: ';' expected.
data/algos/generated_striver_algos.ts(22503,13): error TS1005: '(' expected.
data/algos/generated_striver_algos.ts(22503,24): error TS1005: ')' expected.
data/algos/generated_striver_algos.ts(22504,16): error TS1005: '(' expected.
data/algos/generated_striver_algos.ts(22504,20): error TS1005: ')' expected.
data/algos/generated_striver_algos.ts(22504,30): error TS1005: ';' expected.
data/algos/generated_striver_algos.ts(22505,20): error TS1005: '(' expected.
data/algos/generated_striver_algos.ts(22505,29): error TS1005: ')' expected.
data/algos/generated_striver_algos.ts(22506,13): error TS1434: Unexpected keyword or identifier.
data/algos/generated_striver_algos.ts(22506,24): error TS1005: ';' expected.
data/algos/generated_striver_algos.ts(22510,9): error TS1005: '(' expected.
data/algos/generated_striver_algos.ts(22510,22): error TS1005: ')' expected.
data/algos/generated_striver_algos.ts(22511,12): error TS1005: '(' expected.
data/algos/generated_striver_algos.ts(22511,16): error TS1005: ')' expected.
data/algos/generated_striver_algos.ts(22511,26): error TS1005: ';' expected.
data/algos/generated_striver_algos.ts(22512,16): error TS1005: '(' expected.
data/algos/generated_striver_algos.ts(22512,26): error TS1005: ')' expected.
data/algos/generated_striver_algos.ts(22537,196): error TS1005: ';' expected.
data/algos/generated_striver_algos.ts(22537,203): error TS1443: Module declaration names may only use ' or " quoted strings.
data/algos/generated_striver_algos.ts(22537,229): error TS1443: Module declaration names may only use ' or " quoted strings.
data/algos/generated_striver_algos.ts(22537,330): error TS1443: Module declaration names may only use ' or " quoted strings.
data/algos/generated_striver_algos.ts(22537,377): error TS1443: Module declaration names may only use ' or " quoted strings.
data/algos/generated_striver_algos.ts(22545,20): error TS1434: Unexpected keyword or identifier.
data/algos/generated_striver_algos.ts(22545,40): error TS1005: ';' expected.
data/algos/generated_striver_algos.ts(22549,5): error TS1434: Unexpected keyword or identifier.
data/algos/generated_striver_algos.ts(22549,15): error TS1005: ';' expected.
data/algos/generated_striver_algos.ts(22552,13): error TS1005: '(' expected.
data/algos/generated_striver_algos.ts(22552,24): error TS1005: ')' expected.
data/algos/generated_striver_algos.ts(22553,16): error TS1005: '(' expected.
data/algos/generated_striver_algos.ts(22553,20): error TS1005: ')' expected.
data/algos/generated_striver_algos.ts(22553,30): error TS1005: ';' expected.
data/algos/generated_striver_algos.ts(22554,20): error TS1005: '(' expected.
data/algos/generated_striver_algos.ts(22554,26): error TS1005: ')' expected.
data/algos/generated_striver_algos.ts(22555,13): error TS1434: Unexpected keyword or identifier.
data/algos/generated_striver_algos.ts(22555,32): error TS1005: ';' expected.
data/algos/generated_striver_algos.ts(22560,9): error TS1005: '(' expected.
data/algos/generated_striver_algos.ts(22560,22): error TS1005: ')' expected.
data/algos/generated_striver_algos.ts(22561,12): error TS1005: '(' expected.
data/algos/generated_striver_algos.ts(22561,16): error TS1005: ')' expected.
data/algos/generated_striver_algos.ts(22561,26): error TS1005: ';' expected.
data/algos/generated_striver_algos.ts(22562,16): error TS1005: '(' expected.
data/algos/generated_striver_algos.ts(22562,22): error TS1005: ')' expected.
data/algos/generated_striver_algos.ts(22568,20): error TS1005: ';' expected.
data/algos/generated_striver_algos.ts(22568,44): error TS1005: ';' expected.
data/algos/generated_striver_algos.ts(22569,5): error TS1127: Invalid character.
data/algos/generated_striver_algos.ts(22569,7): error TS1005: ';' expected.
data/algos/generated_striver_algos.ts(22569,16): error TS1434: Unexpected keyword or identifier.
data/algos/generated_striver_algos.ts(22569,28): error TS1002: Unterminated string literal.
data/algos/generated_striver_algos.ts(22570,5): error TS1127: Invalid character.
data/algos/generated_striver_algos.ts(22570,7): error TS1005: ';' expected.
data/algos/generated_striver_algos.ts(22570,10): error TS1005: '(' expected.
data/algos/generated_striver_algos.ts(22570,20): error TS1005: ')' expected.
data/algos/generated_striver_algos.ts(22602,20): error TS1005: ';' expected.
data/algos/generated_striver_algos.ts(22602,25): error TS1434: Unexpected keyword or identifier.
data/algos/generated_striver_algos.ts(22603,1): error TS1005: '=' expected.
data/algos/generated_striver_algos.ts(22603,5): error TS1005: ';' expected.
data/algos/generated_striver_algos.ts(22603,41): error TS1005: ';' expected.
data/algos/generated_striver_algos.ts(22604,15): error TS1005: ',' expected.
data/algos/generated_striver_algos.ts(22604,19): error TS1005: '(' expected.
data/algos/generated_striver_algos.ts(22604,41): error TS1005: ')' expected.
data/algos/generated_striver_algos.ts(22606,9): error TS1005: '(' expected.
data/algos/generated_striver_algos.ts(22606,35): error TS1005: ')' expected.
data/algos/generated_striver_algos.ts(22610,22): error TS1005: ',' expected.
data/algos/generated_striver_algos.ts(22610,26): error TS1005: '(' expected.
data/algos/generated_striver_algos.ts(22610,49): error TS1005: ')' expected.
data/algos/generated_striver_algos.ts(22610,52): error TS1005: '(' expected.
data/algos/generated_striver_algos.ts(22610,68): error TS1005: ')' expected.
data/algos/generated_striver_algos.ts(22610,69): error TS1128: Declaration or statement expected.
data/algos/generated_striver_algos.ts(22612,11): error TS1005: '(' expected.
data/algos/generated_striver_algos.ts(22612,16): error TS1005: ')' expected.
data/algos/generated_striver_algos.ts(22615,13): error TS1005: '(' expected.
data/algos/generated_striver_algos.ts(22615,24): error TS1005: ')' expected.
data/algos/generated_striver_algos.ts(22617,16): error TS1005: '(' expected.
data/algos/generated_striver_algos.ts(22617,32): error TS1005: ')' expected.
data/algos/generated_striver_algos.ts(22651,20): error TS1005: ';' expected.
data/algos/generated_striver_algos.ts(22651,25): error TS1434: Unexpected keyword or identifier.
data/algos/generated_striver_algos.ts(22652,1): error TS1005: '=' expected.
data/algos/generated_striver_algos.ts(22652,5): error TS1005: ';' expected.
data/algos/generated_striver_algos.ts(22652,41): error TS1005: ';' expected.
data/algos/generated_striver_algos.ts(22653,15): error TS1005: ',' expected.
data/algos/generated_striver_algos.ts(22653,19): error TS1005: '(' expected.
data/algos/generated_striver_algos.ts(22653,41): error TS1005: ')' expected.
data/algos/generated_striver_algos.ts(22655,9): error TS1005: '(' expected.
data/algos/generated_striver_algos.ts(22655,35): error TS1005: ')' expected.
data/algos/generated_striver_algos.ts(22659,22): error TS1005: ',' expected.
data/algos/generated_striver_algos.ts(22659,26): error TS1005: '(' expected.
data/algos/generated_striver_algos.ts(22659,49): error TS1005: ')' expected.
data/algos/generated_striver_algos.ts(22659,52): error TS1005: '(' expected.
data/algos/generated_striver_algos.ts(22659,68): error TS1005: ')' expected.
data/algos/generated_striver_algos.ts(22659,69): error TS1128: Declaration or statement expected.
data/algos/generated_striver_algos.ts(22661,11): error TS1005: '(' expected.
data/algos/generated_striver_algos.ts(22661,16): error TS1005: ')' expected.
data/algos/generated_striver_algos.ts(22664,13): error TS1005: '(' expected.
data/algos/generated_striver_algos.ts(22664,24): error TS1005: ')' expected.
data/algos/generated_striver_algos.ts(22666,16): error TS1005: '(' expected.
data/algos/generated_striver_algos.ts(22666,32): error TS1005: ')' expected.
data/algos/generated_striver_algos.ts(22668,17): error TS1005: ';' expected.
data/algos/generated_striver_algos.ts(22668,20): error TS1005: '(' expected.
data/algos/generated_striver_algos.ts(22668,44): error TS1005: ')' expected.
data/algos/generated_striver_algos.ts(22668,51): error TS1443: Module declaration names may only use ' or " quoted strings.
data/algos/generated_striver_algos.ts(22700,20): error TS1434: Unexpected keyword or identifier.
data/algos/generated_striver_algos.ts(22700,48): error TS1005: ';' expected.
data/algos/generated_striver_algos.ts(22702,19): error TS1005: ',' expected.
data/algos/generated_striver_algos.ts(22702,23): error TS1005: '(' expected.
data/algos/generated_striver_algos.ts(22702,36): error TS1005: ')' expected.
data/algos/generated_striver_algos.ts(22704,9): error TS1005: '(' expected.
data/algos/generated_striver_algos.ts(22704,22): error TS1005: ')' expected.
data/algos/generated_striver_algos.ts(22705,13): error TS1005: '(' expected.
data/algos/generated_striver_algos.ts(22705,26): error TS1005: ')' expected.
data/algos/generated_striver_algos.ts(22709,22): error TS1005: ',' expected.
data/algos/generated_striver_algos.ts(22709,26): error TS1005: '(' expected.
data/algos/generated_striver_algos.ts(22709,40): error TS1005: ')' expected.
data/algos/generated_striver_algos.ts(22709,43): error TS1005: '(' expected.
data/algos/generated_striver_algos.ts(22709,59): error TS1005: ')' expected.
data/algos/generated_striver_algos.ts(22709,60): error TS1128: Declaration or statement expected.
data/algos/generated_striver_algos.ts(22711,11): error TS1005: '(' expected.
data/algos/generated_striver_algos.ts(22711,16): error TS1005: ')' expected.
data/algos/generated_striver_algos.ts(22714,13): error TS1005: '(' expected.
data/algos/generated_striver_algos.ts(22714,28): error TS1005: ')' expected.
data/algos/generated_striver_algos.ts(22716,16): error TS1005: '(' expected.
data/algos/generated_striver_algos.ts(22716,32): error TS1005: ')' expected.
data/algos/generated_striver_algos.ts(22750,20): error TS1005: ';' expected.
data/algos/generated_striver_algos.ts(22750,46): error TS1005: ';' expected.
data/algos/generated_striver_algos.ts(22751,18): error TS1005: ',' expected.
data/algos/generated_striver_algos.ts(22751,22): error TS1005: ';' expected.
data/algos/generated_striver_algos.ts(22751,23): error TS1128: Declaration or statement expected.
data/algos/generated_striver_algos.ts(22751,28): error TS1005: ';' expected.
data/algos/generated_striver_algos.ts(22751,32): error TS1005: '(' expected.
data/algos/generated_striver_algos.ts(22751,45): error TS1005: ')' expected.
data/algos/generated_striver_algos.ts(22752,9): error TS1005: '(' expected.
data/algos/generated_striver_algos.ts(22752,34): error TS1005: ')' expected.
data/algos/generated_striver_algos.ts(22754,13): error TS1005: '(' expected.
data/algos/generated_striver_algos.ts(22754,46): error TS1005: ')' expected.
data/algos/generated_striver_algos.ts(22755,16): error TS1005: '(' expected.
data/algos/generated_striver_algos.ts(22755,30): error TS1005: ')' expected.
data/algos/generated_striver_algos.ts(22759,5): error TS1127: Invalid character.
data/algos/generated_striver_algos.ts(22759,7): error TS1005: ';' expected.
data/algos/generated_striver_algos.ts(22759,15): error TS1434: Unexpected keyword or identifier.
data/algos/generated_striver_algos.ts(22759,37): error TS1005: ',' expected.
data/algos/generated_striver_algos.ts(22759,47): error TS1002: Unterminated string literal.
data/algos/generated_striver_algos.ts(22760,5): error TS1005: ',' expected.
data/algos/generated_striver_algos.ts(22784,311): error TS1005: ';' expected.
data/algos/generated_striver_algos.ts(22784,443): error TS1005: ';' expected.
data/algos/generated_striver_algos.ts(22792,20): error TS1005: ';' expected.
data/algos/generated_striver_algos.ts(22792,55): error TS1005: ';' expected.
data/algos/generated_striver_algos.ts(22793,15): error TS1005: ',' expected.
data/algos/generated_striver_algos.ts(22793,19): error TS1005: '(' expected.
data/algos/generated_striver_algos.ts(22793,32): error TS1005: ')' expected.
data/algos/generated_striver_algos.ts(22794,9): error TS1005: '(' expected.
data/algos/generated_striver_algos.ts(22794,25): error TS1005: ')' expected.
data/algos/generated_striver_algos.ts(22799,5): error TS1434: Unexpected keyword or identifier.
data/algos/generated_striver_algos.ts(22799,20): error TS1005: ';' expected.
data/algos/generated_striver_algos.ts(22801,13): error TS1005: '(' expected.
data/algos/generated_striver_algos.ts(22801,27): error TS1005: ')' expected.
data/algos/generated_striver_algos.ts(22802,16): error TS1005: '(' expected.
data/algos/generated_striver_algos.ts(22802,20): error TS1005: ')' expected.
data/algos/generated_striver_algos.ts(22802,30): error TS1005: ';' expected.
data/algos/generated_striver_algos.ts(22805,9): error TS1005: '(' expected.
data/algos/generated_striver_algos.ts(22805,22): error TS1005: ')' expected.
data/algos/generated_striver_algos.ts(22806,12): error TS1005: '(' expected.
data/algos/generated_striver_algos.ts(22806,16): error TS1005: ')' expected.
data/algos/generated_striver_algos.ts(22806,26): error TS1005: ';' expected.
data/algos/generated_striver_algos.ts(22809,17): error TS1127: Invalid character.
data/algos/generated_striver_algos.ts(22809,19): error TS1005: ';' expected.
data/algos/generated_striver_algos.ts(22809,26): error TS1434: Unexpected keyword or identifier.
data/algos/generated_striver_algos.ts(22809,33): error TS1228: A type predicate is only allowed in return type position for functions and methods.
data/algos/generated_striver_algos.ts(22811,11): error TS1005: '(' expected.
data/algos/generated_striver_algos.ts(22811,16): error TS1005: ')' expected.
data/algos/generated_striver_algos.ts(22813,12): error TS1005: '(' expected.
data/algos/generated_striver_algos.ts(22813,35): error TS1005: ')' expected.
data/algos/generated_striver_algos.ts(22814,17): error TS1005: '(' expected.
data/algos/generated_striver_algos.ts(22814,31): error TS1005: ')' expected.
data/algos/generated_striver_algos.ts(22815,20): error TS1005: '(' expected.
data/algos/generated_striver_algos.ts(22815,41): error TS1005: ')' expected.
data/algos/generated_striver_algos.ts(22849,20): error TS1005: ';' expected.
data/algos/generated_striver_algos.ts(22849,25): error TS1434: Unexpected keyword or identifier.
data/algos/generated_striver_algos.ts(22850,1): error TS1005: '=' expected.
data/algos/generated_striver_algos.ts(22850,5): error TS1005: ';' expected.
data/algos/generated_striver_algos.ts(22850,33): error TS1005: ';' expected.
data/algos/generated_striver_algos.ts(22854,11): error TS1005: '(' expected.
data/algos/generated_striver_algos.ts(22854,16): error TS1005: ')' expected.
data/algos/generated_striver_algos.ts(22856,13): error TS1005: '(' expected.
data/algos/generated_striver_algos.ts(22856,24): error TS1005: ')' expected.
data/algos/generated_striver_algos.ts(22857,16): error TS1005: '(' expected.
data/algos/generated_striver_algos.ts(22857,37): error TS1005: ')' expected.
data/algos/generated_striver_algos.ts(22884,117): error TS1005: ';' expected.
data/algos/generated_striver_algos.ts(22884,200): error TS1443: Module declaration names may only use ' or " quoted strings.
data/algos/generated_striver_algos.ts(22884,296): error TS1005: ';' expected.
data/algos/generated_striver_algos.ts(22884,303): error TS1443: Module declaration names may only use ' or " quoted strings.
data/algos/generated_striver_algos.ts(22893,1): error TS1005: '=' expected.
data/algos/generated_striver_algos.ts(22893,5): error TS1005: ';' expected.
data/algos/generated_striver_algos.ts(22893,24): error TS1005: ';' expected.
data/algos/generated_striver_algos.ts(22898,11): error TS1005: '(' expected.
data/algos/generated_striver_algos.ts(22898,13): error TS1005: ')' expected.
data/algos/generated_striver_algos.ts(22900,12): error TS1005: '(' expected.
data/algos/generated_striver_algos.ts(22900,23): error TS1005: ')' expected.
data/algos/generated_striver_algos.ts(22901,13): error TS1005: '(' expected.
data/algos/generated_striver_algos.ts(22901,27): error TS1005: ')' expected.
data/algos/generated_striver_algos.ts(22902,16): error TS1005: '(' expected.
data/algos/generated_striver_algos.ts(22902,37): error TS1005: ')' expected.
data/algos/generated_striver_algos.ts(22932,22): error TS1005: ';' expected.
data/algos/generated_striver_algos.ts(22932,75): error TS1109: Expression expected.
data/algos/generated_striver_algos.ts(22932,81): error TS1005: ';' expected.
data/algos/generated_striver_algos.ts(22933,5): error TS1127: Invalid character.
data/algos/generated_striver_algos.ts(22933,7): error TS1005: ';' expected.
data/algos/generated_striver_algos.ts(22933,17): error TS1434: Unexpected keyword or identifier.
data/algos/generated_striver_algos.ts(22933,43): error TS1005: ';' expected.
data/algos/generated_striver_algos.ts(22933,54): error TS1434: Unexpected keyword or identifier.
data/algos/generated_striver_algos.ts(22934,9): error TS1443: Module declaration names may only use ' or " quoted strings.
data/algos/generated_striver_algos.ts(22944,22): error TS1005: ';' expected.
data/algos/generated_striver_algos.ts(22945,12): error TS1434: Unexpected keyword or identifier.
data/algos/generated_striver_algos.ts(22952,22): error TS1005: ';' expected.
data/algos/generated_striver_algos.ts(22952,78): error TS1005: ';' expected.
data/algos/generated_striver_algos.ts(22977,159): error TS1443: Module declaration names may only use ' or " quoted strings.
data/algos/generated_striver_algos.ts(22977,293): error TS1443: Module declaration names may only use ' or " quoted strings.
data/algos/generated_striver_algos.ts(22986,1): error TS1005: '=' expected.
data/algos/generated_striver_algos.ts(22986,5): error TS1005: ';' expected.
data/algos/generated_striver_algos.ts(22986,31): error TS1005: ';' expected.
data/algos/generated_striver_algos.ts(22988,35): error TS1005: ',' expected.
data/algos/generated_striver_algos.ts(22988,39): error TS1005: '(' expected.
data/algos/generated_striver_algos.ts(22988,52): error TS1005: ')' expected.
data/algos/generated_striver_algos.ts(22992,11): error TS1005: '(' expected.
data/algos/generated_striver_algos.ts(22992,13): error TS1005: ')' expected.
data/algos/generated_striver_algos.ts(22994,12): error TS1005: '(' expected.
data/algos/generated_striver_algos.ts(22994,23): error TS1005: ')' expected.
data/algos/generated_striver_algos.ts(22994,37): error TS1005: ';' expected.
data/algos/generated_striver_algos.ts(22995,12): error TS1005: '(' expected.
data/algos/generated_striver_algos.ts(22995,31): error TS1005: ')' expected.
data/algos/generated_striver_algos.ts(22997,13): error TS1005: '(' expected.
data/algos/generated_striver_algos.ts(22997,50): error TS1005: ')' expected.
data/algos/generated_striver_algos.ts(22999,16): error TS1005: '(' expected.
data/algos/generated_striver_algos.ts(22999,24): error TS1005: ')' expected.
data/algos/generated_striver_algos.ts(22999,35): error TS1005: ';' expected.
data/algos/generated_striver_algos.ts(23001,20): error TS1005: '(' expected.
data/algos/generated_striver_algos.ts(23001,45): error TS1005: ')' expected.
data/algos/generated_striver_algos.ts(23035,20): error TS1005: ';' expected.
data/algos/generated_striver_algos.ts(23035,25): error TS1434: Unexpected keyword or identifier.
data/algos/generated_striver_algos.ts(23036,1): error TS1005: '=' expected.
data/algos/generated_striver_algos.ts(23036,5): error TS1005: ';' expected.
data/algos/generated_striver_algos.ts(23036,47): error TS1005: ';' expected.
data/algos/generated_striver_algos.ts(23037,15): error TS1005: ',' expected.
data/algos/generated_striver_algos.ts(23037,19): error TS1005: '(' expected.
data/algos/generated_striver_algos.ts(23037,32): error TS1005: ')' expected.
data/algos/generated_striver_algos.ts(23038,9): error TS1005: '(' expected.
data/algos/generated_striver_algos.ts(23038,27): error TS1005: ')' expected.
data/algos/generated_striver_algos.ts(23043,34): error TS1127: Invalid character.
data/algos/generated_striver_algos.ts(23043,36): error TS1005: ';' expected.
data/algos/generated_striver_algos.ts(23045,11): error TS1005: '(' expected.
data/algos/generated_striver_algos.ts(23045,16): error TS1005: ')' expected.
data/algos/generated_striver_algos.ts(23047,12): error TS1005: '(' expected.
data/algos/generated_striver_algos.ts(23047,21): error TS1005: ')' expected.
data/algos/generated_striver_algos.ts(23049,13): error TS1005: '(' expected.
data/algos/generated_striver_algos.ts(23049,27): error TS1005: ')' expected.
data/algos/generated_striver_algos.ts(23050,16): error TS1005: '(' expected.
data/algos/generated_striver_algos.ts(23050,33): error TS1005: ')' expected.
data/algos/generated_striver_algos.ts(23054,24): error TS1005: ';' expected.
data/algos/generated_striver_algos.ts(23054,27): error TS1005: '(' expected.
data/algos/generated_striver_algos.ts(23054,55): error TS1005: ')' expected.
data/algos/generated_striver_algos.ts(23077,229): error TS1005: ';' expected.
data/algos/generated_striver_algos.ts(23077,238): error TS1443: Module declaration names may only use ' or " quoted strings.
data/algos/generated_striver_algos.ts(23086,1): error TS1005: '=' expected.
data/algos/generated_striver_algos.ts(23086,5): error TS1005: ';' expected.
data/algos/generated_striver_algos.ts(23086,34): error TS1005: ';' expected.
data/algos/generated_striver_algos.ts(23087,15): error TS1005: ',' expected.
data/algos/generated_striver_algos.ts(23087,19): error TS1005: '(' expected.
data/algos/generated_striver_algos.ts(23087,36): error TS1005: ')' expected.
data/algos/generated_striver_algos.ts(23088,9): error TS1005: '(' expected.
data/algos/generated_striver_algos.ts(23088,25): error TS1005: ')' expected.
data/algos/generated_striver_algos.ts(23095,11): error TS1005: '(' expected.
data/algos/generated_striver_algos.ts(23095,13): error TS1005: ')' expected.
data/algos/generated_striver_algos.ts(23097,12): error TS1005: '(' expected.
data/algos/generated_striver_algos.ts(23097,23): error TS1005: ')' expected.
data/algos/generated_striver_algos.ts(23098,13): error TS1005: '(' expected.
data/algos/generated_striver_algos.ts(23098,27): error TS1005: ')' expected.
data/algos/generated_striver_algos.ts(23099,16): error TS1005: '(' expected.
data/algos/generated_striver_algos.ts(23099,37): error TS1005: ')' expected.
data/algos/generated_striver_algos.ts(23103,21): error TS1005: ']' expected.
data/algos/generated_striver_algos.ts(23103,22): error TS1135: Argument expression expected.
data/algos/generated_striver_algos.ts(23104,16): error TS1005: ';' expected.
data/algos/generated_striver_algos.ts(23104,19): error TS1005: '(' expected.
data/algos/generated_striver_algos.ts(23104,39): error TS1005: ')' expected.
data/algos/generated_striver_algos.ts(23127,156): error TS1005: ';' expected.
data/algos/generated_striver_algos.ts(23127,160): error TS1443: Module declaration names may only use ' or " quoted strings.
data/algos/generated_striver_algos.ts(23127,181): error TS1443: Module declaration names may only use ' or " quoted strings.
data/algos/generated_striver_algos.ts(23127,207): error TS1005: ';' expected.
data/algos/generated_striver_algos.ts(23127,285): error TS1005: ';' expected.
data/algos/generated_striver_algos.ts(23127,352): error TS1005: ';' expected.
data/algos/generated_striver_algos.ts(23127,386): error TS1005: ';' expected.
data/algos/generated_striver_algos.ts(23127,416): error TS1005: ';' expected.
data/algos/generated_striver_algos.ts(23127,499): error TS1005: ';' expected.
data/algos/generated_striver_algos.ts(23135,20): error TS1005: ';' expected.
data/algos/generated_striver_algos.ts(23136,1): error TS1005: '=' expected.
data/algos/generated_striver_algos.ts(23136,5): error TS1005: ';' expected.
data/algos/generated_striver_algos.ts(23136,25): error TS1005: ';' expected.
data/algos/generated_striver_algos.ts(23137,15): error TS1005: ',' expected.
data/algos/generated_striver_algos.ts(23137,19): error TS1005: '(' expected.
data/algos/generated_striver_algos.ts(23137,32): error TS1005: ')' expected.
data/algos/generated_striver_algos.ts(23138,9): error TS1005: '(' expected.
data/algos/generated_striver_algos.ts(23138,25): error TS1005: ')' expected.
data/algos/generated_striver_algos.ts(23149,11): error TS1005: '(' expected.
data/algos/generated_striver_algos.ts(23149,13): error TS1005: ')' expected.
data/algos/generated_striver_algos.ts(23151,12): error TS1005: '(' expected.
data/algos/generated_striver_algos.ts(23151,23): error TS1005: ')' expected.
data/algos/generated_striver_algos.ts(23152,13): error TS1005: '(' expected.
data/algos/generated_striver_algos.ts(23152,27): error TS1005: ')' expected.
data/algos/generated_striver_algos.ts(23153,16): error TS1005: '(' expected.
data/algos/generated_striver_algos.ts(23153,31): error TS1005: ')' expected.
data/algos/generated_striver_algos.ts(23157,13): error TS1434: Unexpected keyword or identifier.
data/algos/generated_striver_algos.ts(23157,34): error TS1005: ';' expected.
data/algos/generated_striver_algos.ts(23191,20): error TS1005: ';' expected.
data/algos/generated_striver_algos.ts(23191,49): error TS1005: ';' expected.
data/algos/generated_striver_algos.ts(23195,5): error TS1127: Invalid character.
data/algos/generated_striver_algos.ts(23195,7): error TS1005: ';' expected.
data/algos/generated_striver_algos.ts(23195,17): error TS1005: ';' expected.
data/algos/generated_striver_algos.ts(23196,9): error TS1005: '(' expected.
data/algos/generated_striver_algos.ts(23196,26): error TS1005: ')' expected.
data/algos/generated_striver_algos.ts(23197,13): error TS1005: '(' expected.
data/algos/generated_striver_algos.ts(23197,29): error TS1005: ')' expected.
data/algos/generated_striver_algos.ts(23198,16): error TS1005: '(' expected.
data/algos/generated_striver_algos.ts(23198,33): error TS1005: ')' expected.
data/algos/generated_striver_algos.ts(23198,58): error TS1005: ';' expected.
data/algos/generated_striver_algos.ts(23201,5): error TS1127: Invalid character.
data/algos/generated_striver_algos.ts(23201,7): error TS1005: ';' expected.
data/algos/generated_striver_algos.ts(23201,14): error TS1434: Unexpected keyword or identifier.
data/algos/generated_striver_algos.ts(23202,9): error TS1005: '(' expected.
data/algos/generated_striver_algos.ts(23202,25): error TS1005: ')' expected.
data/algos/generated_striver_algos.ts(23203,12): error TS1005: '(' expected.
data/algos/generated_striver_algos.ts(23203,29): error TS1005: ')' expected.
data/algos/generated_striver_algos.ts(23203,54): error TS1005: ';' expected.
data/algos/generated_striver_algos.ts(23204,25): error TS1127: Invalid character.
data/algos/generated_striver_algos.ts(23204,27): error TS1005: ';' expected.
data/algos/generated_striver_algos.ts(23204,36): error TS1434: Unexpected keyword or identifier.
data/algos/generated_striver_algos.ts(23230,174): error TS1005: ';' expected.
data/algos/generated_striver_algos.ts(23238,20): error TS1005: ';' expected.
data/algos/generated_striver_algos.ts(23238,49): error TS1005: ';' expected.
data/algos/generated_striver_algos.ts(23240,9): error TS1005: '(' expected.
data/algos/generated_striver_algos.ts(23240,22): error TS1005: ')' expected.
data/algos/generated_striver_algos.ts(23241,13): error TS1005: '(' expected.
data/algos/generated_striver_algos.ts(23241,26): error TS1005: ')' expected.
data/algos/generated_striver_algos.ts(23242,17): error TS1005: '(' expected.
data/algos/generated_striver_algos.ts(23242,30): error TS1005: ')' expected.
data/algos/generated_striver_algos.ts(23243,20): error TS1005: '(' expected.
data/algos/generated_striver_algos.ts(23243,39): error TS1005: ')' expected.
data/algos/generated_striver_algos.ts(23243,61): error TS1005: ';' expected.
data/algos/generated_striver_algos.ts(23244,24): error TS1005: '(' expected.
data/algos/generated_striver_algos.ts(23244,43): error TS1005: ')' expected.
data/algos/generated_striver_algos.ts(23244,88): error TS1005: ';' expected.
data/algos/generated_striver_algos.ts(23268,188): error TS1005: ';' expected.
data/algos/generated_striver_algos.ts(23268,236): error TS1443: Module declaration names may only use ' or " quoted strings.
data/algos/generated_striver_algos.ts(23277,1): error TS1005: '=' expected.
data/algos/generated_striver_algos.ts(23277,5): error TS1005: ';' expected.
data/algos/generated_striver_algos.ts(23277,25): error TS1005: ';' expected.
data/algos/generated_striver_algos.ts(23278,19): error TS1127: Invalid character.
data/algos/generated_striver_algos.ts(23278,21): error TS1005: ';' expected.
data/algos/generated_striver_algos.ts(23282,11): error TS1005: '(' expected.
data/algos/generated_striver_algos.ts(23282,13): error TS1005: ')' expected.
data/algos/generated_striver_algos.ts(23284,12): error TS1005: '(' expected.
data/algos/generated_striver_algos.ts(23284,22): error TS1005: ')' expected.
data/algos/generated_striver_algos.ts(23287,13): error TS1005: '(' expected.
data/algos/generated_striver_algos.ts(23287,32): error TS1005: ')' expected.
data/algos/generated_striver_algos.ts(23288,16): error TS1005: '(' expected.
data/algos/generated_striver_algos.ts(23288,20): error TS1005: ')' expected.
data/algos/generated_striver_algos.ts(23288,30): error TS1005: ';' expected.
data/algos/generated_striver_algos.ts(23322,20): error TS1005: ';' expected.
data/algos/generated_striver_algos.ts(23322,53): error TS1005: ';' expected.
data/algos/generated_striver_algos.ts(23323,8): error TS1005: '(' expected.
data/algos/generated_striver_algos.ts(23323,32): error TS1005: ')' expected.
data/algos/generated_striver_algos.ts(23326,9): error TS1005: '(' expected.
data/algos/generated_striver_algos.ts(23326,28): error TS1005: ')' expected.
data/algos/generated_striver_algos.ts(23327,12): error TS1005: '(' expected.
data/algos/generated_striver_algos.ts(23327,36): error TS1005: ')' expected.
data/algos/generated_striver_algos.ts(23361,20): error TS1005: ';' expected.
data/algos/generated_striver_algos.ts(23361,44): error TS1005: ';' expected.
data/algos/generated_striver_algos.ts(23362,13): error TS1127: Invalid character.
data/algos/generated_striver_algos.ts(23362,15): error TS1005: ';' expected.
data/algos/generated_striver_algos.ts(23362,19): error TS1434: Unexpected keyword or identifier.
data/algos/generated_striver_algos.ts(23362,28): error TS1005: '(' expected.
data/algos/generated_striver_algos.ts(23362,36): error TS1005: ';' expected.
data/algos/generated_striver_algos.ts(23363,5): error TS1005: ';' expected.
data/algos/generated_striver_algos.ts(23363,9): error TS1005: ')' expected.
data/algos/generated_striver_algos.ts(23363,16): error TS1005: ';' expected.
data/algos/generated_striver_algos.ts(23364,12): error TS1005: '(' expected.
data/algos/generated_striver_algos.ts(23364,36): error TS1005: ')' expected.
data/algos/generated_striver_algos.ts(23367,5): error TS1434: Unexpected keyword or identifier.
data/algos/generated_striver_algos.ts(23367,20): error TS1005: ';' expected.
data/algos/generated_striver_algos.ts(23369,12): error TS1005: '(' expected.
data/algos/generated_striver_algos.ts(23369,28): error TS1005: ')' expected.
data/algos/generated_striver_algos.ts(23371,9): error TS1005: '(' expected.
data/algos/generated_striver_algos.ts(23371,23): error TS1005: ')' expected.
data/algos/generated_striver_algos.ts(23374,39): error TS1005: '{' expected.
data/algos/generated_striver_algos.ts(23374,43): error TS1005: ':' expected.
data/algos/generated_striver_algos.ts(23405,20): error TS1005: ';' expected.
data/algos/generated_striver_algos.ts(23405,47): error TS1005: ';' expected.
data/algos/generated_striver_algos.ts(23409,9): error TS1005: '(' expected.
data/algos/generated_striver_algos.ts(23409,38): error TS1005: ')' expected.
data/algos/generated_striver_algos.ts(23410,13): error TS1005: '(' expected.
data/algos/generated_striver_algos.ts(23410,27): error TS1005: ']' expected.
data/algos/generated_striver_algos.ts(23410,28): error TS1109: Expression expected.
data/algos/generated_striver_algos.ts(23410,29): error TS1128: Declaration or statement expected.
data/algos/generated_striver_algos.ts(23411,16): error TS1005: '(' expected.
data/algos/generated_striver_algos.ts(23411,37): error TS1005: ')' expected.
data/algos/generated_striver_algos.ts(23413,17): error TS1109: Expression expected.
data/algos/generated_striver_algos.ts(23417,9): error TS1005: '(' expected.
data/algos/generated_striver_algos.ts(23417,47): error TS1005: ')' expected.
data/algos/generated_striver_algos.ts(23421,47): error TS1005: ',' expected.
data/algos/generated_striver_algos.ts(23421,51): error TS1005: '(' expected.
data/algos/generated_striver_algos.ts(23421,78): error TS1005: ')' expected.
data/algos/generated_striver_algos.ts(23433,22): error TS1005: ';' expected.
data/algos/generated_striver_algos.ts(23439,22): error TS1005: ';' expected.
data/algos/generated_striver_algos.ts(23440,12): error TS1434: Unexpected keyword or identifier.
data/algos/generated_striver_algos.ts(23447,22): error TS1005: ';' expected.
data/algos/generated_striver_algos.ts(23447,56): error TS1005: ';' expected.
data/algos/generated_striver_algos.ts(23476,22): error TS1005: ';' expected.
data/algos/generated_striver_algos.ts(23476,54): error TS1109: Expression expected.
data/algos/generated_striver_algos.ts(23476,60): error TS1005: ';' expected.
data/algos/generated_striver_algos.ts(23477,5): error TS1127: Invalid character.
data/algos/generated_striver_algos.ts(23477,7): error TS1005: ';' expected.
data/algos/generated_striver_algos.ts(23477,17): error TS1434: Unexpected keyword or identifier.
data/algos/generated_striver_algos.ts(23477,24): error TS1434: Unexpected keyword or identifier.
data/algos/generated_striver_algos.ts(23477,26): error TS1434: Unexpected keyword or identifier.
data/algos/generated_striver_algos.ts(23477,32): error TS1434: Unexpected keyword or identifier.
data/algos/generated_striver_algos.ts(23478,9): error TS1443: Module declaration names may only use ' or " quoted strings.
data/algos/generated_striver_algos.ts(23488,22): error TS1005: ';' expected.
data/algos/generated_striver_algos.ts(23489,12): error TS1434: Unexpected keyword or identifier.
data/algos/generated_striver_algos.ts(23496,22): error TS1005: ';' expected.
data/algos/generated_striver_algos.ts(23496,57): error TS1005: ';' expected.
data/algos/generated_striver_algos.ts(23529,20): error TS1005: ';' expected.
data/algos/generated_striver_algos.ts(23530,1): error TS1005: '=' expected.
data/algos/generated_striver_algos.ts(23530,5): error TS1005: ';' expected.
data/algos/generated_striver_algos.ts(23530,22): error TS1005: ';' expected.
data/algos/generated_striver_algos.ts(23533,24): error TS1005: ',' expected.
data/algos/generated_striver_algos.ts(23533,28): error TS1005: '(' expected.
data/algos/generated_striver_algos.ts(23533,41): error TS1005: ')' expected.
data/algos/generated_striver_algos.ts(23536,11): error TS1005: '(' expected.
data/algos/generated_striver_algos.ts(23536,13): error TS1005: ')' expected.
data/algos/generated_striver_algos.ts(23538,12): error TS1005: '(' expected.
data/algos/generated_striver_algos.ts(23538,23): error TS1005: ')' expected.
data/algos/generated_striver_algos.ts(23538,37): error TS1005: ';' expected.
data/algos/generated_striver_algos.ts(23539,13): error TS1005: '(' expected.
data/algos/generated_striver_algos.ts(23539,50): error TS1005: ')' expected.
data/algos/generated_striver_algos.ts(23541,16): error TS1005: '(' expected.
data/algos/generated_striver_algos.ts(23541,24): error TS1005: ')' expected.
data/algos/generated_striver_algos.ts(23541,36): error TS1005: ';' expected.
data/algos/generated_striver_algos.ts(23541,40): error TS1434: Unexpected keyword or identifier.
data/algos/generated_striver_algos.ts(23541,59): error TS1005: ';' expected.
data/algos/generated_striver_algos.ts(23551,22): error TS1005: ';' expected.
data/algos/generated_striver_algos.ts(23552,12): error TS1434: Unexpected keyword or identifier.
data/algos/generated_striver_algos.ts(23559,22): error TS1005: ';' expected.
data/algos/generated_striver_algos.ts(23559,54): error TS1005: ';' expected.
data/algos/generated_striver_algos.ts(23588,22): error TS1005: ';' expected.
data/algos/generated_striver_algos.ts(23588,85): error TS1109: Expression expected.
data/algos/generated_striver_algos.ts(23588,91): error TS1005: ';' expected.
data/algos/generated_striver_algos.ts(23589,5): error TS1127: Invalid character.
data/algos/generated_striver_algos.ts(23589,7): error TS1005: ';' expected.
data/algos/generated_striver_algos.ts(23589,17): error TS1434: Unexpected keyword or identifier.
data/algos/generated_striver_algos.ts(23589,75): error TS1002: Unterminated string literal.
data/algos/generated_striver_algos.ts(23590,9): error TS1443: Module declaration names may only use ' or " quoted strings.
data/algos/generated_striver_algos.ts(23600,22): error TS1005: ';' expected.
data/algos/generated_striver_algos.ts(23601,12): error TS1434: Unexpected keyword or identifier.
data/algos/generated_striver_algos.ts(23608,22): error TS1005: ';' expected.
data/algos/generated_striver_algos.ts(23608,88): error TS1005: ';' expected.
data/algos/generated_striver_algos.ts(23634,74): error TS1005: ';' expected.
data/algos/generated_striver_algos.ts(23634,79): error TS1443: Module declaration names may only use ' or " quoted strings.
data/algos/generated_striver_algos.ts(23634,114): error TS1443: Module declaration names may only use ' or " quoted strings.
data/algos/generated_striver_algos.ts(23634,229): error TS1005: ';' expected.
data/algos/generated_striver_algos.ts(23634,233): error TS1443: Module declaration names may only use ' or " quoted strings.
data/algos/generated_striver_algos.ts(23634,242): error TS1443: Module declaration names may only use ' or " quoted strings.
data/algos/generated_striver_algos.ts(23642,20): error TS1434: Unexpected keyword or identifier.
data/algos/generated_striver_algos.ts(23642,48): error TS1005: ';' expected.
data/algos/generated_striver_algos.ts(23644,9): error TS1005: '(' expected.
data/algos/generated_striver_algos.ts(23644,25): error TS1005: ')' expected.
data/algos/generated_striver_algos.ts(23647,12): error TS1005: '(' expected.
data/algos/generated_striver_algos.ts(23647,17): error TS1005: ')' expected.
data/algos/generated_striver_algos.ts(23675,136): error TS1005: ';' expected.
data/algos/generated_striver_algos.ts(23683,20): error TS1005: ';' expected.
data/algos/generated_striver_algos.ts(23683,50): error TS1005: ';' expected.
data/algos/generated_striver_algos.ts(23685,9): error TS1005: '(' expected.
data/algos/generated_striver_algos.ts(23685,25): error TS1005: ')' expected.
data/algos/generated_striver_algos.ts(23687,13): error TS1005: '(' expected.
data/algos/generated_striver_algos.ts(23687,33): error TS1005: ')' expected.
data/algos/generated_striver_algos.ts(23688,16): error TS1005: '(' expected.
data/algos/generated_striver_algos.ts(23688,26): error TS1005: ')' expected.
data/algos/generated_striver_algos.ts(23716,116): error TS1005: ';' expected.
data/algos/generated_striver_algos.ts(23716,148): error TS1005: ';' expected.
data/algos/generated_striver_algos.ts(23716,199): error TS1005: ';' expected.
data/algos/generated_striver_algos.ts(23716,206): error TS1443: Module declaration names may only use ' or " quoted strings.
data/algos/generated_striver_algos.ts(23724,20): error TS1005: ';' expected.
data/algos/generated_striver_algos.ts(23724,42): error TS1005: ';' expected.
data/algos/generated_striver_algos.ts(23726,9): error TS1005: '(' expected.
data/algos/generated_striver_algos.ts(23726,25): error TS1005: ')' expected.
data/algos/generated_striver_algos.ts(23728,12): error TS1005: '(' expected.
data/algos/generated_striver_algos.ts(23728,17): error TS1005: ')' expected.
data/algos/generated_striver_algos.ts(23756,272): error TS1005: ';' expected.
data/algos/generated_striver_algos.ts(23756,288): error TS1003: Identifier expected.
data/algos/generated_striver_algos.ts(23756,294): error TS1443: Module declaration names may only use ' or " quoted strings.
data/algos/generated_striver_algos.ts(23756,326): error TS1003: Identifier expected.
data/algos/generated_striver_algos.ts(23756,332): error TS1443: Module declaration names may only use ' or " quoted strings.
data/algos/generated_striver_algos.ts(23756,377): error TS1443: Module declaration names may only use ' or " quoted strings.
data/algos/generated_striver_algos.ts(23764,20): error TS1434: Unexpected keyword or identifier.
data/algos/generated_striver_algos.ts(23764,33): error TS1005: ';' expected.
data/algos/generated_striver_algos.ts(23765,5): error TS1434: Unexpected keyword or identifier.
data/algos/generated_striver_algos.ts(23765,19): error TS1005: ';' expected.
data/algos/generated_striver_algos.ts(23767,13): error TS1005: '(' expected.
data/algos/generated_striver_algos.ts(23767,21): error TS1005: ')' expected.
data/algos/generated_striver_algos.ts(23773,8): error TS1005: '(' expected.
data/algos/generated_striver_algos.ts(23773,14): error TS1005: ')' expected.
data/algos/generated_striver_algos.ts(23774,27): error TS1109: Expression expected.
data/algos/generated_striver_algos.ts(23774,30): error TS1005: ',' expected.
data/algos/generated_striver_algos.ts(23774,46): error TS1005: ']' expected.
data/algos/generated_striver_algos.ts(23774,47): error TS1135: Argument expression expected.
data/algos/generated_striver_algos.ts(23797,175): error TS1005: ';' expected.
data/algos/generated_striver_algos.ts(23805,20): error TS1005: ';' expected.
data/algos/generated_striver_algos.ts(23805,48): error TS1005: ';' expected.
data/algos/generated_striver_algos.ts(23812,9): error TS1005: '(' expected.
data/algos/generated_striver_algos.ts(23812,27): error TS1005: ')' expected.
data/algos/generated_striver_algos.ts(23814,13): error TS1005: '(' expected.
data/algos/generated_striver_algos.ts(23814,29): error TS1005: ')' expected.
data/algos/generated_striver_algos.ts(23815,17): error TS1005: '(' expected.
data/algos/generated_striver_algos.ts(23815,33): error TS1005: ')' expected.
data/algos/generated_striver_algos.ts(23816,20): error TS1005: '(' expected.
data/algos/generated_striver_algos.ts(23816,32): error TS1005: ')' expected.
data/algos/generated_striver_algos.ts(23842,129): error TS1005: ';' expected.
data/algos/generated_striver_algos.ts(23850,20): error TS1005: ';' expected.
data/algos/generated_striver_algos.ts(23850,41): error TS1005: ';' expected.
data/algos/generated_striver_algos.ts(23852,9): error TS1005: '(' expected.
data/algos/generated_striver_algos.ts(23852,25): error TS1005: ')' expected.
data/algos/generated_striver_algos.ts(23854,13): error TS1005: '(' expected.
data/algos/generated_striver_algos.ts(23854,29): error TS1005: ')' expected.
data/algos/generated_striver_algos.ts(23880,67): error TS1005: ';' expected.
data/algos/generated_striver_algos.ts(23880,90): error TS1005: ';' expected.
data/algos/generated_striver_algos.ts(23888,20): error TS1005: ';' expected.
data/algos/generated_striver_algos.ts(23888,54): error TS1005: ';' expected.
data/algos/generated_striver_algos.ts(23891,9): error TS1005: '(' expected.
data/algos/generated_striver_algos.ts(23891,22): error TS1005: ')' expected.
data/algos/generated_striver_algos.ts(23893,13): error TS1005: '(' expected.
data/algos/generated_striver_algos.ts(23893,26): error TS1005: ')' expected.
data/algos/generated_striver_algos.ts(23894,16): error TS1005: '(' expected.
data/algos/generated_striver_algos.ts(23894,31): error TS1005: ')' expected.
data/algos/generated_striver_algos.ts(23896,13): error TS1434: Unexpected keyword or identifier.
data/algos/generated_striver_algos.ts(23896,25): error TS1005: ';' expected.
data/algos/generated_striver_algos.ts(23896,35): error TS1005: ';' expected.
data/algos/generated_striver_algos.ts(23898,13): error TS1128: Declaration or statement expected.
data/algos/generated_striver_algos.ts(23898,17): error TS1128: Declaration or statement expected.
data/algos/generated_striver_algos.ts(23900,34): error TS1005: ';' expected.
data/algos/generated_striver_algos.ts(23900,37): error TS1005: '(' expected.
data/algos/generated_striver_algos.ts(23900,43): error TS1005: ')' expected.
data/algos/generated_striver_algos.ts(23926,109): error TS1005: ';' expected.
data/algos/generated_striver_algos.ts(23934,20): error TS1005: ';' expected.
data/algos/generated_striver_algos.ts(23934,40): error TS1005: ';' expected.
data/algos/generated_striver_algos.ts(23937,9): error TS1005: '(' expected.
data/algos/generated_striver_algos.ts(23937,22): error TS1005: ')' expected.
data/algos/generated_striver_algos.ts(23939,13): error TS1005: '(' expected.
data/algos/generated_striver_algos.ts(23939,26): error TS1005: ')' expected.
data/algos/generated_striver_algos.ts(23940,16): error TS1005: '(' expected.
data/algos/generated_striver_algos.ts(23940,23): error TS1005: ')' expected.
data/algos/generated_striver_algos.ts(23940,33): error TS1005: ';' expected.
data/algos/generated_striver_algos.ts(23942,13): error TS1128: Declaration or statement expected.
data/algos/generated_striver_algos.ts(23942,17): error TS1128: Declaration or statement expected.
data/algos/generated_striver_algos.ts(23944,34): error TS1005: ';' expected.
data/algos/generated_striver_algos.ts(23944,37): error TS1005: '(' expected.
data/algos/generated_striver_algos.ts(23944,43): error TS1005: ')' expected.
data/algos/generated_striver_algos.ts(23970,151): error TS1005: ';' expected.
data/algos/generated_striver_algos.ts(23978,20): error TS1005: ';' expected.
data/algos/generated_striver_algos.ts(23978,46): error TS1005: ';' expected.
data/algos/generated_striver_algos.ts(23980,25): error TS1109: Expression expected.
data/algos/generated_striver_algos.ts(23980,26): error TS1128: Declaration or statement expected.
data/algos/generated_striver_algos.ts(23980,28): error TS1127: Invalid character.
data/algos/generated_striver_algos.ts(23980,30): error TS1005: ';' expected.
data/algos/generated_striver_algos.ts(23980,35): error TS1434: Unexpected keyword or identifier.
data/algos/generated_striver_algos.ts(23980,38): error TS1434: Unexpected keyword or identifier.
data/algos/generated_striver_algos.ts(23981,9): error TS1005: '(' expected.
data/algos/generated_striver_algos.ts(23981,34): error TS1005: ')' expected.
data/algos/generated_striver_algos.ts(23983,13): error TS1005: '(' expected.
data/algos/generated_striver_algos.ts(23983,30): error TS1005: ')' expected.
data/algos/generated_striver_algos.ts(24009,121): error TS1005: ';' expected.
data/algos/generated_striver_algos.ts(24017,20): error TS1005: ';' expected.
data/algos/generated_striver_algos.ts(24017,49): error TS1005: ';' expected.
data/algos/generated_striver_algos.ts(24019,22): error TS1109: Expression expected.
data/algos/generated_striver_algos.ts(24019,23): error TS1128: Declaration or statement expected.
data/algos/generated_striver_algos.ts(24020,9): error TS1005: '(' expected.
data/algos/generated_striver_algos.ts(24020,25): error TS1005: ')' expected.
data/algos/generated_striver_algos.ts(24022,13): error TS1005: '(' expected.
data/algos/generated_striver_algos.ts(24022,26): error TS1005: ')' expected.
data/algos/generated_striver_algos.ts(24024,30): error TS1005: ';' expected.
data/algos/generated_striver_algos.ts(24024,33): error TS1005: '(' expected.
data/algos/generated_striver_algos.ts(24024,39): error TS1005: ')' expected.
data/algos/generated_striver_algos.ts(24025,31): error TS1005: ';' expected.
data/algos/generated_striver_algos.ts(24025,34): error TS1005: '(' expected.
data/algos/generated_striver_algos.ts(24025,44): error TS1005: ')' expected.
data/algos/generated_striver_algos.ts(24051,130): error TS1005: ';' expected.
data/algos/generated_striver_algos.ts(24051,131): error TS1443: Module declaration names may only use ' or " quoted strings.
data/algos/generated_striver_algos.ts(24051,179): error TS1005: ';' expected.
data/algos/generated_striver_algos.ts(24051,256): error TS1005: ';' expected.
data/algos/generated_striver_algos.ts(24051,271): error TS1005: ';' expected.
data/algos/generated_striver_algos.ts(24059,20): error TS1005: ';' expected.
data/algos/generated_striver_algos.ts(24059,42): error TS1005: ';' expected.
data/algos/generated_striver_algos.ts(24061,20): error TS1005: ',' expected.
data/algos/generated_striver_algos.ts(24061,24): error TS1005: '(' expected.
data/algos/generated_striver_algos.ts(24061,37): error TS1005: ')' expected.
data/algos/generated_striver_algos.ts(24063,5): error TS1127: Invalid character.
data/algos/generated_striver_algos.ts(24063,7): error TS1005: ';' expected.
data/algos/generated_striver_algos.ts(24063,18): error TS1434: Unexpected keyword or identifier.
data/algos/generated_striver_algos.ts(24064,9): error TS1005: '(' expected.
data/algos/generated_striver_algos.ts(24064,23): error TS1005: ')' expected.
data/algos/generated_striver_algos.ts(24065,13): error TS1005: '(' expected.
data/algos/generated_striver_algos.ts(24065,27): error TS1005: ')' expected.
data/algos/generated_striver_algos.ts(24066,16): error TS1005: '(' expected.
data/algos/generated_striver_algos.ts(24066,24): error TS1005: ')' expected.
data/algos/generated_striver_algos.ts(24067,17): error TS1109: Expression expected.
data/algos/generated_striver_algos.ts(24069,5): error TS1127: Invalid character.
data/algos/generated_striver_algos.ts(24069,7): error TS1005: ';' expected.
data/algos/generated_striver_algos.ts(24070,9): error TS1005: '(' expected.
data/algos/generated_striver_algos.ts(24070,34): error TS1005: ')' expected.
data/algos/generated_striver_algos.ts(24071,26): error TS1005: ',' expected.
data/algos/generated_striver_algos.ts(24071,30): error TS1005: '(' expected.
data/algos/generated_striver_algos.ts(24071,43): error TS1005: ')' expected.
data/algos/generated_striver_algos.ts(24072,13): error TS1005: '(' expected.
data/algos/generated_striver_algos.ts(24072,27): error TS1005: ')' expected.
data/algos/generated_striver_algos.ts(24073,17): error TS1005: '(' expected.
data/algos/generated_striver_algos.ts(24073,31): error TS1005: ')' expected.
data/algos/generated_striver_algos.ts(24075,21): error TS1005: '(' expected.
data/algos/generated_striver_algos.ts(24075,38): error TS1005: ')' expected.
data/algos/generated_striver_algos.ts(24076,25): error TS1005: '(' expected.
data/algos/generated_striver_algos.ts(24076,42): error TS1005: ')' expected.
data/algos/generated_striver_algos.ts(24078,28): error TS1005: '(' expected.
data/algos/generated_striver_algos.ts(24078,41): error TS1005: ')' expected.
data/algos/generated_striver_algos.ts(24078,57): error TS1005: ';' expected.
data/algos/generated_striver_algos.ts(24081,50): error TS1005: ')' expected.
data/algos/generated_striver_algos.ts(24081,53): error TS1005: '(' expected.
data/algos/generated_striver_algos.ts(24081,62): error TS1005: ')' expected.
data/algos/generated_striver_algos.ts(24081,68): error TS1005: ';' expected.
data/algos/generated_striver_algos.ts(24109,90): error TS1005: ';' expected.
data/algos/generated_striver_algos.ts(24109,114): error TS1005: ';' expected.
data/algos/generated_striver_algos.ts(24109,136): error TS1443: Module declaration names may only use ' or " quoted strings.
data/algos/generated_striver_algos.ts(24117,20): error TS1434: Unexpected keyword or identifier.
data/algos/generated_striver_algos.ts(24117,43): error TS1005: ';' expected.
data/algos/generated_striver_algos.ts(24122,5): error TS1127: Invalid character.
data/algos/generated_striver_algos.ts(24122,7): error TS1005: ';' expected.
data/algos/generated_striver_algos.ts(24122,17): error TS1005: ';' expected.
data/algos/generated_striver_algos.ts(24123,8): error TS1005: '(' expected.
data/algos/generated_striver_algos.ts(24123,19): error TS1005: ')' expected.
data/algos/generated_striver_algos.ts(24125,9): error TS1005: '(' expected.
data/algos/generated_striver_algos.ts(24125,25): error TS1005: ')' expected.
data/algos/generated_striver_algos.ts(24128,13): error TS1005: '(' expected.
data/algos/generated_striver_algos.ts(24128,38): error TS1005: ')' expected.
data/algos/generated_striver_algos.ts(24130,40): error TS1005: ';' expected.
data/algos/generated_striver_algos.ts(24130,43): error TS1005: '(' expected.
data/algos/generated_striver_algos.ts(24130,60): error TS1005: ')' expected.
data/algos/generated_striver_algos.ts(24131,33): error TS1005: ';' expected.
data/algos/generated_striver_algos.ts(24156,142): error TS1005: ';' expected.
data/algos/generated_striver_algos.ts(24158,34): error TS1005: ';' expected.
data/algos/generated_striver_algos.ts(24159,24): error TS1005: ';' expected.
data/algos/generated_striver_algos.ts(24160,35): error TS1005: ';' expected.
data/algos/generated_striver_algos.ts(24161,24): error TS1005: ';' expected.
data/algos/generated_striver_algos.ts(24177,7): error TS1109: Expression expected.
data/algos/generated_striver_algos.ts(24177,8): error TS1128: Declaration or statement expected.
data/algos/generated_striver_algos.ts(24178,5): error TS1128: Declaration or statement expected.
data/algos/generated_striver_algos.ts(24178,6): error TS1128: Declaration or statement expected.
data/algos/generated_striver_algos.ts(24179,3): error TS1128: Declaration or statement expected.
data/algos/generated_striver_algos.ts(24179,4): error TS1128: Declaration or statement expected.
data/algos/generated_striver_algos.ts(24182,10): error TS1005: ';' expected.
data/algos/generated_striver_algos.ts(24183,10): error TS1005: ';' expected.
data/algos/generated_striver_algos.ts(24184,13): error TS1005: ';' expected.
data/algos/generated_striver_algos.ts(24185,19): error TS1005: ';' expected.
data/algos/generated_striver_algos.ts(24186,15): error TS1005: ';' expected.
data/algos/generated_striver_algos.ts(24187,13): error TS1005: ';' expected.
data/algos/generated_striver_algos.ts(24189,17): error TS1005: ';' expected.
data/algos/generated_striver_algos.ts(24190,13): error TS1005: ';' expected.
data/algos/generated_striver_algos.ts(24193,15): error TS1005: ';' expected.
data/algos/generated_striver_algos.ts(24222,3): error TS1109: Expression expected.
data/algos/generated_striver_algos.ts(24222,4): error TS1128: Declaration or statement expected.
data/algos/generated_striver_algos.ts(24225,10): error TS1005: ';' expected.
data/algos/generated_striver_algos.ts(24226,10): error TS1005: ';' expected.
data/algos/generated_striver_algos.ts(24227,13): error TS1005: ';' expected.
data/algos/generated_striver_algos.ts(24228,19): error TS1005: ';' expected.
data/algos/generated_striver_algos.ts(24229,15): error TS1005: ';' expected.
data/algos/generated_striver_algos.ts(24230,13): error TS1005: ';' expected.
data/algos/generated_striver_algos.ts(24232,17): error TS1005: ';' expected.
data/algos/generated_striver_algos.ts(24233,13): error TS1005: ';' expected.
data/algos/generated_striver_algos.ts(24236,15): error TS1005: ';' expected.
data/algos/generated_striver_algos.ts(24261,3): error TS1109: Expression expected.
data/algos/generated_striver_algos.ts(24261,4): error TS1128: Declaration or statement expected.
data/algos/generated_striver_algos.ts(24264,10): error TS1005: ';' expected.
data/algos/generated_striver_algos.ts(24265,10): error TS1005: ';' expected.
data/algos/generated_striver_algos.ts(24266,13): error TS1005: ';' expected.
data/algos/generated_striver_algos.ts(24267,19): error TS1005: ';' expected.
data/algos/generated_striver_algos.ts(24268,15): error TS1005: ';' expected.
data/algos/generated_striver_algos.ts(24269,13): error TS1005: ';' expected.
data/algos/generated_striver_algos.ts(24271,17): error TS1005: ';' expected.
data/algos/generated_striver_algos.ts(24272,13): error TS1005: ';' expected.
data/algos/generated_striver_algos.ts(24275,15): error TS1005: ';' expected.
data/algos/generated_striver_algos.ts(24302,3): error TS1109: Expression expected.
data/algos/generated_striver_algos.ts(24302,4): error TS1128: Declaration or statement expected.
data/algos/generated_striver_algos.ts(24305,10): error TS1005: ';' expected.
data/algos/generated_striver_algos.ts(24306,10): error TS1005: ';' expected.
data/algos/generated_striver_algos.ts(24307,13): error TS1005: ';' expected.
data/algos/generated_striver_algos.ts(24308,19): error TS1005: ';' expected.
data/algos/generated_striver_algos.ts(24309,15): error TS1005: ';' expected.
data/algos/generated_striver_algos.ts(24310,13): error TS1005: ';' expected.
data/algos/generated_striver_algos.ts(24312,17): error TS1005: ';' expected.
data/algos/generated_striver_algos.ts(24313,13): error TS1005: ';' expected.
data/algos/generated_striver_algos.ts(24317,15): error TS1005: ';' expected.
data/algos/generated_striver_algos.ts(24339,3): error TS1109: Expression expected.
data/algos/generated_striver_algos.ts(24339,4): error TS1128: Declaration or statement expected.
data/algos/generated_striver_algos.ts(24342,10): error TS1005: ';' expected.
data/algos/generated_striver_algos.ts(24343,10): error TS1005: ';' expected.
data/algos/generated_striver_algos.ts(24344,13): error TS1005: ';' expected.
data/algos/generated_striver_algos.ts(24345,19): error TS1005: ';' expected.
data/algos/generated_striver_algos.ts(24346,15): error TS1005: ';' expected.
data/algos/generated_striver_algos.ts(24347,13): error TS1005: ';' expected.
data/algos/generated_striver_algos.ts(24349,17): error TS1005: ';' expected.
data/algos/generated_striver_algos.ts(24350,13): error TS1005: ';' expected.
data/algos/generated_striver_algos.ts(24353,15): error TS1005: ';' expected.
data/algos/generated_striver_algos.ts(24376,3): error TS1109: Expression expected.
data/algos/generated_striver_algos.ts(24376,4): error TS1128: Declaration or statement expected.
data/algos/generated_striver_algos.ts(24379,10): error TS1005: ';' expected.
data/algos/generated_striver_algos.ts(24380,10): error TS1005: ';' expected.
data/algos/generated_striver_algos.ts(24381,13): error TS1005: ';' expected.
data/algos/generated_striver_algos.ts(24382,19): error TS1005: ';' expected.
data/algos/generated_striver_algos.ts(24383,15): error TS1005: ';' expected.
data/algos/generated_striver_algos.ts(24384,13): error TS1005: ';' expected.
data/algos/generated_striver_algos.ts(24386,17): error TS1005: ';' expected.
data/algos/generated_striver_algos.ts(24387,13): error TS1005: ';' expected.
data/algos/generated_striver_algos.ts(24390,15): error TS1005: ';' expected.
data/algos/generated_striver_algos.ts(24417,3): error TS1109: Expression expected.
data/algos/generated_striver_algos.ts(24417,4): error TS1128: Declaration or statement expected.
data/algos/generated_striver_algos.ts(24420,10): error TS1005: ';' expected.
data/algos/generated_striver_algos.ts(24421,10): error TS1005: ';' expected.
data/algos/generated_striver_algos.ts(24422,13): error TS1005: ';' expected.
data/algos/generated_striver_algos.ts(24423,19): error TS1005: ';' expected.
data/algos/generated_striver_algos.ts(24424,15): error TS1005: ';' expected.
data/algos/generated_striver_algos.ts(24425,13): error TS1005: ';' expected.
data/algos/generated_striver_algos.ts(24427,17): error TS1005: ';' expected.
data/algos/generated_striver_algos.ts(24428,13): error TS1005: ';' expected.
data/algos/generated_striver_algos.ts(24431,15): error TS1005: ';' expected.
data/algos/generated_striver_algos.ts(24454,3): error TS1109: Expression expected.
data/algos/generated_striver_algos.ts(24454,4): error TS1128: Declaration or statement expected.
data/algos/generated_striver_algos.ts(24457,10): error TS1005: ';' expected.
data/algos/generated_striver_algos.ts(24458,10): error TS1005: ';' expected.
data/algos/generated_striver_algos.ts(24459,13): error TS1005: ';' expected.
data/algos/generated_striver_algos.ts(24460,19): error TS1005: ';' expected.
data/algos/generated_striver_algos.ts(24461,15): error TS1005: ';' expected.
data/algos/generated_striver_algos.ts(24462,13): error TS1005: ';' expected.
data/algos/generated_striver_algos.ts(24464,17): error TS1005: ';' expected.
data/algos/generated_striver_algos.ts(24465,13): error TS1005: ';' expected.
data/algos/generated_striver_algos.ts(24468,15): error TS1005: ';' expected.
data/algos/generated_striver_algos.ts(24490,3): error TS1109: Expression expected.
data/algos/generated_striver_algos.ts(24490,4): error TS1128: Declaration or statement expected.
data/algos/generated_striver_algos.ts(24493,10): error TS1005: ';' expected.
data/algos/generated_striver_algos.ts(24494,10): error TS1005: ';' expected.
data/algos/generated_striver_algos.ts(24495,13): error TS1005: ';' expected.
data/algos/generated_striver_algos.ts(24496,19): error TS1005: ';' expected.
data/algos/generated_striver_algos.ts(24497,15): error TS1005: ';' expected.
data/algos/generated_striver_algos.ts(24498,13): error TS1005: ';' expected.
data/algos/generated_striver_algos.ts(24500,17): error TS1005: ';' expected.
data/algos/generated_striver_algos.ts(24501,13): error TS1005: ';' expected.
data/algos/generated_striver_algos.ts(24504,15): error TS1005: ';' expected.
data/algos/generated_striver_algos.ts(24528,3): error TS1109: Expression expected.
data/algos/generated_striver_algos.ts(24528,4): error TS1128: Declaration or statement expected.
data/algos/generated_striver_algos.ts(24531,10): error TS1005: ';' expected.
data/algos/generated_striver_algos.ts(24532,10): error TS1005: ';' expected.
data/algos/generated_striver_algos.ts(24533,13): error TS1005: ';' expected.
data/algos/generated_striver_algos.ts(24534,19): error TS1005: ';' expected.
data/algos/generated_striver_algos.ts(24535,15): error TS1005: ';' expected.
data/algos/generated_striver_algos.ts(24536,13): error TS1005: ';' expected.
data/algos/generated_striver_algos.ts(24538,17): error TS1005: ';' expected.
data/algos/generated_striver_algos.ts(24539,13): error TS1005: ';' expected.
data/algos/generated_striver_algos.ts(24543,15): error TS1005: ';' expected.
data/algos/generated_striver_algos.ts(24571,3): error TS1109: Expression expected.
data/algos/generated_striver_algos.ts(24571,4): error TS1128: Declaration or statement expected.
data/algos/generated_striver_algos.ts(24574,10): error TS1005: ';' expected.
data/algos/generated_striver_algos.ts(24575,10): error TS1005: ';' expected.
data/algos/generated_striver_algos.ts(24576,13): error TS1005: ';' expected.
data/algos/generated_striver_algos.ts(24577,19): error TS1005: ';' expected.
data/algos/generated_striver_algos.ts(24578,15): error TS1005: ';' expected.
data/algos/generated_striver_algos.ts(24579,13): error TS1005: ';' expected.
data/algos/generated_striver_algos.ts(24581,17): error TS1005: ';' expected.
data/algos/generated_striver_algos.ts(24582,13): error TS1005: ';' expected.
data/algos/generated_striver_algos.ts(24585,15): error TS1005: ';' expected.
data/algos/generated_striver_algos.ts(24618,3): error TS1109: Expression expected.
data/algos/generated_striver_algos.ts(24618,4): error TS1128: Declaration or statement expected.
data/algos/generated_striver_algos.ts(24621,10): error TS1005: ';' expected.
data/algos/generated_striver_algos.ts(24622,10): error TS1005: ';' expected.
data/algos/generated_striver_algos.ts(24623,13): error TS1005: ';' expected.
data/algos/generated_striver_algos.ts(24624,19): error TS1005: ';' expected.
data/algos/generated_striver_algos.ts(24625,15): error TS1005: ';' expected.
data/algos/generated_striver_algos.ts(24626,13): error TS1005: ';' expected.
data/algos/generated_striver_algos.ts(24628,17): error TS1005: ';' expected.
data/algos/generated_striver_algos.ts(24629,13): error TS1005: ';' expected.
data/algos/generated_striver_algos.ts(24633,15): error TS1005: ';' expected.
data/algos/generated_striver_algos.ts(24663,3): error TS1109: Expression expected.
data/algos/generated_striver_algos.ts(24663,4): error TS1128: Declaration or statement expected.
data/algos/generated_striver_algos.ts(24666,10): error TS1005: ';' expected.
data/algos/generated_striver_algos.ts(24667,10): error TS1005: ';' expected.
data/algos/generated_striver_algos.ts(24668,13): error TS1005: ';' expected.
data/algos/generated_striver_algos.ts(24669,19): error TS1005: ';' expected.
data/algos/generated_striver_algos.ts(24670,15): error TS1005: ';' expected.
data/algos/generated_striver_algos.ts(24671,13): error TS1005: ';' expected.
data/algos/generated_striver_algos.ts(24673,17): error TS1005: ';' expected.
data/algos/generated_striver_algos.ts(24674,13): error TS1005: ';' expected.
data/algos/generated_striver_algos.ts(24678,15): error TS1005: ';' expected.
data/algos/generated_striver_algos.ts(24707,3): error TS1109: Expression expected.
data/algos/generated_striver_algos.ts(24707,4): error TS1128: Declaration or statement expected.
data/algos/generated_striver_algos.ts(24710,10): error TS1005: ';' expected.
data/algos/generated_striver_algos.ts(24711,10): error TS1005: ';' expected.
data/algos/generated_striver_algos.ts(24712,13): error TS1005: ';' expected.
data/algos/generated_striver_algos.ts(24713,19): error TS1005: ';' expected.
data/algos/generated_striver_algos.ts(24714,15): error TS1005: ';' expected.
data/algos/generated_striver_algos.ts(24715,13): error TS1005: ';' expected.
data/algos/generated_striver_algos.ts(24717,17): error TS1005: ';' expected.
data/algos/generated_striver_algos.ts(24718,13): error TS1005: ';' expected.
data/algos/generated_striver_algos.ts(24721,15): error TS1005: ';' expected.
data/algos/generated_striver_algos.ts(24748,3): error TS1109: Expression expected.
data/algos/generated_striver_algos.ts(24748,4): error TS1128: Declaration or statement expected.
data/algos/generated_striver_algos.ts(24751,10): error TS1005: ';' expected.
data/algos/generated_striver_algos.ts(24752,10): error TS1005: ';' expected.
data/algos/generated_striver_algos.ts(24753,13): error TS1005: ';' expected.
data/algos/generated_striver_algos.ts(24754,19): error TS1005: ';' expected.
data/algos/generated_striver_algos.ts(24755,15): error TS1005: ';' expected.
data/algos/generated_striver_algos.ts(24756,13): error TS1005: ';' expected.
data/algos/generated_striver_algos.ts(24758,17): error TS1005: ';' expected.
data/algos/generated_striver_algos.ts(24759,13): error TS1005: ';' expected.
data/algos/generated_striver_algos.ts(24762,15): error TS1005: ';' expected.
data/algos/generated_striver_algos.ts(24789,3): error TS1109: Expression expected.
data/algos/generated_striver_algos.ts(24789,4): error TS1128: Declaration or statement expected.
data/algos/generated_striver_algos.ts(24792,10): error TS1005: ';' expected.
data/algos/generated_striver_algos.ts(24793,10): error TS1005: ';' expected.
data/algos/generated_striver_algos.ts(24794,13): error TS1005: ';' expected.
data/algos/generated_striver_algos.ts(24795,19): error TS1005: ';' expected.
data/algos/generated_striver_algos.ts(24796,15): error TS1005: ';' expected.
data/algos/generated_striver_algos.ts(24797,13): error TS1005: ';' expected.
data/algos/generated_striver_algos.ts(24799,17): error TS1005: ';' expected.
data/algos/generated_striver_algos.ts(24800,13): error TS1005: ';' expected.
data/algos/generated_striver_algos.ts(24803,15): error TS1005: ';' expected.
data/algos/generated_striver_algos.ts(24839,3): error TS1109: Expression expected.
data/algos/generated_striver_algos.ts(24839,4): error TS1128: Declaration or statement expected.
data/algos/generated_striver_algos.ts(24842,10): error TS1005: ';' expected.
data/algos/generated_striver_algos.ts(24843,10): error TS1005: ';' expected.
data/algos/generated_striver_algos.ts(24844,13): error TS1005: ';' expected.
data/algos/generated_striver_algos.ts(24845,19): error TS1005: ';' expected.
data/algos/generated_striver_algos.ts(24846,15): error TS1005: ';' expected.
data/algos/generated_striver_algos.ts(24847,13): error TS1005: ';' expected.
data/algos/generated_striver_algos.ts(24849,17): error TS1005: ';' expected.
data/algos/generated_striver_algos.ts(24850,13): error TS1005: ';' expected.
data/algos/generated_striver_algos.ts(24853,15): error TS1005: ';' expected.
data/algos/generated_striver_algos.ts(24879,3): error TS1109: Expression expected.
data/algos/generated_striver_algos.ts(24879,4): error TS1128: Declaration or statement expected.
data/algos/generated_striver_algos.ts(24882,10): error TS1005: ';' expected.
data/algos/generated_striver_algos.ts(24883,10): error TS1005: ';' expected.
data/algos/generated_striver_algos.ts(24884,13): error TS1005: ';' expected.
data/algos/generated_striver_algos.ts(24885,19): error TS1005: ';' expected.
data/algos/generated_striver_algos.ts(24886,15): error TS1005: ';' expected.
data/algos/generated_striver_algos.ts(24887,13): error TS1005: ';' expected.
data/algos/generated_striver_algos.ts(24889,17): error TS1005: ';' expected.
data/algos/generated_striver_algos.ts(24890,13): error TS1005: ';' expected.
data/algos/generated_striver_algos.ts(24894,15): error TS1005: ';' expected.
data/algos/generated_striver_algos.ts(24923,3): error TS1109: Expression expected.
data/algos/generated_striver_algos.ts(24923,4): error TS1128: Declaration or statement expected.
data/algos/generated_striver_algos.ts(24926,10): error TS1005: ';' expected.
data/algos/generated_striver_algos.ts(24927,10): error TS1005: ';' expected.
data/algos/generated_striver_algos.ts(24928,13): error TS1005: ';' expected.
data/algos/generated_striver_algos.ts(24929,19): error TS1005: ';' expected.
data/algos/generated_striver_algos.ts(24930,15): error TS1005: ';' expected.
data/algos/generated_striver_algos.ts(24931,13): error TS1005: ';' expected.
data/algos/generated_striver_algos.ts(24933,17): error TS1005: ';' expected.
data/algos/generated_striver_algos.ts(24934,13): error TS1005: ';' expected.
data/algos/generated_striver_algos.ts(24938,15): error TS1005: ';' expected.
data/algos/generated_striver_algos.ts(24971,3): error TS1109: Expression expected.
data/algos/generated_striver_algos.ts(24971,4): error TS1128: Declaration or statement expected.
data/algos/generated_striver_algos.ts(24974,10): error TS1005: ';' expected.
data/algos/generated_striver_algos.ts(24975,10): error TS1005: ';' expected.
data/algos/generated_striver_algos.ts(24976,13): error TS1005: ';' expected.
data/algos/generated_striver_algos.ts(24977,19): error TS1005: ';' expected.
data/algos/generated_striver_algos.ts(24978,15): error TS1005: ';' expected.
data/algos/generated_striver_algos.ts(24979,13): error TS1005: ';' expected.
data/algos/generated_striver_algos.ts(24981,17): error TS1005: ';' expected.
data/algos/generated_striver_algos.ts(24982,13): error TS1005: ';' expected.
data/algos/generated_striver_algos.ts(24986,15): error TS1005: ';' expected.
data/algos/generated_striver_algos.ts(25009,3): error TS1109: Expression expected.
data/algos/generated_striver_algos.ts(25009,4): error TS1128: Declaration or statement expected.
data/algos/generated_striver_algos.ts(25012,10): error TS1005: ';' expected.
data/algos/generated_striver_algos.ts(25013,10): error TS1005: ';' expected.
data/algos/generated_striver_algos.ts(25014,13): error TS1005: ';' expected.
data/algos/generated_striver_algos.ts(25015,19): error TS1005: ';' expected.
data/algos/generated_striver_algos.ts(25016,15): error TS1005: ';' expected.
data/algos/generated_striver_algos.ts(25017,13): error TS1005: ';' expected.
data/algos/generated_striver_algos.ts(25019,17): error TS1005: ';' expected.
data/algos/generated_striver_algos.ts(25020,13): error TS1005: ';' expected.
data/algos/generated_striver_algos.ts(25023,15): error TS1005: ';' expected.
data/algos/generated_striver_algos.ts(25045,3): error TS1109: Expression expected.
data/algos/generated_striver_algos.ts(25045,4): error TS1128: Declaration or statement expected.
data/algos/generated_striver_algos.ts(25048,10): error TS1005: ';' expected.
data/algos/generated_striver_algos.ts(25049,10): error TS1005: ';' expected.
data/algos/generated_striver_algos.ts(25050,13): error TS1005: ';' expected.
data/algos/generated_striver_algos.ts(25051,19): error TS1005: ';' expected.
data/algos/generated_striver_algos.ts(25052,15): error TS1005: ';' expected.
data/algos/generated_striver_algos.ts(25053,13): error TS1005: ';' expected.
data/algos/generated_striver_algos.ts(25055,17): error TS1005: ';' expected.
data/algos/generated_striver_algos.ts(25056,13): error TS1005: ';' expected.
data/algos/generated_striver_algos.ts(25059,15): error TS1005: ';' expected.
data/algos/generated_striver_algos.ts(25084,3): error TS1109: Expression expected.
data/algos/generated_striver_algos.ts(25084,4): error TS1128: Declaration or statement expected.
data/algos/generated_striver_algos.ts(25087,10): error TS1005: ';' expected.
data/algos/generated_striver_algos.ts(25088,10): error TS1005: ';' expected.
data/algos/generated_striver_algos.ts(25089,13): error TS1005: ';' expected.
data/algos/generated_striver_algos.ts(25090,19): error TS1005: ';' expected.
data/algos/generated_striver_algos.ts(25091,15): error TS1005: ';' expected.
data/algos/generated_striver_algos.ts(25092,13): error TS1005: ';' expected.
data/algos/generated_striver_algos.ts(25094,17): error TS1005: ';' expected.
data/algos/generated_striver_algos.ts(25095,13): error TS1005: ';' expected.
data/algos/generated_striver_algos.ts(25098,15): error TS1005: ';' expected.
data/algos/generated_striver_algos.ts(25127,3): error TS1109: Expression expected.
data/algos/generated_striver_algos.ts(25127,4): error TS1128: Declaration or statement expected.
data/algos/generated_striver_algos.ts(25130,10): error TS1005: ';' expected.
data/algos/generated_striver_algos.ts(25131,10): error TS1005: ';' expected.
data/algos/generated_striver_algos.ts(25132,13): error TS1005: ';' expected.
data/algos/generated_striver_algos.ts(25133,19): error TS1005: ';' expected.
data/algos/generated_striver_algos.ts(25134,15): error TS1005: ';' expected.
data/algos/generated_striver_algos.ts(25135,13): error TS1005: ';' expected.
data/algos/generated_striver_algos.ts(25137,17): error TS1005: ';' expected.
data/algos/generated_striver_algos.ts(25138,13): error TS1005: ';' expected.
data/algos/generated_striver_algos.ts(25141,15): error TS1005: ';' expected.
data/algos/generated_striver_algos.ts(25168,3): error TS1109: Expression expected.
data/algos/generated_striver_algos.ts(25168,4): error TS1128: Declaration or statement expected.
data/algos/generated_striver_algos.ts(25171,10): error TS1005: ';' expected.
data/algos/generated_striver_algos.ts(25172,10): error TS1005: ';' expected.
data/algos/generated_striver_algos.ts(25173,13): error TS1005: ';' expected.
data/algos/generated_striver_algos.ts(25174,19): error TS1005: ';' expected.
data/algos/generated_striver_algos.ts(25175,15): error TS1005: ';' expected.
data/algos/generated_striver_algos.ts(25176,13): error TS1005: ';' expected.
data/algos/generated_striver_algos.ts(25178,17): error TS1005: ';' expected.
data/algos/generated_striver_algos.ts(25179,13): error TS1005: ';' expected.
data/algos/generated_striver_algos.ts(25182,15): error TS1005: ';' expected.
data/algos/generated_striver_algos.ts(25205,3): error TS1109: Expression expected.
data/algos/generated_striver_algos.ts(25205,4): error TS1128: Declaration or statement expected.
data/algos/generated_striver_algos.ts(25208,10): error TS1005: ';' expected.
data/algos/generated_striver_algos.ts(25209,10): error TS1005: ';' expected.
data/algos/generated_striver_algos.ts(25210,13): error TS1005: ';' expected.
data/algos/generated_striver_algos.ts(25211,19): error TS1005: ';' expected.
data/algos/generated_striver_algos.ts(25212,15): error TS1005: ';' expected.
data/algos/generated_striver_algos.ts(25213,13): error TS1005: ';' expected.
data/algos/generated_striver_algos.ts(25215,17): error TS1005: ';' expected.
data/algos/generated_striver_algos.ts(25216,13): error TS1005: ';' expected.
data/algos/generated_striver_algos.ts(25220,15): error TS1005: ';' expected.
data/algos/generated_striver_algos.ts(25247,3): error TS1109: Expression expected.
data/algos/generated_striver_algos.ts(25247,4): error TS1128: Declaration or statement expected.
data/algos/generated_striver_algos.ts(25250,10): error TS1005: ';' expected.
data/algos/generated_striver_algos.ts(25251,10): error TS1005: ';' expected.
data/algos/generated_striver_algos.ts(25252,13): error TS1005: ';' expected.
data/algos/generated_striver_algos.ts(25253,19): error TS1005: ';' expected.
data/algos/generated_striver_algos.ts(25254,15): error TS1005: ';' expected.
data/algos/generated_striver_algos.ts(25255,13): error TS1005: ';' expected.
data/algos/generated_striver_algos.ts(25257,17): error TS1005: ';' expected.
data/algos/generated_striver_algos.ts(25258,13): error TS1005: ';' expected.
data/algos/generated_striver_algos.ts(25261,15): error TS1005: ';' expected.
data/algos/generated_striver_algos.ts(25296,3): error TS1109: Expression expected.
data/algos/generated_striver_algos.ts(25296,4): error TS1128: Declaration or statement expected.
data/algos/generated_striver_algos.ts(25299,10): error TS1005: ';' expected.
data/algos/generated_striver_algos.ts(25300,10): error TS1005: ';' expected.
data/algos/generated_striver_algos.ts(25301,13): error TS1005: ';' expected.
data/algos/generated_striver_algos.ts(25302,19): error TS1005: ';' expected.
data/algos/generated_striver_algos.ts(25303,15): error TS1005: ';' expected.
data/algos/generated_striver_algos.ts(25304,13): error TS1005: ';' expected.
data/algos/generated_striver_algos.ts(25306,17): error TS1005: ';' expected.
data/algos/generated_striver_algos.ts(25307,13): error TS1005: ';' expected.
data/algos/generated_striver_algos.ts(25310,15): error TS1005: ';' expected.
data/algos/generated_striver_algos.ts(25347,3): error TS1109: Expression expected.
data/algos/generated_striver_algos.ts(25347,4): error TS1128: Declaration or statement expected.
data/algos/generated_striver_algos.ts(25350,10): error TS1005: ';' expected.
data/algos/generated_striver_algos.ts(25351,10): error TS1005: ';' expected.
data/algos/generated_striver_algos.ts(25352,13): error TS1005: ';' expected.
data/algos/generated_striver_algos.ts(25353,19): error TS1005: ';' expected.
data/algos/generated_striver_algos.ts(25354,15): error TS1005: ';' expected.
data/algos/generated_striver_algos.ts(25355,13): error TS1005: ';' expected.
data/algos/generated_striver_algos.ts(25357,17): error TS1005: ';' expected.
data/algos/generated_striver_algos.ts(25358,13): error TS1005: ';' expected.
data/algos/generated_striver_algos.ts(25362,15): error TS1005: ';' expected.
data/algos/generated_striver_algos.ts(25390,3): error TS1109: Expression expected.
data/algos/generated_striver_algos.ts(25390,4): error TS1128: Declaration or statement expected.
data/algos/generated_striver_algos.ts(25393,10): error TS1005: ';' expected.
data/algos/generated_striver_algos.ts(25394,10): error TS1005: ';' expected.
data/algos/generated_striver_algos.ts(25395,13): error TS1005: ';' expected.
data/algos/generated_striver_algos.ts(25396,19): error TS1005: ';' expected.
data/algos/generated_striver_algos.ts(25397,15): error TS1005: ';' expected.
data/algos/generated_striver_algos.ts(25398,13): error TS1005: ';' expected.
data/algos/generated_striver_algos.ts(25400,17): error TS1005: ';' expected.
data/algos/generated_striver_algos.ts(25401,13): error TS1005: ';' expected.
data/algos/generated_striver_algos.ts(25404,15): error TS1005: ';' expected.
data/algos/generated_striver_algos.ts(25440,3): error TS1109: Expression expected.
data/algos/generated_striver_algos.ts(25440,4): error TS1128: Declaration or statement expected.
data/algos/generated_striver_algos.ts(25443,10): error TS1005: ';' expected.
data/algos/generated_striver_algos.ts(25444,10): error TS1005: ';' expected.
data/algos/generated_striver_algos.ts(25445,13): error TS1005: ';' expected.
data/algos/generated_striver_algos.ts(25446,19): error TS1005: ';' expected.
data/algos/generated_striver_algos.ts(25447,15): error TS1005: ';' expected.
data/algos/generated_striver_algos.ts(25448,13): error TS1005: ';' expected.
data/algos/generated_striver_algos.ts(25450,17): error TS1005: ';' expected.
data/algos/generated_striver_algos.ts(25451,13): error TS1005: ';' expected.
data/algos/generated_striver_algos.ts(25454,15): error TS1005: ';' expected.
data/algos/generated_striver_algos.ts(25487,3): error TS1109: Expression expected.
data/algos/generated_striver_algos.ts(25487,4): error TS1128: Declaration or statement expected.
data/algos/generated_striver_algos.ts(25490,10): error TS1005: ';' expected.
data/algos/generated_striver_algos.ts(25491,10): error TS1005: ';' expected.
data/algos/generated_striver_algos.ts(25492,13): error TS1005: ';' expected.
data/algos/generated_striver_algos.ts(25493,19): error TS1005: ';' expected.
data/algos/generated_striver_algos.ts(25494,15): error TS1005: ';' expected.
data/algos/generated_striver_algos.ts(25495,13): error TS1005: ';' expected.
data/algos/generated_striver_algos.ts(25497,17): error TS1005: ';' expected.
data/algos/generated_striver_algos.ts(25498,13): error TS1005: ';' expected.
data/algos/generated_striver_algos.ts(25502,15): error TS1005: ';' expected.
data/algos/generated_striver_algos.ts(25528,3): error TS1109: Expression expected.
data/algos/generated_striver_algos.ts(25528,4): error TS1128: Declaration or statement expected.
data/algos/generated_striver_algos.ts(25531,10): error TS1005: ';' expected.
data/algos/generated_striver_algos.ts(25532,10): error TS1005: ';' expected.
data/algos/generated_striver_algos.ts(25533,13): error TS1005: ';' expected.
data/algos/generated_striver_algos.ts(25534,19): error TS1005: ';' expected.
data/algos/generated_striver_algos.ts(25535,15): error TS1005: ';' expected.
data/algos/generated_striver_algos.ts(25536,13): error TS1005: ';' expected.
data/algos/generated_striver_algos.ts(25538,17): error TS1005: ';' expected.
data/algos/generated_striver_algos.ts(25539,13): error TS1005: ';' expected.
data/algos/generated_striver_algos.ts(25542,15): error TS1005: ';' expected.
data/algos/generated_striver_algos.ts(25572,3): error TS1109: Expression expected.
data/algos/generated_striver_algos.ts(25572,4): error TS1128: Declaration or statement expected.
data/algos/generated_striver_algos.ts(25575,10): error TS1005: ';' expected.
data/algos/generated_striver_algos.ts(25576,10): error TS1005: ';' expected.
data/algos/generated_striver_algos.ts(25577,13): error TS1005: ';' expected.
data/algos/generated_striver_algos.ts(25578,19): error TS1005: ';' expected.
data/algos/generated_striver_algos.ts(25579,15): error TS1005: ';' expected.
data/algos/generated_striver_algos.ts(25580,13): error TS1005: ';' expected.
data/algos/generated_striver_algos.ts(25582,17): error TS1005: ';' expected.
data/algos/generated_striver_algos.ts(25583,13): error TS1005: ';' expected.
data/algos/generated_striver_algos.ts(25586,15): error TS1005: ';' expected.
data/algos/generated_striver_algos.ts(25615,3): error TS1109: Expression expected.
data/algos/generated_striver_algos.ts(25615,4): error TS1128: Declaration or statement expected.
data/algos/generated_striver_algos.ts(25618,10): error TS1005: ';' expected.
data/algos/generated_striver_algos.ts(25619,10): error TS1005: ';' expected.
data/algos/generated_striver_algos.ts(25620,13): error TS1005: ';' expected.
data/algos/generated_striver_algos.ts(25621,19): error TS1005: ';' expected.
data/algos/generated_striver_algos.ts(25622,15): error TS1005: ';' expected.
data/algos/generated_striver_algos.ts(25623,13): error TS1005: ';' expected.
data/algos/generated_striver_algos.ts(25625,17): error TS1005: ';' expected.
data/algos/generated_striver_algos.ts(25626,13): error TS1005: ';' expected.
data/algos/generated_striver_algos.ts(25630,15): error TS1005: ';' expected.
data/algos/generated_striver_algos.ts(25674,3): error TS1109: Expression expected.
data/algos/generated_striver_algos.ts(25674,4): error TS1128: Declaration or statement expected.
data/algos/generated_striver_algos.ts(25677,10): error TS1005: ';' expected.
data/algos/generated_striver_algos.ts(25678,10): error TS1005: ';' expected.
data/algos/generated_striver_algos.ts(25679,13): error TS1005: ';' expected.
data/algos/generated_striver_algos.ts(25680,19): error TS1005: ';' expected.
data/algos/generated_striver_algos.ts(25681,15): error TS1005: ';' expected.
data/algos/generated_striver_algos.ts(25682,13): error TS1005: ';' expected.
data/algos/generated_striver_algos.ts(25684,17): error TS1005: ';' expected.
data/algos/generated_striver_algos.ts(25685,13): error TS1005: ';' expected.
data/algos/generated_striver_algos.ts(25688,15): error TS1005: ';' expected.
data/algos/generated_striver_algos.ts(25717,3): error TS1109: Expression expected.
data/algos/generated_striver_algos.ts(25717,4): error TS1128: Declaration or statement expected.
data/algos/generated_striver_algos.ts(25720,10): error TS1005: ';' expected.
data/algos/generated_striver_algos.ts(25721,10): error TS1005: ';' expected.
data/algos/generated_striver_algos.ts(25722,13): error TS1005: ';' expected.
data/algos/generated_striver_algos.ts(25723,19): error TS1005: ';' expected.
data/algos/generated_striver_algos.ts(25724,15): error TS1005: ';' expected.
data/algos/generated_striver_algos.ts(25725,13): error TS1005: ';' expected.
data/algos/generated_striver_algos.ts(25727,17): error TS1005: ';' expected.
data/algos/generated_striver_algos.ts(25728,13): error TS1005: ';' expected.
data/algos/generated_striver_algos.ts(25731,15): error TS1005: ';' expected.
data/algos/generated_striver_algos.ts(25756,3): error TS1109: Expression expected.
data/algos/generated_striver_algos.ts(25756,4): error TS1128: Declaration or statement expected.
data/algos/generated_striver_algos.ts(25759,10): error TS1005: ';' expected.
data/algos/generated_striver_algos.ts(25760,10): error TS1005: ';' expected.
data/algos/generated_striver_algos.ts(25761,13): error TS1005: ';' expected.
data/algos/generated_striver_algos.ts(25762,19): error TS1005: ';' expected.
data/algos/generated_striver_algos.ts(25763,15): error TS1005: ';' expected.
data/algos/generated_striver_algos.ts(25764,13): error TS1005: ';' expected.
data/algos/generated_striver_algos.ts(25766,17): error TS1005: ';' expected.
data/algos/generated_striver_algos.ts(25767,13): error TS1005: ';' expected.
data/algos/generated_striver_algos.ts(25771,15): error TS1005: ';' expected.
data/algos/generated_striver_algos.ts(25826,3): error TS1109: Expression expected.
data/algos/generated_striver_algos.ts(25826,4): error TS1128: Declaration or statement expected.
data/algos/generated_striver_algos.ts(25829,10): error TS1005: ';' expected.
data/algos/generated_striver_algos.ts(25830,10): error TS1005: ';' expected.
data/algos/generated_striver_algos.ts(25831,13): error TS1005: ';' expected.
data/algos/generated_striver_algos.ts(25832,19): error TS1005: ';' expected.
data/algos/generated_striver_algos.ts(25833,15): error TS1005: ';' expected.
data/algos/generated_striver_algos.ts(25834,13): error TS1005: ';' expected.
data/algos/generated_striver_algos.ts(25836,17): error TS1005: ';' expected.
data/algos/generated_striver_algos.ts(25837,13): error TS1005: ';' expected.
data/algos/generated_striver_algos.ts(25840,15): error TS1005: ';' expected.
data/algos/generated_striver_algos.ts(25883,3): error TS1109: Expression expected.
data/algos/generated_striver_algos.ts(25883,4): error TS1128: Declaration or statement expected.
data/algos/generated_striver_algos.ts(25886,10): error TS1005: ';' expected.
data/algos/generated_striver_algos.ts(25887,10): error TS1005: ';' expected.
data/algos/generated_striver_algos.ts(25888,13): error TS1005: ';' expected.
data/algos/generated_striver_algos.ts(25889,19): error TS1005: ';' expected.
data/algos/generated_striver_algos.ts(25890,15): error TS1005: ';' expected.
data/algos/generated_striver_algos.ts(25891,13): error TS1005: ';' expected.
data/algos/generated_striver_algos.ts(25893,17): error TS1005: ';' expected.
data/algos/generated_striver_algos.ts(25894,13): error TS1005: ';' expected.
data/algos/generated_striver_algos.ts(25897,15): error TS1005: ';' expected.
data/algos/generated_striver_algos.ts(25925,3): error TS1109: Expression expected.
data/algos/generated_striver_algos.ts(25925,4): error TS1128: Declaration or statement expected.
data/algos/generated_striver_algos.ts(25928,10): error TS1005: ';' expected.
data/algos/generated_striver_algos.ts(25929,10): error TS1005: ';' expected.
data/algos/generated_striver_algos.ts(25930,13): error TS1005: ';' expected.
data/algos/generated_striver_algos.ts(25931,19): error TS1005: ';' expected.
data/algos/generated_striver_algos.ts(25932,15): error TS1005: ';' expected.
data/algos/generated_striver_algos.ts(25933,13): error TS1005: ';' expected.
data/algos/generated_striver_algos.ts(25935,17): error TS1005: ';' expected.
data/algos/generated_striver_algos.ts(25936,13): error TS1005: ';' expected.
data/algos/generated_striver_algos.ts(25939,15): error TS1005: ';' expected.
data/algos/generated_striver_algos.ts(25963,3): error TS1109: Expression expected.
data/algos/generated_striver_algos.ts(25963,4): error TS1128: Declaration or statement expected.
data/algos/generated_striver_algos.ts(25966,10): error TS1005: ';' expected.
data/algos/generated_striver_algos.ts(25967,10): error TS1005: ';' expected.
data/algos/generated_striver_algos.ts(25968,13): error TS1005: ';' expected.
data/algos/generated_striver_algos.ts(25969,19): error TS1005: ';' expected.
data/algos/generated_striver_algos.ts(25970,15): error TS1005: ';' expected.
data/algos/generated_striver_algos.ts(25971,13): error TS1005: ';' expected.
data/algos/generated_striver_algos.ts(25973,17): error TS1005: ';' expected.
data/algos/generated_striver_algos.ts(25974,13): error TS1005: ';' expected.
data/algos/generated_striver_algos.ts(25977,15): error TS1005: ';' expected.
data/algos/generated_striver_algos.ts(26016,3): error TS1109: Expression expected.
data/algos/generated_striver_algos.ts(26016,4): error TS1128: Declaration or statement expected.
data/algos/generated_striver_algos.ts(26019,10): error TS1005: ';' expected.
data/algos/generated_striver_algos.ts(26020,10): error TS1005: ';' expected.
data/algos/generated_striver_algos.ts(26021,13): error TS1005: ';' expected.
data/algos/generated_striver_algos.ts(26022,19): error TS1005: ';' expected.
data/algos/generated_striver_algos.ts(26023,15): error TS1005: ';' expected.
data/algos/generated_striver_algos.ts(26024,13): error TS1005: ';' expected.
data/algos/generated_striver_algos.ts(26026,17): error TS1005: ';' expected.
data/algos/generated_striver_algos.ts(26027,13): error TS1005: ';' expected.
data/algos/generated_striver_algos.ts(26030,15): error TS1005: ';' expected.
data/algos/generated_striver_algos.ts(26076,3): error TS1109: Expression expected.
data/algos/generated_striver_algos.ts(26077,1): error TS1128: Declaration or statement expected.
